 playsine

 Timestamp is 54dd9839 (Fri Feb 13 14:22:49 2015)

 Preferred load address is 00400000

 Start         Length     Name                   Class
 0001:00000000 00059179H .textbss                DATA
 0002:00000000 000b75b7H .text$mn                CODE
 0002:000b75c0 00001161H .text$x                 CODE
 0003:00000000 00000104H .CRT$XCA                DATA
 0003:00000104 00000104H .CRT$XCZ                DATA
 0003:00000208 00000104H .CRT$XIA                DATA
 0003:0000030c 0000011cH .CRT$XIC                DATA
 0003:00000428 00000104H .CRT$XIY                DATA
 0003:0000052c 00000104H .CRT$XIZ                DATA
 0003:00000630 00000104H .CRT$XPA                DATA
 0003:00000734 00000109H .CRT$XPX                DATA
 0003:00000840 00000104H .CRT$XPXA               DATA
 0003:00000944 00000104H .CRT$XPZ                DATA
 0003:00000a48 00000104H .CRT$XTA                DATA
 0003:00000b4c 00000104H .CRT$XTZ                DATA
 0003:00000c50 00032372H .rdata                  DATA
 0003:00032fc4 000001c9H .rdata$debug            DATA
 0003:00033190 00000563H .rdata$r                DATA
 0003:000336f4 00000104H .rtc$IAA                DATA
 0003:000337f8 00000104H .rtc$IZZ                DATA
 0003:000338fc 00000104H .rtc$TAA                DATA
 0003:00033a00 00000104H .rtc$TZZ                DATA
 0003:00033b08 00000e4eH .xdata$x                DATA
 0003:00034956 00000000H .edata                  DATA
 0004:00000000 0000710bH .data                   DATA
 0004:0000710c 00000293H .data$r                 DATA
 0004:000073a0 00003c24H .bss                    DATA
 0005:00000000 000003b8H .idata$5                DATA
 0005:000003b8 00000050H .idata$2                DATA
 0005:00000408 00000014H .idata$3                DATA
 0005:0000041c 000003b8H .idata$4                DATA
 0005:000007d4 00000c04H .idata$6                DATA

  Address         Publics by Value              Rva+Base       Lib:Object

 0000:00000000       ___safe_se_handler_count   00000000     <absolute>
 0000:00000000       ___safe_se_handler_table   00000000     <absolute>
 0000:00000000       ___guard_fids_table        00000000     <absolute>
 0000:00000000       __except_list              00000000     <absolute>
 0000:00000000       ___guard_flags             00000000     <absolute>
 0000:00000000       ___guard_fids_count        00000000     <absolute>
 0000:00000000       ___ImageBase               00400000     <linker-defined>
 0001:00000000       __enc$textbss$begin        00401000     <linker-defined>
 0001:00059179       __enc$textbss$end          0045a179     <linker-defined>
 0002:00005200       _main                      00460200 f   playsine.obj
 0002:00005900       _pjmedia_port_destroy      00460900 f   pjmedia-i386-win32-vc8-debug:port.obj
 0002:00005990       _pjmedia_port_get_clock_src 00460990 f   pjmedia-i386-win32-vc8-debug:port.obj
 0002:000059e0       _pjmedia_port_get_frame    004609e0 f   pjmedia-i386-win32-vc8-debug:port.obj
 0002:00005a80       _pjmedia_port_info_init    00460a80 f   pjmedia-i386-win32-vc8-debug:port.obj
 0002:00005b50       _pjmedia_port_info_init2   00460b50 f   pjmedia-i386-win32-vc8-debug:port.obj
 0002:00005bc0       _pjmedia_port_put_frame    00460bc0 f   pjmedia-i386-win32-vc8-debug:port.obj
 0002:000060a0       _pjmedia_endpt_atexit      004610a0 f   pjmedia-i386-win32-vc8-debug:endpoint.obj
 0002:00006170       _pjmedia_endpt_create      00461170 f   pjmedia-i386-win32-vc8-debug:endpoint.obj
 0002:00006520       _pjmedia_endpt_create_audio_sdp 00461520 f   pjmedia-i386-win32-vc8-debug:endpoint.obj
 0002:00006d90       _pjmedia_endpt_create_base_sdp 00461d90 f   pjmedia-i386-win32-vc8-debug:endpoint.obj
 0002:00007020       _pjmedia_endpt_create_pool 00462020 f   pjmedia-i386-win32-vc8-debug:endpoint.obj
 0002:00007090       _pjmedia_endpt_create_sdp  00462090 f   pjmedia-i386-win32-vc8-debug:endpoint.obj
 0002:00007220       _pjmedia_endpt_destroy     00462220 f   pjmedia-i386-win32-vc8-debug:endpoint.obj
 0002:00007310       _pjmedia_endpt_dump        00462310 f   pjmedia-i386-win32-vc8-debug:endpoint.obj
 0002:000076a0       _pjmedia_endpt_get_codec_mgr 004626a0 f   pjmedia-i386-win32-vc8-debug:endpoint.obj
 0002:000076c0       _pjmedia_endpt_get_flag    004626c0 f   pjmedia-i386-win32-vc8-debug:endpoint.obj
 0002:00007750       _pjmedia_endpt_get_ioqueue 00462750 f   pjmedia-i386-win32-vc8-debug:endpoint.obj
 0002:000077b0       _pjmedia_endpt_get_thread  004627b0 f   pjmedia-i386-win32-vc8-debug:endpoint.obj
 0002:00007860       _pjmedia_endpt_get_thread_count 00462860 f   pjmedia-i386-win32-vc8-debug:endpoint.obj
 0002:000078c0       _pjmedia_endpt_set_flag    004628c0 f   pjmedia-i386-win32-vc8-debug:endpoint.obj
 0002:00007950       _pjmedia_endpt_stop_threads 00462950 f   pjmedia-i386-win32-vc8-debug:endpoint.obj
 0002:00007bc0       _pjmedia_snd_port_connect  00462bc0 f   pjmedia-i386-win32-vc8-debug:sound_port.obj
 0002:00007cd0       _pjmedia_snd_port_create   00462cd0 f   pjmedia-i386-win32-vc8-debug:sound_port.obj
 0002:00007da0       _pjmedia_snd_port_create2  00462da0 f   pjmedia-i386-win32-vc8-debug:sound_port.obj
 0002:00007ff0       _pjmedia_snd_port_create_player 00462ff0 f   pjmedia-i386-win32-vc8-debug:sound_port.obj
 0002:000080b0       _pjmedia_snd_port_create_rec 004630b0 f   pjmedia-i386-win32-vc8-debug:sound_port.obj
 0002:00008170       _pjmedia_snd_port_destroy  00463170 f   pjmedia-i386-win32-vc8-debug:sound_port.obj
 0002:000081e0       _pjmedia_snd_port_disconnect 004631e0 f   pjmedia-i386-win32-vc8-debug:sound_port.obj
 0002:00008250       _pjmedia_snd_port_get_clock_src 00463250 f   pjmedia-i386-win32-vc8-debug:sound_port.obj
 0002:00008290       _pjmedia_snd_port_get_ec_tail 00463290 f   pjmedia-i386-win32-vc8-debug:sound_port.obj
 0002:000083e0       _pjmedia_snd_port_get_port 004633e0 f   pjmedia-i386-win32-vc8-debug:sound_port.obj
 0002:00008440       _pjmedia_snd_port_get_snd_stream 00463440 f   pjmedia-i386-win32-vc8-debug:sound_port.obj
 0002:000084a0       _pjmedia_snd_port_param_default 004634a0 f   pjmedia-i386-win32-vc8-debug:sound_port.obj
 0002:000084d0       _pjmedia_snd_port_set_ec   004634d0 f   pjmedia-i386-win32-vc8-debug:sound_port.obj
 0002:00009080       _pjmedia_format_copy       00464080 f   pjmedia-i386-win32-vc8-debug:format.obj
 0002:000090b0       _pjmedia_format_get_audio_format_detail 004640b0 f   pjmedia-i386-win32-vc8-debug:format.obj
 0002:00009210       _pjmedia_codec_info_to_id  00464210 f   pjmedia-i386-win32-vc8-debug:codec.obj
 0002:000092f0       _pjmedia_codec_mgr_alloc_codec 004642f0 f   pjmedia-i386-win32-vc8-debug:codec.obj
 0002:00009430       _pjmedia_codec_mgr_dealloc_codec 00464430 f   pjmedia-i386-win32-vc8-debug:codec.obj
 0002:000094c0       _pjmedia_codec_mgr_destroy 004644c0 f   pjmedia-i386-win32-vc8-debug:codec.obj
 0002:00009630       _pjmedia_codec_mgr_enum_codecs 00464630 f   pjmedia-i386-win32-vc8-debug:codec.obj
 0002:00009780       _pjmedia_codec_mgr_find_codecs_by_id 00464780 f   pjmedia-i386-win32-vc8-debug:codec.obj
 0002:00009920       _pjmedia_codec_mgr_get_codec_info 00464920 f   pjmedia-i386-win32-vc8-debug:codec.obj
 0002:00009a40       _pjmedia_codec_mgr_get_default_param 00464a40 f   pjmedia-i386-win32-vc8-debug:codec.obj
 0002:00009cc0       _pjmedia_codec_mgr_init    00464cc0 f   pjmedia-i386-win32-vc8-debug:codec.obj
 0002:00009dd0       _pjmedia_codec_mgr_register_factory 00464dd0 f   pjmedia-i386-win32-vc8-debug:codec.obj
 0002:0000a090       _pjmedia_codec_mgr_set_codec_priority 00465090 f   pjmedia-i386-win32-vc8-debug:codec.obj
 0002:0000a1e0       _pjmedia_codec_mgr_set_default_param 004651e0 f   pjmedia-i386-win32-vc8-debug:codec.obj
 0002:0000a490       _pjmedia_codec_mgr_unregister_factory 00465490 f   pjmedia-i386-win32-vc8-debug:codec.obj
 0002:0000a650       _pjmedia_codec_param_clone 00465650 f   pjmedia-i386-win32-vc8-debug:codec.obj
 0002:0000b6a0       _pjmedia_sdp_attr_add      004666a0 f   pjmedia-i386-win32-vc8-debug:sdp.obj
 0002:0000b780       _pjmedia_sdp_attr_clone    00466780 f   pjmedia-i386-win32-vc8-debug:sdp.obj
 0002:0000b830       _pjmedia_sdp_attr_create   00466830 f   pjmedia-i386-win32-vc8-debug:sdp.obj
 0002:0000b900       _pjmedia_sdp_attr_create_rtcp 00466900 f   pjmedia-i386-win32-vc8-debug:sdp.obj
 0002:0000ba80       _pjmedia_sdp_attr_find     00466a80 f   pjmedia-i386-win32-vc8-debug:sdp.obj
 0002:0000bb50       _pjmedia_sdp_attr_find2    00466b50 f   pjmedia-i386-win32-vc8-debug:sdp.obj
 0002:0000bba0       _pjmedia_sdp_attr_get_fmtp 00466ba0 f   pjmedia-i386-win32-vc8-debug:sdp.obj
 0002:0000bce0       _pjmedia_sdp_attr_get_rtcp 00466ce0 f   pjmedia-i386-win32-vc8-debug:sdp.obj
 0002:0000bef0       _pjmedia_sdp_attr_get_rtpmap 00466ef0 f   pjmedia-i386-win32-vc8-debug:sdp.obj
 0002:0000c260       _pjmedia_sdp_attr_remove   00467260 f   pjmedia-i386-win32-vc8-debug:sdp.obj
 0002:0000c370       _pjmedia_sdp_attr_remove_all 00467370 f   pjmedia-i386-win32-vc8-debug:sdp.obj
 0002:0000c490       _pjmedia_sdp_attr_to_rtpmap 00467490 f   pjmedia-i386-win32-vc8-debug:sdp.obj
 0002:0000c580       _pjmedia_sdp_bandw_clone   00467580 f   pjmedia-i386-win32-vc8-debug:sdp.obj
 0002:0000c5f0       _pjmedia_sdp_conn_clone    004675f0 f   pjmedia-i386-win32-vc8-debug:sdp.obj
 0002:0000c6b0       _pjmedia_sdp_media_add_attr 004676b0 f   pjmedia-i386-win32-vc8-debug:sdp.obj
 0002:0000c6f0       _pjmedia_sdp_media_clone   004676f0 f   pjmedia-i386-win32-vc8-debug:sdp.obj
 0002:0000ca50       _pjmedia_sdp_media_clone_deactivate 00467a50 f   pjmedia-i386-win32-vc8-debug:sdp.obj
 0002:0000cce0       _pjmedia_sdp_media_deactivate 00467ce0 f   pjmedia-i386-win32-vc8-debug:sdp.obj
 0002:0000cd50       _pjmedia_sdp_media_find_attr 00467d50 f   pjmedia-i386-win32-vc8-debug:sdp.obj
 0002:0000cde0       _pjmedia_sdp_media_find_attr2 00467de0 f   pjmedia-i386-win32-vc8-debug:sdp.obj
 0002:0000ce70       _pjmedia_sdp_media_remove_all_attr 00467e70 f   pjmedia-i386-win32-vc8-debug:sdp.obj
 0002:0000ceb0       _pjmedia_sdp_media_remove_attr 00467eb0 f   pjmedia-i386-win32-vc8-debug:sdp.obj
 0002:0000cef0       _pjmedia_sdp_parse         00467ef0 f   pjmedia-i386-win32-vc8-debug:sdp.obj
 0002:0000d570       _pjmedia_sdp_print         00468570 f   pjmedia-i386-win32-vc8-debug:sdp.obj
 0002:0000d5a0       _pjmedia_sdp_rtpmap_to_attr 004685a0 f   pjmedia-i386-win32-vc8-debug:sdp.obj
 0002:0000d820       _pjmedia_sdp_session_add_attr 00468820 f   pjmedia-i386-win32-vc8-debug:sdp.obj
 0002:0000d860       _pjmedia_sdp_session_clone 00468860 f   pjmedia-i386-win32-vc8-debug:sdp.obj
 0002:0000dba0       _pjmedia_sdp_transport_cmp 00468ba0 f   pjmedia-i386-win32-vc8-debug:sdp.obj
 0002:0000dc50       _pjmedia_sdp_validate      00468c50 f   pjmedia-i386-win32-vc8-debug:sdp.obj
 0002:0000dc80       _pjmedia_sdp_validate2     00468c80 f   pjmedia-i386-win32-vc8-debug:sdp.obj
 0002:0000eb70       _pjmedia_strerror          00469b70 f   pjmedia-i386-win32-vc8-debug:errno.obj
 0002:0000f050       _pjmedia_clock_create      0046a050 f   pjmedia-i386-win32-vc8-debug:clock_thread.obj
 0002:0000f0d0       _pjmedia_clock_create2     0046a0d0 f   pjmedia-i386-win32-vc8-debug:clock_thread.obj
 0002:0000f320       _pjmedia_clock_destroy     0046a320 f   pjmedia-i386-win32-vc8-debug:clock_thread.obj
 0002:0000f430       _pjmedia_clock_modify      0046a430 f   pjmedia-i386-win32-vc8-debug:clock_thread.obj
 0002:0000f4b0       _pjmedia_clock_src_get_current_timestamp 0046a4b0 f   pjmedia-i386-win32-vc8-debug:clock_thread.obj
 0002:0000f590       _pjmedia_clock_src_get_time_msec 0046a590 f   pjmedia-i386-win32-vc8-debug:clock_thread.obj
 0002:0000f630       _pjmedia_clock_src_init    0046a630 f   pjmedia-i386-win32-vc8-debug:clock_thread.obj
 0002:0000f6d0       _pjmedia_clock_src_update  0046a6d0 f   pjmedia-i386-win32-vc8-debug:clock_thread.obj
 0002:0000f760       _pjmedia_clock_start       0046a760 f   pjmedia-i386-win32-vc8-debug:clock_thread.obj
 0002:0000f890       _pjmedia_clock_stop        0046a890 f   pjmedia-i386-win32-vc8-debug:clock_thread.obj
 0002:0000f960       _pjmedia_clock_wait        0046a960 f   pjmedia-i386-win32-vc8-debug:clock_thread.obj
 0002:0000fcb0       _pjmedia_echo_cancel       0046acb0 f   pjmedia-i386-win32-vc8-debug:echo_common.obj
 0002:0000fd00       _pjmedia_echo_capture      0046ad00 f   pjmedia-i386-win32-vc8-debug:echo_common.obj
 0002:0000fe60       _pjmedia_echo_create       0046ae60 f   pjmedia-i386-win32-vc8-debug:echo_common.obj
 0002:0000feb0       _pjmedia_echo_create2      0046aeb0 f   pjmedia-i386-win32-vc8-debug:echo_common.obj
 0002:00010270       _pjmedia_echo_destroy      0046b270 f   pjmedia-i386-win32-vc8-debug:echo_common.obj
 0002:000102e0       _pjmedia_echo_playback     0046b2e0 f   pjmedia-i386-win32-vc8-debug:echo_common.obj
 0002:00010440       _pjmedia_echo_reset        0046b440 f   pjmedia-i386-win32-vc8-debug:echo_common.obj
 0002:000124d0       _get_libsrtp_errstr        0046d4d0 f   pjmedia-i386-win32-vc8-debug:transport_srtp.obj
 0002:00012a40       _pjmedia_srtp_init_lib     0046da40 f   pjmedia-i386-win32-vc8-debug:transport_srtp.obj
 0002:00012b10       _pjmedia_srtp_setting_default 0046db10 f   pjmedia-i386-win32-vc8-debug:transport_srtp.obj
 0002:00012ec0       _pjmedia_transport_srtp_create 0046dec0 f   pjmedia-i386-win32-vc8-debug:transport_srtp.obj
 0002:000132a0       _pjmedia_transport_srtp_decrypt_pkt 0046e2a0 f   pjmedia-i386-win32-vc8-debug:transport_srtp.obj
 0002:000134f0       _pjmedia_transport_srtp_get_member 0046e4f0 f   pjmedia-i386-win32-vc8-debug:transport_srtp.obj
 0002:00013560       _pjmedia_transport_srtp_start 0046e560 f   pjmedia-i386-win32-vc8-debug:transport_srtp.obj
 0002:00014000       _pjmedia_transport_srtp_stop 0046f000 f   pjmedia-i386-win32-vc8-debug:transport_srtp.obj
 0002:00014810       _echo_supp_cancel_echo     0046f810 f   pjmedia-i386-win32-vc8-debug:echo_suppress.obj
 0002:00014e30       _echo_supp_create          0046fe30 f   pjmedia-i386-win32-vc8-debug:echo_suppress.obj
 0002:00015090       _echo_supp_destroy         00470090 f   pjmedia-i386-win32-vc8-debug:echo_suppress.obj
 0002:000150b0       _echo_supp_reset           004700b0 f   pjmedia-i386-win32-vc8-debug:echo_suppress.obj
 0002:00015280       _echo_supp_soft_reset      00470280 f   pjmedia-i386-win32-vc8-debug:echo_suppress.obj
 0002:00016160       _speex_aec_cancel_echo     00471160 f   pjmedia-i386-win32-vc8-debug:echo_speex.obj
 0002:00016260       _speex_aec_capture         00471260 f   pjmedia-i386-win32-vc8-debug:echo_speex.obj
 0002:00016330       _speex_aec_create          00471330 f   pjmedia-i386-win32-vc8-debug:echo_speex.obj
 0002:00016550       _speex_aec_destroy         00471550 f   pjmedia-i386-win32-vc8-debug:echo_speex.obj
 0002:00016620       _speex_aec_playback        00471620 f   pjmedia-i386-win32-vc8-debug:echo_speex.obj
 0002:000166b0       _speex_aec_reset           004716b0 f   pjmedia-i386-win32-vc8-debug:echo_speex.obj
 0002:00016ce0       _pjmedia_delay_buf_create  00471ce0 f   pjmedia-i386-win32-vc8-debug:delaybuf.obj
 0002:00016f60       _pjmedia_delay_buf_destroy 00471f60 f   pjmedia-i386-win32-vc8-debug:delaybuf.obj
 0002:00017040       _pjmedia_delay_buf_get     00472040 f   pjmedia-i386-win32-vc8-debug:delaybuf.obj
 0002:000172d0       _pjmedia_delay_buf_put     004722d0 f   pjmedia-i386-win32-vc8-debug:delaybuf.obj
 0002:00017520       _pjmedia_delay_buf_reset   00472520 f   pjmedia-i386-win32-vc8-debug:delaybuf.obj
 0002:000179b0       _pjmedia_calc_avg_signal   004729b0 f   pjmedia-i386-win32-vc8-debug:silencedet.obj
 0002:00017a50       _pjmedia_silence_det_apply 00472a50 f   pjmedia-i386-win32-vc8-debug:silencedet.obj
 0002:00017e20       _pjmedia_silence_det_create 00472e20 f   pjmedia-i386-win32-vc8-debug:silencedet.obj
 0002:00017f20       _pjmedia_silence_det_detect 00472f20 f   pjmedia-i386-win32-vc8-debug:silencedet.obj
 0002:00017f80       _pjmedia_silence_det_disable 00472f80 f   pjmedia-i386-win32-vc8-debug:silencedet.obj
 0002:00017ff0       _pjmedia_silence_det_set_adaptive 00472ff0 f   pjmedia-i386-win32-vc8-debug:silencedet.obj
 0002:00018070       _pjmedia_silence_det_set_fixed 00473070 f   pjmedia-i386-win32-vc8-debug:silencedet.obj
 0002:000180f0       _pjmedia_silence_det_set_name 004730f0 f   pjmedia-i386-win32-vc8-debug:silencedet.obj
 0002:00018190       _pjmedia_silence_det_set_params 00473190 f   pjmedia-i386-win32-vc8-debug:silencedet.obj
 0002:000194b0       _pjmedia_wsola_create      004744b0 f   pjmedia-i386-win32-vc8-debug:wsola.obj
 0002:000198f0       _pjmedia_wsola_destroy     004748f0 f   pjmedia-i386-win32-vc8-debug:wsola.obj
 0002:00019910       _pjmedia_wsola_discard     00474910 f   pjmedia-i386-win32-vc8-debug:wsola.obj
 0002:00019e30       _pjmedia_wsola_generate    00474e30 f   pjmedia-i386-win32-vc8-debug:wsola.obj
 0002:00019f60       _pjmedia_wsola_reset       00474f60 f   pjmedia-i386-win32-vc8-debug:wsola.obj
 0002:0001a030       _pjmedia_wsola_save        00475030 f   pjmedia-i386-win32-vc8-debug:wsola.obj
 0002:0001a590       _pjmedia_wsola_set_max_expand 00475590 f   pjmedia-i386-win32-vc8-debug:wsola.obj
 0002:0001a820       _pj_cis_add_alpha          00475820 f   pjlib-util-i386-win32-vc8-debug:scanner.obj
 0002:0001a860       _pj_cis_add_cis            00475860 f   pjlib-util-i386-win32-vc8-debug:scanner.obj
 0002:0001a8f0       _pj_cis_add_num            004758f0 f   pjlib-util-i386-win32-vc8-debug:scanner.obj
 0002:0001a920       _pj_cis_add_range          00475920 f   pjlib-util-i386-win32-vc8-debug:scanner.obj
 0002:0001a9a0       _pj_cis_add_str            004759a0 f   pjlib-util-i386-win32-vc8-debug:scanner.obj
 0002:0001aa10       _pj_cis_buf_init           00475a10 f   pjlib-util-i386-win32-vc8-debug:scanner.obj
 0002:0001aa50       _pj_cis_del_range          00475a50 f   pjlib-util-i386-win32-vc8-debug:scanner.obj
 0002:0001aab0       _pj_cis_del_str            00475ab0 f   pjlib-util-i386-win32-vc8-debug:scanner.obj
 0002:0001ab20       _pj_cis_dup                00475b20 f   pjlib-util-i386-win32-vc8-debug:scanner.obj
 0002:0001ac10       _pj_cis_init               00475c10 f   pjlib-util-i386-win32-vc8-debug:scanner.obj
 0002:0001acb0       _pj_cis_invert             00475cb0 f   pjlib-util-i386-win32-vc8-debug:scanner.obj
 0002:0001ae70       _pj_scan_advance_n         00475e70 f   pjlib-util-i386-win32-vc8-debug:scanner.obj
 0002:0001aef0       _pj_scan_fini              00475ef0 f   pjlib-util-i386-win32-vc8-debug:scanner.obj
 0002:0001af20       _pj_scan_get               00475f20 f   pjlib-util-i386-win32-vc8-debug:scanner.obj
 0002:0001b020       _pj_scan_get_char          00476020 f   pjlib-util-i386-win32-vc8-debug:scanner.obj
 0002:0001b0a0       _pj_scan_get_n             004760a0 f   pjlib-util-i386-win32-vc8-debug:scanner.obj
 0002:0001b140       _pj_scan_get_newline       00476140 f   pjlib-util-i386-win32-vc8-debug:scanner.obj
 0002:0001b200       _pj_scan_get_quote         00476200 f   pjlib-util-i386-win32-vc8-debug:scanner.obj
 0002:0001b250       _pj_scan_get_quotes        00476250 f   pjlib-util-i386-win32-vc8-debug:scanner.obj
 0002:0001b470       _pj_scan_get_unescape      00476470 f   pjlib-util-i386-win32-vc8-debug:scanner.obj
 0002:0001b720       _pj_scan_get_until         00476720 f   pjlib-util-i386-win32-vc8-debug:scanner.obj
 0002:0001b7f0       _pj_scan_get_until_ch      004767f0 f   pjlib-util-i386-win32-vc8-debug:scanner.obj
 0002:0001b8b0       _pj_scan_get_until_chr     004768b0 f   pjlib-util-i386-win32-vc8-debug:scanner.obj
 0002:0001b9a0       _pj_scan_init              004769a0 f   pjlib-util-i386-win32-vc8-debug:scanner.obj
 0002:0001ba40       _pj_scan_peek              00476a40 f   pjlib-util-i386-win32-vc8-debug:scanner.obj
 0002:0001bae0       _pj_scan_peek_n            00476ae0 f   pjlib-util-i386-win32-vc8-debug:scanner.obj
 0002:0001bb50       _pj_scan_peek_until        00476b50 f   pjlib-util-i386-win32-vc8-debug:scanner.obj
 0002:0001bbf0       _pj_scan_restore_state     00476bf0 f   pjlib-util-i386-win32-vc8-debug:scanner.obj
 0002:0001bc30       _pj_scan_save_state        00476c30 f   pjlib-util-i386-win32-vc8-debug:scanner.obj
 0002:0001bc70       _pj_scan_skip_line         00476c70 f   pjlib-util-i386-win32-vc8-debug:scanner.obj
 0002:0001bcf0       _pj_scan_skip_whitespace   00476cf0 f   pjlib-util-i386-win32-vc8-debug:scanner.obj
 0002:0001bf50       _pj_scan_strcmp            00476f50 f   pjlib-util-i386-win32-vc8-debug:scanner.obj
 0002:0001bfb0       _pj_scan_stricmp           00476fb0 f   pjlib-util-i386-win32-vc8-debug:scanner.obj
 0002:0001c010       _pj_scan_stricmp_alnum     00477010 f   pjlib-util-i386-win32-vc8-debug:scanner.obj
 0002:0001c300       _pj_base64_decode          00477300 f   pjlib-util-i386-win32-vc8-debug:base64.obj
 0002:0001c670       _pj_base64_encode          00477670 f   pjlib-util-i386-win32-vc8-debug:base64.obj
 0002:0001ca00       _pj_atexit                 00477a00 f   pjlib-i386-win32-vc8-debug:os_core_win32.obj
 0002:0001ca50       _pj_atomic_add             00477a50 f   pjlib-i386-win32-vc8-debug:os_core_win32.obj
 0002:0001ca70       _pj_atomic_add_and_get     00477a70 f   pjlib-i386-win32-vc8-debug:os_core_win32.obj
 0002:0001caa0       _pj_atomic_create          00477aa0 f   pjlib-i386-win32-vc8-debug:os_core_win32.obj
 0002:0001caf0       _pj_atomic_dec             00477af0 f   pjlib-i386-win32-vc8-debug:os_core_win32.obj
 0002:0001cb20       _pj_atomic_dec_and_get     00477b20 f   pjlib-i386-win32-vc8-debug:os_core_win32.obj
 0002:0001cb60       _pj_atomic_destroy         00477b60 f   pjlib-i386-win32-vc8-debug:os_core_win32.obj
 0002:0001cbc0       _pj_atomic_get             00477bc0 f   pjlib-i386-win32-vc8-debug:os_core_win32.obj
 0002:0001cc30       _pj_atomic_inc             00477c30 f   pjlib-i386-win32-vc8-debug:os_core_win32.obj
 0002:0001cc60       _pj_atomic_inc_and_get     00477c60 f   pjlib-i386-win32-vc8-debug:os_core_win32.obj
 0002:0001ccb0       _pj_atomic_set             00477cb0 f   pjlib-i386-win32-vc8-debug:os_core_win32.obj
 0002:0001cda0       _pj_enter_critical_section 00477da0 f   pjlib-i386-win32-vc8-debug:os_core_win32.obj
 0002:0001cdd0       _pj_event_create           00477dd0 f   pjlib-i386-win32-vc8-debug:os_core_win32.obj
 0002:0001cfc0       _pj_event_destroy          00477fc0 f   pjlib-i386-win32-vc8-debug:os_core_win32.obj
 0002:0001d0b0       _pj_event_pulse            004780b0 f   pjlib-i386-win32-vc8-debug:os_core_win32.obj
 0002:0001d1a0       _pj_event_reset            004781a0 f   pjlib-i386-win32-vc8-debug:os_core_win32.obj
 0002:0001d290       _pj_event_set              00478290 f   pjlib-i386-win32-vc8-debug:os_core_win32.obj
 0002:0001d380       _pj_event_trywait          00478380 f   pjlib-i386-win32-vc8-debug:os_core_win32.obj
 0002:0001d3f0       _pj_event_wait             004783f0 f   pjlib-i386-win32-vc8-debug:os_core_win32.obj
 0002:0001d590       _pj_getpid                 00478590 f   pjlib-i386-win32-vc8-debug:os_core_win32.obj
 0002:0001d5d0       _pj_init                   004785d0 f   pjlib-i386-win32-vc8-debug:os_core_win32.obj
 0002:0001d830       _pj_leave_critical_section 00478830 f   pjlib-i386-win32-vc8-debug:os_core_win32.obj
 0002:0001d860       _pj_mutex_create           00478860 f   pjlib-i386-win32-vc8-debug:os_core_win32.obj
 0002:0001d920       _pj_mutex_create_recursive 00478920 f   pjlib-i386-win32-vc8-debug:os_core_win32.obj
 0002:0001d950       _pj_mutex_create_simple    00478950 f   pjlib-i386-win32-vc8-debug:os_core_win32.obj
 0002:0001d980       _pj_mutex_destroy          00478980 f   pjlib-i386-win32-vc8-debug:os_core_win32.obj
 0002:0001da10       _pj_mutex_is_locked        00478a10 f   pjlib-i386-win32-vc8-debug:os_core_win32.obj
 0002:0001da50       _pj_mutex_lock             00478a50 f   pjlib-i386-win32-vc8-debug:os_core_win32.obj
 0002:0001db20       _pj_mutex_trylock          00478b20 f   pjlib-i386-win32-vc8-debug:os_core_win32.obj
 0002:0001dc10       _pj_mutex_unlock           00478c10 f   pjlib-i386-win32-vc8-debug:os_core_win32.obj
 0002:0001dd10       _pj_run_app                00478d10 f   pjlib-i386-win32-vc8-debug:os_core_win32.obj
 0002:0001dd40       _pj_rwmutex_create         00478d40 f   pjlib-i386-win32-vc8-debug:os_core_win32.obj
 0002:0001de50       _pj_rwmutex_destroy        00478e50 f   pjlib-i386-win32-vc8-debug:os_core_win32.obj
 0002:0001ded0       _pj_rwmutex_lock_read      00478ed0 f   pjlib-i386-win32-vc8-debug:os_core_win32.obj
 0002:0001e000       _pj_rwmutex_lock_write     00479000 f   pjlib-i386-win32-vc8-debug:os_core_win32.obj
 0002:0001e070       _pj_rwmutex_unlock_read    00479070 f   pjlib-i386-win32-vc8-debug:os_core_win32.obj
 0002:0001e190       _pj_rwmutex_unlock_write   00479190 f   pjlib-i386-win32-vc8-debug:os_core_win32.obj
 0002:0001e230       _pj_sem_create             00479230 f   pjlib-i386-win32-vc8-debug:os_core_win32.obj
 0002:0001e3d0       _pj_sem_destroy            004793d0 f   pjlib-i386-win32-vc8-debug:os_core_win32.obj
 0002:0001e4c0       _pj_sem_post               004794c0 f   pjlib-i386-win32-vc8-debug:os_core_win32.obj
 0002:0001e5b0       _pj_sem_trywait            004795b0 f   pjlib-i386-win32-vc8-debug:os_core_win32.obj
 0002:0001e630       _pj_sem_wait               00479630 f   pjlib-i386-win32-vc8-debug:os_core_win32.obj
 0002:0001e7e0       _pj_shutdown               004797e0 f   pjlib-i386-win32-vc8-debug:os_core_win32.obj
 0002:0001e970       _pj_term_get_color         00479970 f   pjlib-i386-win32-vc8-debug:os_core_win32.obj
 0002:0001e9e0       _pj_term_set_color         004799e0 f   pjlib-i386-win32-vc8-debug:os_core_win32.obj
 0002:0001eab0       _pj_thread_check_stack     00479ab0 f   pjlib-i386-win32-vc8-debug:os_core_win32.obj
 0002:0001ebb0       _pj_thread_create          00479bb0 f   pjlib-i386-win32-vc8-debug:os_core_win32.obj
 0002:0001edf0       _pj_thread_destroy         00479df0 f   pjlib-i386-win32-vc8-debug:os_core_win32.obj
 0002:0001eed0       _pj_thread_get_name        00479ed0 f   pjlib-i386-win32-vc8-debug:os_core_win32.obj
 0002:0001ef50       _pj_thread_get_os_handle   00479f50 f   pjlib-i386-win32-vc8-debug:os_core_win32.obj
 0002:0001efb0       _pj_thread_get_prio        00479fb0 f   pjlib-i386-win32-vc8-debug:os_core_win32.obj
 0002:0001efe0       _pj_thread_get_prio_max    00479fe0 f   pjlib-i386-win32-vc8-debug:os_core_win32.obj
 0002:0001f000       _pj_thread_get_prio_min    0047a000 f   pjlib-i386-win32-vc8-debug:os_core_win32.obj
 0002:0001f020       _pj_thread_get_stack_info  0047a020 f   pjlib-i386-win32-vc8-debug:os_core_win32.obj
 0002:0001f080       _pj_thread_get_stack_max_usage 0047a080 f   pjlib-i386-win32-vc8-debug:os_core_win32.obj
 0002:0001f0a0       _pj_thread_init            0047a0a0 f   pjlib-i386-win32-vc8-debug:os_core_win32.obj
 0002:0001f100       _pj_thread_is_registered   0047a100 f   pjlib-i386-win32-vc8-debug:os_core_win32.obj
 0002:0001f150       _pj_thread_join            0047a150 f   pjlib-i386-win32-vc8-debug:os_core_win32.obj
 0002:0001f280       _pj_thread_local_alloc     0047a280 f   pjlib-i386-win32-vc8-debug:os_core_win32.obj
 0002:0001f340       _pj_thread_local_free      0047a340 f   pjlib-i386-win32-vc8-debug:os_core_win32.obj
 0002:0001f380       _pj_thread_local_get       0047a380 f   pjlib-i386-win32-vc8-debug:os_core_win32.obj
 0002:0001f3a0       _pj_thread_local_set       0047a3a0 f   pjlib-i386-win32-vc8-debug:os_core_win32.obj
 0002:0001f430       _pj_thread_register        0047a430 f   pjlib-i386-win32-vc8-debug:os_core_win32.obj
 0002:0001f5a0       _pj_thread_resume          0047a5a0 f   pjlib-i386-win32-vc8-debug:os_core_win32.obj
 0002:0001f680       _pj_thread_set_prio        0047a680 f   pjlib-i386-win32-vc8-debug:os_core_win32.obj
 0002:0001f790       _pj_thread_sleep           0047a790 f   pjlib-i386-win32-vc8-debug:os_core_win32.obj
 0002:0001f7d0       _pj_thread_this            0047a7d0 f   pjlib-i386-win32-vc8-debug:os_core_win32.obj
 0002:0001f930       _pj_create_random_string   0047a930 f   pjlib-i386-win32-vc8-debug:string.obj
 0002:0001fc00       _pj_str                    0047ac00 f   pjlib-i386-win32-vc8-debug:string.obj
 0002:0001fc50       _pj_strassign              0047ac50 f   pjlib-i386-win32-vc8-debug:string.obj
 0002:0001fc90       _pj_strcat                 0047ac90 f   pjlib-i386-win32-vc8-debug:string.obj
 0002:0001fcf0       _pj_strcat2                0047acf0 f   pjlib-i386-win32-vc8-debug:string.obj
 0002:0001fd70       _pj_strcmp                 0047ad70 f   pjlib-i386-win32-vc8-debug:string.obj
 0002:0001fe90       _pj_strcmp2                0047ae90 f   pjlib-i386-win32-vc8-debug:string.obj
 0002:0001fef0       _pj_strcpy                 0047aef0 f   pjlib-i386-win32-vc8-debug:string.obj
 0002:0001ff50       _pj_strcpy2                0047af50 f   pjlib-i386-win32-vc8-debug:string.obj
 0002:0001ffd0       _pj_strdup                 0047afd0 f   pjlib-i386-win32-vc8-debug:string.obj
 0002:00020060       _pj_strdup2                0047b060 f   pjlib-i386-win32-vc8-debug:string.obj
 0002:00020100       _pj_strdup2_with_null      0047b100 f   pjlib-i386-win32-vc8-debug:string.obj
 0002:000201b0       _pj_strdup3                0047b1b0 f   pjlib-i386-win32-vc8-debug:string.obj
 0002:000201f0       _pj_strdup_with_null       0047b1f0 f   pjlib-i386-win32-vc8-debug:string.obj
 0002:00020280       _pj_stricmp                0047b280 f   pjlib-i386-win32-vc8-debug:string.obj
 0002:000203a0       _pj_stricmp2               0047b3a0 f   pjlib-i386-win32-vc8-debug:string.obj
 0002:00020400       _pj_stristr                0047b400 f   pjlib-i386-win32-vc8-debug:string.obj
 0002:000204a0       _pj_strltrim               0047b4a0 f   pjlib-i386-win32-vc8-debug:string.obj
 0002:00020530       _pj_strncmp                0047b530 f   pjlib-i386-win32-vc8-debug:string.obj
 0002:000205b0       _pj_strncmp2               0047b5b0 f   pjlib-i386-win32-vc8-debug:string.obj
 0002:00020610       _pj_strncpy                0047b610 f   pjlib-i386-win32-vc8-debug:string.obj
 0002:00020670       _pj_strncpy_with_null      0047b670 f   pjlib-i386-win32-vc8-debug:string.obj
 0002:000206f0       _pj_strnicmp               0047b6f0 f   pjlib-i386-win32-vc8-debug:string.obj
 0002:00020770       _pj_strnicmp2              0047b770 f   pjlib-i386-win32-vc8-debug:string.obj
 0002:000207d0       _pj_strrtrim               0047b7d0 f   pjlib-i386-win32-vc8-debug:string.obj
 0002:00020860       _pj_strstr                 0047b860 f   pjlib-i386-win32-vc8-debug:string.obj
 0002:00020900       _pj_strtof                 0047b900 f   pjlib-i386-win32-vc8-debug:string.obj
 0002:00020ad0       _pj_strtol                 0047bad0 f   pjlib-i386-win32-vc8-debug:string.obj
 0002:00020bd0       _pj_strtoul                0047bbd0 f   pjlib-i386-win32-vc8-debug:string.obj
 0002:00020c80       _pj_strtoul2               0047bc80 f   pjlib-i386-win32-vc8-debug:string.obj
 0002:00020e10       _pj_strtrim                0047be10 f   pjlib-i386-win32-vc8-debug:string.obj
 0002:00020e50       _pj_utoa                   0047be50 f   pjlib-i386-win32-vc8-debug:string.obj
 0002:00020e80       _pj_utoa_pad               0047be80 f   pjlib-i386-win32-vc8-debug:string.obj
 0002:00021060       _pj_errno_clear_handlers   0047c060 f   pjlib-i386-win32-vc8-debug:errno.obj
 0002:000210d0       _pj_perror                 0047c0d0 f   pjlib-i386-win32-vc8-debug:errno.obj
 0002:00021120       _pj_perror_1               0047c120 f   pjlib-i386-win32-vc8-debug:errno.obj
 0002:00021170       _pj_perror_2               0047c170 f   pjlib-i386-win32-vc8-debug:errno.obj
 0002:000211c0       _pj_perror_3               0047c1c0 f   pjlib-i386-win32-vc8-debug:errno.obj
 0002:00021210       _pj_perror_4               0047c210 f   pjlib-i386-win32-vc8-debug:errno.obj
 0002:00021260       _pj_perror_5               0047c260 f   pjlib-i386-win32-vc8-debug:errno.obj
 0002:00021380       _pj_register_strerror      0047c380 f   pjlib-i386-win32-vc8-debug:errno.obj
 0002:000215b0       _pj_strerror               0047c5b0 f   pjlib-i386-win32-vc8-debug:errno.obj
 0002:000218a0       _pj_NO_MEMORY_EXCEPTION    0047c8a0 f   pjlib-i386-win32-vc8-debug:pool.obj
 0002:00021920       _pj_pool_alloc             0047c920 f   pjlib-i386-win32-vc8-debug:pool.obj
 0002:00021980       _pj_pool_alloc_from_block  0047c980 f   pjlib-i386-win32-vc8-debug:pool.obj
 0002:000219f0       _pj_pool_allocate_find     0047c9f0 f   pjlib-i386-win32-vc8-debug:pool.obj
 0002:00021b80       _pj_pool_calloc            0047cb80 f   pjlib-i386-win32-vc8-debug:pool.obj
 0002:00021be0       _pj_pool_create            0047cbe0 f   pjlib-i386-win32-vc8-debug:pool.obj
 0002:00021d40       _pj_pool_create_int        0047cd40 f   pjlib-i386-win32-vc8-debug:pool.obj
 0002:00021ec0       _pj_pool_destroy_int       0047cec0 f   pjlib-i386-win32-vc8-debug:pool.obj
 0002:00021f40       _pj_pool_get_capacity      0047cf40 f   pjlib-i386-win32-vc8-debug:pool.obj
 0002:00021f60       _pj_pool_get_used_size     0047cf60 f   pjlib-i386-win32-vc8-debug:pool.obj
 0002:00021fd0       _pj_pool_getobjname        0047cfd0 f   pjlib-i386-win32-vc8-debug:pool.obj
 0002:00021ff0       _pj_pool_init_int          0047cff0 f   pjlib-i386-win32-vc8-debug:pool.obj
 0002:000220c0       _pj_pool_release           0047d0c0 f   pjlib-i386-win32-vc8-debug:pool.obj
 0002:00022110       _pj_pool_reset             0047d110 f   pjlib-i386-win32-vc8-debug:pool.obj
 0002:00022960       _pj_caching_pool_destroy   0047d960 f   pjlib-i386-win32-vc8-debug:pool_caching.obj
 0002:00022ad0       _pj_caching_pool_init      0047dad0 f   pjlib-i386-win32-vc8-debug:pool_caching.obj
 0002:00022e20       _pj_pool_factory_get_default_policy 0047de20 f   pjlib-i386-win32-vc8-debug:pool_policy_malloc.obj
 0002:00022e70       _pj_gethostname            0047de70 f   pjlib-i386-win32-vc8-debug:sock_bsd.obj
 0002:00022f20       _pj_htonl                  0047df20 f   pjlib-i386-win32-vc8-debug:sock_bsd.obj
 0002:00022f40       _pj_htons                  0047df40 f   pjlib-i386-win32-vc8-debug:sock_bsd.obj
 0002:00022f70       _pj_inet_aton              0047df70 f   pjlib-i386-win32-vc8-debug:sock_bsd.obj
 0002:000230a0       _pj_inet_ntoa              0047e0a0 f   pjlib-i386-win32-vc8-debug:sock_bsd.obj
 0002:000230c0       _pj_inet_ntop              0047e0c0 f   pjlib-i386-win32-vc8-debug:sock_bsd.obj
 0002:00023300       _pj_inet_pton              0047e300 f   pjlib-i386-win32-vc8-debug:sock_bsd.obj
 0002:000235b0       _pj_ntohl                  0047e5b0 f   pjlib-i386-win32-vc8-debug:sock_bsd.obj
 0002:000235d0       _pj_ntohs                  0047e5d0 f   pjlib-i386-win32-vc8-debug:sock_bsd.obj
 0002:00023600       _pj_sock_accept            0047e600 f   pjlib-i386-win32-vc8-debug:sock_bsd.obj
 0002:000236f0       _pj_sock_bind              0047e6f0 f   pjlib-i386-win32-vc8-debug:sock_bsd.obj
 0002:000237e0       _pj_sock_bind_in           0047e7e0 f   pjlib-i386-win32-vc8-debug:sock_bsd.obj
 0002:00023890       _pj_sock_close             0047e890 f   pjlib-i386-win32-vc8-debug:sock_bsd.obj
 0002:00023930       _pj_sock_connect           0047e930 f   pjlib-i386-win32-vc8-debug:sock_bsd.obj
 0002:000239d0       _pj_sock_getpeername       0047e9d0 f   pjlib-i386-win32-vc8-debug:sock_bsd.obj
 0002:00023a70       _pj_sock_getsockname       0047ea70 f   pjlib-i386-win32-vc8-debug:sock_bsd.obj
 0002:00023b10       _pj_sock_getsockopt        0047eb10 f   pjlib-i386-win32-vc8-debug:sock_bsd.obj
 0002:00023c10       _pj_sock_listen            0047ec10 f   pjlib-i386-win32-vc8-debug:sock_bsd.obj
 0002:00023cb0       _pj_sock_recv              0047ecb0 f   pjlib-i386-win32-vc8-debug:sock_bsd.obj
 0002:00023db0       _pj_sock_recvfrom          0047edb0 f   pjlib-i386-win32-vc8-debug:sock_bsd.obj
 0002:00023ec0       _pj_sock_send              0047eec0 f   pjlib-i386-win32-vc8-debug:sock_bsd.obj
 0002:00023fb0       _pj_sock_sendto            0047efb0 f   pjlib-i386-win32-vc8-debug:sock_bsd.obj
 0002:000240b0       _pj_sock_setsockopt        0047f0b0 f   pjlib-i386-win32-vc8-debug:sock_bsd.obj
 0002:00024160       _pj_sock_shutdown          0047f160 f   pjlib-i386-win32-vc8-debug:sock_bsd.obj
 0002:00024200       _pj_sock_socket            0047f200 f   pjlib-i386-win32-vc8-debug:sock_bsd.obj
 0002:000243a0       _pj_getdefaultipinterface  0047f3a0 f   pjlib-i386-win32-vc8-debug:sock_common.obj
 0002:00024420       _pj_gethostaddr            0047f420 f   pjlib-i386-win32-vc8-debug:sock_common.obj
 0002:00024470       _pj_gethostip              0047f470 f   pjlib-i386-win32-vc8-debug:sock_common.obj
 0002:00025150       _pj_getipinterface         00480150 f   pjlib-i386-win32-vc8-debug:sock_common.obj
 0002:000253a0       _pj_inet_addr              004803a0 f   pjlib-i386-win32-vc8-debug:sock_common.obj
 0002:000253d0       _pj_inet_addr2             004803d0 f   pjlib-i386-win32-vc8-debug:sock_common.obj
 0002:00025410       _pj_inet_ntop2             00480410 f   pjlib-i386-win32-vc8-debug:sock_common.obj
 0002:00025500       _pj_sock_bind_random       00480500 f   pjlib-i386-win32-vc8-debug:sock_common.obj
 0002:00025680       _pj_sock_setsockopt_sobuf  00480680 f   pjlib-i386-win32-vc8-debug:sock_common.obj
 0002:000258b0       _pj_sockaddr_cmp           004808b0 f   pjlib-i386-win32-vc8-debug:sock_common.obj
 0002:000259c0       _pj_sockaddr_copy_addr     004809c0 f   pjlib-i386-win32-vc8-debug:sock_common.obj
 0002:00025a20       _pj_sockaddr_cp            00480a20 f   pjlib-i386-win32-vc8-debug:sock_common.obj
 0002:00025a60       _pj_sockaddr_get_addr      00480a60 f   pjlib-i386-win32-vc8-debug:sock_common.obj
 0002:00025b30       _pj_sockaddr_get_addr_len  00480b30 f   pjlib-i386-win32-vc8-debug:sock_common.obj
 0002:00025c00       _pj_sockaddr_get_len       00480c00 f   pjlib-i386-win32-vc8-debug:sock_common.obj
 0002:00025cd0       _pj_sockaddr_get_port      00480cd0 f   pjlib-i386-win32-vc8-debug:sock_common.obj
 0002:00025dc0       _pj_sockaddr_has_addr      00480dc0 f   pjlib-i386-win32-vc8-debug:sock_common.obj
 0002:00025eb0       _pj_sockaddr_in_get_addr   00480eb0 f   pjlib-i386-win32-vc8-debug:sock_common.obj
 0002:00025ee0       _pj_sockaddr_in_get_port   00480ee0 f   pjlib-i386-win32-vc8-debug:sock_common.obj
 0002:00025f10       _pj_sockaddr_in_init       00480f10 f   pjlib-i386-win32-vc8-debug:sock_common.obj
 0002:00025fc0       _pj_sockaddr_in_set_addr   00480fc0 f   pjlib-i386-win32-vc8-debug:sock_common.obj
 0002:00025ff0       _pj_sockaddr_in_set_port   00480ff0 f   pjlib-i386-win32-vc8-debug:sock_common.obj
 0002:00026020       _pj_sockaddr_in_set_str_addr 00481020 f   pjlib-i386-win32-vc8-debug:sock_common.obj
 0002:00026180       _pj_sockaddr_init          00481180 f   pjlib-i386-win32-vc8-debug:sock_common.obj
 0002:00026280       _pj_sockaddr_parse         00481280 f   pjlib-i386-win32-vc8-debug:sock_common.obj
 0002:00026420       _pj_sockaddr_parse2        00481420 f   pjlib-i386-win32-vc8-debug:sock_common.obj
 0002:000268c0       _pj_sockaddr_print         004818c0 f   pjlib-i386-win32-vc8-debug:sock_common.obj
 0002:00026a20       _pj_sockaddr_set_port      00481a20 f   pjlib-i386-win32-vc8-debug:sock_common.obj
 0002:00026b00       _pj_sockaddr_set_str_addr  00481b00 f   pjlib-i386-win32-vc8-debug:sock_common.obj
 0002:00026db0       _pj_gettimeofday           00481db0 f   pjlib-i386-win32-vc8-debug:os_time_win32.obj
 0002:00026e90       _pj_time_decode            00481e90 f   pjlib-i386-win32-vc8-debug:os_time_win32.obj
 0002:00026fa0       _pj_time_encode            00481fa0 f   pjlib-i386-win32-vc8-debug:os_time_win32.obj
 0002:00027130       _pj_list_erase             00482130 f   pjlib-i386-win32-vc8-debug:list.obj
 0002:00027170       _pj_list_find_node         00482170 f   pjlib-i386-win32-vc8-debug:list.obj
 0002:00027210       _pj_list_insert_after      00482210 f   pjlib-i386-win32-vc8-debug:list.obj
 0002:00027260       _pj_list_insert_before     00482260 f   pjlib-i386-win32-vc8-debug:list.obj
 0002:00027290       _pj_list_insert_nodes_after 00482290 f   pjlib-i386-win32-vc8-debug:list.obj
 0002:000272f0       _pj_list_insert_nodes_before 004822f0 f   pjlib-i386-win32-vc8-debug:list.obj
 0002:00027320       _pj_list_merge_first       00482320 f   pjlib-i386-win32-vc8-debug:list.obj
 0002:00027390       _pj_list_merge_last        00482390 f   pjlib-i386-win32-vc8-debug:list.obj
 0002:00027400       _pj_list_search            00482400 f   pjlib-i386-win32-vc8-debug:list.obj
 0002:00027470       _pj_list_size              00482470 f   pjlib-i386-win32-vc8-debug:list.obj
 0002:000277d0       _ioqueue_dispatch_exception_event 004827d0 f   pjlib-i386-win32-vc8-debug:ioqueue_select.obj
 0002:00027980       _ioqueue_dispatch_read_event 00482980 f   pjlib-i386-win32-vc8-debug:ioqueue_select.obj
 0002:00027d60       _ioqueue_dispatch_write_event 00482d60 f   pjlib-i386-win32-vc8-debug:ioqueue_select.obj
 0002:00028600       _pj_ioqueue_accept         00483600 f   pjlib-i386-win32-vc8-debug:ioqueue_select.obj
 0002:00028830       _pj_ioqueue_connect        00483830 f   pjlib-i386-win32-vc8-debug:ioqueue_select.obj
 0002:000289b0       _pj_ioqueue_create         004839b0 f   pjlib-i386-win32-vc8-debug:ioqueue_select.obj
 0002:00028cd0       _pj_ioqueue_destroy        00483cd0 f   pjlib-i386-win32-vc8-debug:ioqueue_select.obj
 0002:00028e20       _pj_ioqueue_get_user_data  00483e20 f   pjlib-i386-win32-vc8-debug:ioqueue_select.obj
 0002:00028e80       _pj_ioqueue_is_pending     00483e80 f   pjlib-i386-win32-vc8-debug:ioqueue_select.obj
 0002:00028ec0       _pj_ioqueue_lock_key       00483ec0 f   pjlib-i386-win32-vc8-debug:ioqueue_select.obj
 0002:00028f10       _pj_ioqueue_name           00483f10 f   pjlib-i386-win32-vc8-debug:ioqueue_select.obj
 0002:00028f30       _pj_ioqueue_op_key_init    00483f30 f   pjlib-i386-win32-vc8-debug:ioqueue_select.obj
 0002:00028f60       _pj_ioqueue_poll           00483f60 f   pjlib-i386-win32-vc8-debug:ioqueue_select.obj
 0002:00029650       _pj_ioqueue_post_completion 00484650 f   pjlib-i386-win32-vc8-debug:ioqueue_select.obj
 0002:00029810       _pj_ioqueue_recv           00484810 f   pjlib-i386-win32-vc8-debug:ioqueue_select.obj
 0002:00029a10       _pj_ioqueue_recvfrom       00484a10 f   pjlib-i386-win32-vc8-debug:ioqueue_select.obj
 0002:00029c30       _pj_ioqueue_register_sock  00484c30 f   pjlib-i386-win32-vc8-debug:ioqueue_select.obj
 0002:00029c70       _pj_ioqueue_register_sock2 00484c70 f   pjlib-i386-win32-vc8-debug:ioqueue_select.obj
 0002:00029ee0       _pj_ioqueue_send           00484ee0 f   pjlib-i386-win32-vc8-debug:ioqueue_select.obj
 0002:0002a140       _pj_ioqueue_sendto         00485140 f   pjlib-i386-win32-vc8-debug:ioqueue_select.obj
 0002:0002a410       _pj_ioqueue_set_concurrency 00485410 f   pjlib-i386-win32-vc8-debug:ioqueue_select.obj
 0002:0002a4d0       _pj_ioqueue_set_default_concurrency 004854d0 f   pjlib-i386-win32-vc8-debug:ioqueue_select.obj
 0002:0002a530       _pj_ioqueue_set_lock       00485530 f   pjlib-i386-win32-vc8-debug:ioqueue_select.obj
 0002:0002a5d0       _pj_ioqueue_set_user_data  004855d0 f   pjlib-i386-win32-vc8-debug:ioqueue_select.obj
 0002:0002a650       _pj_ioqueue_unlock_key     00485650 f   pjlib-i386-win32-vc8-debug:ioqueue_select.obj
 0002:0002a6a0       _pj_ioqueue_unregister     004856a0 f   pjlib-i386-win32-vc8-debug:ioqueue_select.obj
 0002:0002ac30       _pj_log                    00485c30 f   pjlib-i386-win32-vc8-debug:log.obj
 0002:0002b4e0       _pj_log_1                  004864e0 f   pjlib-i386-win32-vc8-debug:log.obj
 0002:0002b520       _pj_log_2                  00486520 f   pjlib-i386-win32-vc8-debug:log.obj
 0002:0002b560       _pj_log_3                  00486560 f   pjlib-i386-win32-vc8-debug:log.obj
 0002:0002b5a0       _pj_log_4                  004865a0 f   pjlib-i386-win32-vc8-debug:log.obj
 0002:0002b5e0       _pj_log_5                  004865e0 f   pjlib-i386-win32-vc8-debug:log.obj
 0002:0002b620       _pj_log_add_indent         00486620 f   pjlib-i386-win32-vc8-debug:log.obj
 0002:0002b650       _pj_log_get_color          00486650 f   pjlib-i386-win32-vc8-debug:log.obj
 0002:0002b6f0       _pj_log_get_decor          004866f0 f   pjlib-i386-win32-vc8-debug:log.obj
 0002:0002b710       _pj_log_get_level          00486710 f   pjlib-i386-win32-vc8-debug:log.obj
 0002:0002b730       _pj_log_get_log_func       00486730 f   pjlib-i386-win32-vc8-debug:log.obj
 0002:0002b750       _pj_log_init               00486750 f   pjlib-i386-win32-vc8-debug:log.obj
 0002:0002b7f0       _pj_log_pop_indent         004867f0 f   pjlib-i386-win32-vc8-debug:log.obj
 0002:0002b810       _pj_log_push_indent        00486810 f   pjlib-i386-win32-vc8-debug:log.obj
 0002:0002b830       _pj_log_set_color          00486830 f   pjlib-i386-win32-vc8-debug:log.obj
 0002:0002b960       _pj_log_set_decor          00486960 f   pjlib-i386-win32-vc8-debug:log.obj
 0002:0002b980       _pj_log_set_level          00486980 f   pjlib-i386-win32-vc8-debug:log.obj
 0002:0002b9a0       _pj_log_set_log_func       004869a0 f   pjlib-i386-win32-vc8-debug:log.obj
 0002:0002baa0       _pj_array_erase            00486aa0 f   pjlib-i386-win32-vc8-debug:array.obj
 0002:0002bb30       _pj_array_find             00486b30 f   pjlib-i386-win32-vc8-debug:array.obj
 0002:0002bbb0       _pj_array_insert           00486bb0 f   pjlib-i386-win32-vc8-debug:array.obj
 0002:0002bcd0       _pj_exception_id_alloc     00486cd0 f   pjlib-i386-win32-vc8-debug:except.obj
 0002:0002bd50       _pj_exception_id_free      00486d50 f   pjlib-i386-win32-vc8-debug:except.obj
 0002:0002bde0       _pj_exception_id_name      00486de0 f   pjlib-i386-win32-vc8-debug:except.obj
 0002:0002be90       _pj_pop_exception_handler_ 00486e90 f   pjlib-i386-win32-vc8-debug:except.obj
 0002:0002bef0       _pj_push_exception_handler_ 00486ef0 f   pjlib-i386-win32-vc8-debug:except.obj
 0002:0002bfa0       _pj_throw_exception_       00486fa0 f   pjlib-i386-win32-vc8-debug:except.obj
 0002:0002c710       _pj_grp_lock_acquire       00487710 f   pjlib-i386-win32-vc8-debug:lock.obj
 0002:0002c740       _pj_grp_lock_add_handler   00487740 f   pjlib-i386-win32-vc8-debug:lock.obj
 0002:0002c7d0       _pj_grp_lock_add_ref       004877d0 f   pjlib-i386-win32-vc8-debug:lock.obj
 0002:0002c800       _pj_grp_lock_chain_lock    00487800 f   pjlib-i386-win32-vc8-debug:lock.obj
 0002:0002c8f0       _pj_grp_lock_config_default 004878f0 f   pjlib-i386-win32-vc8-debug:lock.obj
 0002:0002c920       _pj_grp_lock_create        00487920 f   pjlib-i386-win32-vc8-debug:lock.obj
 0002:0002cb00       _pj_grp_lock_dec_ref       00487b00 f   pjlib-i386-win32-vc8-debug:lock.obj
 0002:0002cb30       _pj_grp_lock_del_handler   00487b30 f   pjlib-i386-win32-vc8-debug:lock.obj
 0002:0002cbd0       _pj_grp_lock_destroy       00487bd0 f   pjlib-i386-win32-vc8-debug:lock.obj
 0002:0002cc00       _pj_grp_lock_dump          00487c00 f   pjlib-i386-win32-vc8-debug:lock.obj
 0002:0002cc20       _pj_grp_lock_get_ref       00487c20 f   pjlib-i386-win32-vc8-debug:lock.obj
 0002:0002cc50       _pj_grp_lock_release       00487c50 f   pjlib-i386-win32-vc8-debug:lock.obj
 0002:0002cc80       _pj_grp_lock_replace       00487c80 f   pjlib-i386-win32-vc8-debug:lock.obj
 0002:0002cd30       _pj_grp_lock_tryacquire    00487d30 f   pjlib-i386-win32-vc8-debug:lock.obj
 0002:0002cd60       _pj_grp_lock_unchain_lock  00487d60 f   pjlib-i386-win32-vc8-debug:lock.obj
 0002:0002ce90       _pj_lock_acquire           00487e90 f   pjlib-i386-win32-vc8-debug:lock.obj
 0002:0002cf00       _pj_lock_create_null_mutex 00487f00 f   pjlib-i386-win32-vc8-debug:lock.obj
 0002:0002cf60       _pj_lock_create_recursive_mutex 00487f60 f   pjlib-i386-win32-vc8-debug:lock.obj
 0002:0002cf90       _pj_lock_create_semaphore  00487f90 f   pjlib-i386-win32-vc8-debug:lock.obj
 0002:0002d080       _pj_lock_create_simple_mutex 00488080 f   pjlib-i386-win32-vc8-debug:lock.obj
 0002:0002d0b0       _pj_lock_destroy           004880b0 f   pjlib-i386-win32-vc8-debug:lock.obj
 0002:0002d120       _pj_lock_release           00488120 f   pjlib-i386-win32-vc8-debug:lock.obj
 0002:0002d190       _pj_lock_tryacquire        00488190 f   pjlib-i386-win32-vc8-debug:lock.obj
 0002:0002d260       _pj_get_timestamp          00488260 f   pjlib-i386-win32-vc8-debug:os_timestamp_win32.obj
 0002:0002d2f0       _pj_get_timestamp_freq     004882f0 f   pjlib-i386-win32-vc8-debug:os_timestamp_win32.obj
 0002:0002d520       _pj_elapsed_cycle          00488520 f   pjlib-i386-win32-vc8-debug:os_timestamp_common.obj
 0002:0002d540       _pj_elapsed_msec           00488540 f   pjlib-i386-win32-vc8-debug:os_timestamp_common.obj
 0002:0002d580       _pj_elapsed_msec64         00488580 f   pjlib-i386-win32-vc8-debug:os_timestamp_common.obj
 0002:0002d5c0       _pj_elapsed_nanosec        004885c0 f   pjlib-i386-win32-vc8-debug:os_timestamp_common.obj
 0002:0002d680       _pj_elapsed_time           00488680 f   pjlib-i386-win32-vc8-debug:os_timestamp_common.obj
 0002:0002d760       _pj_elapsed_usec           00488760 f   pjlib-i386-win32-vc8-debug:os_timestamp_common.obj
 0002:0002d7a0       _pj_gettickcount           004887a0 f   pjlib-i386-win32-vc8-debug:os_timestamp_common.obj
 0002:0002d980       _pj_GUID_STRING_LENGTH     00488980 f   pjlib-i386-win32-vc8-debug:guid_win32.obj
 0002:0002d9a0       _pj_generate_unique_string 004889a0 f   pjlib-i386-win32-vc8-debug:guid_win32.obj
 0002:0002da10       _pj_dump_config            00488a10 f   pjlib-i386-win32-vc8-debug:config.obj
 0002:0002dff0       _pj_get_version            00488ff0 f   pjlib-i386-win32-vc8-debug:config.obj
 0002:0002e010       _pj_rand                   00489010 f   pjlib-i386-win32-vc8-debug:rand.obj
 0002:0002e050       _pj_srand                  00489050 f   pjlib-i386-win32-vc8-debug:rand.obj
 0002:0002e0d0       _pj_get_netos_error        004890d0 f   pjlib-i386-win32-vc8-debug:os_error_win32.obj
 0002:0002e120       _pj_get_os_error           00489120 f   pjlib-i386-win32-vc8-debug:os_error_win32.obj
 0002:0002e1a0       _pj_set_netos_error        004891a0 f   pjlib-i386-win32-vc8-debug:os_error_win32.obj
 0002:0002e1f0       _pj_set_os_error           004891f0 f   pjlib-i386-win32-vc8-debug:os_error_win32.obj
 0002:0002e240       _platform_strerror         00489240 f   pjlib-i386-win32-vc8-debug:os_error_win32.obj
 0002:0002e440       _pj_pool_create_on_buf     00489440 f   pjlib-i386-win32-vc8-debug:pool_buf.obj
 0002:0002f080       _pj_enum_ip_interface      0048a080 f   pjlib-i386-win32-vc8-debug:ip_helper_win32.obj
 0002:0002f1e0       _pj_enum_ip_route          0048a1e0 f   pjlib-i386-win32-vc8-debug:ip_helper_win32.obj
 0002:0002f650       _pj_getaddrinfo            0048a650 f   pjlib-i386-win32-vc8-debug:addr_resolv_sock.obj
 0002:0002f9b0       _pj_gethostbyname          0048a9b0 f   pjlib-i386-win32-vc8-debug:addr_resolv_sock.obj
 0002:0002fb40       _pj_time_val_normalize     0048ab40 f   pjlib-i386-win32-vc8-debug:types.obj
 0002:0002fc80       _PJ_FD_CLR                 0048ac80 f   pjlib-i386-win32-vc8-debug:sock_select.obj
 0002:0002fdd0       _PJ_FD_COUNT               0048add0 f   pjlib-i386-win32-vc8-debug:sock_select.obj
 0002:0002fe00       _PJ_FD_ISSET               0048ae00 f   pjlib-i386-win32-vc8-debug:sock_select.obj
 0002:0002fe60       _PJ_FD_SET                 0048ae60 f   pjlib-i386-win32-vc8-debug:sock_select.obj
 0002:0002ffa0       _PJ_FD_ZERO                0048afa0 f   pjlib-i386-win32-vc8-debug:sock_select.obj
 0002:00030000       _pj_sock_select            0048b000 f   pjlib-i386-win32-vc8-debug:sock_select.obj
 0002:00030110       _pj_log_write              0048b110 f   pjlib-i386-win32-vc8-debug:log_writer_stdout.obj
 0002:00030960       _speex_echo_cancel         0048b960 f   libspeex-i386-win32-vc8-debug:mdf.obj
 0002:000309a0       _speex_echo_cancellation   0048b9a0 f   libspeex-i386-win32-vc8-debug:mdf.obj
 0002:00032710       _speex_echo_capture        0048d710 f   libspeex-i386-win32-vc8-debug:mdf.obj
 0002:000328b0       _speex_echo_ctl            0048d8b0 f   libspeex-i386-win32-vc8-debug:mdf.obj
 0002:00032a40       _speex_echo_get_residual   0048da40 f   libspeex-i386-win32-vc8-debug:mdf.obj
 0002:00032ba0       _speex_echo_playback       0048dba0 f   libspeex-i386-win32-vc8-debug:mdf.obj
 0002:00032d70       _speex_echo_state_destroy  0048dd70 f   libspeex-i386-win32-vc8-debug:mdf.obj
 0002:00032f60       _speex_echo_state_init     0048df60 f   libspeex-i386-win32-vc8-debug:mdf.obj
 0002:000337b0       _speex_echo_state_reset    0048e7b0 f   libspeex-i386-win32-vc8-debug:mdf.obj
 0002:00034a90       _speex_preprocess          0048fa90 f   libspeex-i386-win32-vc8-debug:preprocess.obj
 0002:00034ac0       _speex_preprocess_ctl      0048fac0 f   libspeex-i386-win32-vc8-debug:preprocess.obj
 0002:000354d0       _speex_preprocess_estimate_update 004904d0 f   libspeex-i386-win32-vc8-debug:preprocess.obj
 0002:00035710       _speex_preprocess_run      00490710 f   libspeex-i386-win32-vc8-debug:preprocess.obj
 0002:00036f10       _speex_preprocess_state_destroy 00491f10 f   libspeex-i386-win32-vc8-debug:preprocess.obj
 0002:00037120       _speex_preprocess_state_init 00492120 f   libspeex-i386-win32-vc8-debug:preprocess.obj
 0002:00037f90       _spx_fft                   00492f90 f   libspeex-i386-win32-vc8-debug:fftwrap.obj
 0002:000380d0       _spx_fft_destroy           004930d0 f   libspeex-i386-win32-vc8-debug:fftwrap.obj
 0002:00038110       _spx_fft_float             00493110 f   libspeex-i386-win32-vc8-debug:fftwrap.obj
 0002:00038140       _spx_fft_init              00493140 f   libspeex-i386-win32-vc8-debug:fftwrap.obj
 0002:00038180       _spx_ifft                  00493180 f   libspeex-i386-win32-vc8-debug:fftwrap.obj
 0002:00038220       _spx_ifft_float            00493220 f   libspeex-i386-win32-vc8-debug:fftwrap.obj
 0002:00038250       _filterbank_compute_bank   00493250 f   libspeex-i386-win32-vc8-debug:filterbank.obj
 0002:000383c0       _filterbank_compute_bank32 004933c0 f   libspeex-i386-win32-vc8-debug:filterbank.obj
 0002:000384e0       _filterbank_compute_psd    004934e0 f   libspeex-i386-win32-vc8-debug:filterbank.obj
 0002:000385b0       _filterbank_compute_psd16  004935b0 f   libspeex-i386-win32-vc8-debug:filterbank.obj
 0002:00038680       _filterbank_destroy        00493680 f   libspeex-i386-win32-vc8-debug:filterbank.obj
 0002:00038700       _filterbank_new            00493700 f   libspeex-i386-win32-vc8-debug:filterbank.obj
 0002:00038c40       _filterbank_psy_smooth     00493c40 f   libspeex-i386-win32-vc8-debug:filterbank.obj
 0002:0003dbe0       _spx_drft_backward         00498be0 f   libspeex-i386-win32-vc8-debug:smallft.obj
 0002:0003dc40       _spx_drft_clear            00498c40 f   libspeex-i386-win32-vc8-debug:smallft.obj
 0002:0003dca0       _spx_drft_forward          00498ca0 f   libspeex-i386-win32-vc8-debug:smallft.obj
 0002:0003dd00       _spx_drft_init             00498d00 f   libspeex-i386-win32-vc8-debug:smallft.obj
 0002:0003dd80       _crypto_get_random         00498d80 f   libsrtp-i386-win32-vc8-debug:crypto_kernel.obj
 0002:0003ddc0       _crypto_kernel_alloc_auth  00498dc0 f   libsrtp-i386-win32-vc8-debug:crypto_kernel.obj
 0002:0003de30       _crypto_kernel_alloc_cipher 00498e30 f   libsrtp-i386-win32-vc8-debug:crypto_kernel.obj
 0002:0003dea0       _crypto_kernel_get_auth_type 00498ea0 f   libsrtp-i386-win32-vc8-debug:crypto_kernel.obj
 0002:0003def0       _crypto_kernel_get_cipher_type 00498ef0 f   libsrtp-i386-win32-vc8-debug:crypto_kernel.obj
 0002:0003df40       _crypto_kernel_init        00498f40 f   libsrtp-i386-win32-vc8-debug:crypto_kernel.obj
 0002:0003e1b0       _crypto_kernel_list_debug_modules 004991b0 f   libsrtp-i386-win32-vc8-debug:crypto_kernel.obj
 0002:0003e250       _crypto_kernel_load_auth_type 00499250 f   libsrtp-i386-win32-vc8-debug:crypto_kernel.obj
 0002:0003e350       _crypto_kernel_load_cipher_type 00499350 f   libsrtp-i386-win32-vc8-debug:crypto_kernel.obj
 0002:0003e450       _crypto_kernel_load_debug_module 00499450 f   libsrtp-i386-win32-vc8-debug:crypto_kernel.obj
 0002:0003e510       _crypto_kernel_set_debug_module 00499510 f   libsrtp-i386-win32-vc8-debug:crypto_kernel.obj
 0002:0003e580       _crypto_kernel_shutdown    00499580 f   libsrtp-i386-win32-vc8-debug:crypto_kernel.obj
 0002:0003e6f0       _crypto_kernel_status      004996f0 f   libsrtp-i386-win32-vc8-debug:crypto_kernel.obj
 0002:0003e970       _srtp_event_reporter       00499970 f   libsrtp-i386-win32-vc8-debug:srtp.obj
 0002:0003ea40       _append_salt_to_key        00499a40 f   libsrtp-i386-win32-vc8-debug:srtp.obj
 0002:0003ead0       _crypto_policy_set_aes_cm_128_hmac_sha1_32 00499ad0 f   libsrtp-i386-win32-vc8-debug:srtp.obj
 0002:0003eb30       _crypto_policy_set_aes_cm_128_null_auth 00499b30 f   libsrtp-i386-win32-vc8-debug:srtp.obj
 0002:0003eb90       _crypto_policy_set_from_profile_for_rtcp 00499b90 f   libsrtp-i386-win32-vc8-debug:srtp.obj
 0002:0003ec10       _crypto_policy_set_from_profile_for_rtp 00499c10 f   libsrtp-i386-win32-vc8-debug:srtp.obj
 0002:0003ec90       _crypto_policy_set_null_cipher_hmac_sha1_80 00499c90 f   libsrtp-i386-win32-vc8-debug:srtp.obj
 0002:0003ecf0       _crypto_policy_set_rtcp_default 00499cf0 f   libsrtp-i386-win32-vc8-debug:srtp.obj
 0002:0003ed50       _crypto_policy_set_rtp_default 00499d50 f   libsrtp-i386-win32-vc8-debug:srtp.obj
 0002:0003edb0       _srtp_add_stream           00499db0 f   libsrtp-i386-win32-vc8-debug:srtp.obj
 0002:0003ef10       _srtp_create               00499f10 f   libsrtp-i386-win32-vc8-debug:srtp.obj
 0002:0003efd0       _srtp_dealloc              00499fd0 f   libsrtp-i386-win32-vc8-debug:srtp.obj
 0002:0003f160       _srtp_deinit               0049a160 f   libsrtp-i386-win32-vc8-debug:srtp.obj
 0002:0003f190       _srtp_get_stream           0049a190 f   libsrtp-i386-win32-vc8-debug:srtp.obj
 0002:0003f1e0       _srtp_init                 0049a1e0 f   libsrtp-i386-win32-vc8-debug:srtp.obj
 0002:0003f230       _srtp_install_event_handler 0049a230 f   libsrtp-i386-win32-vc8-debug:srtp.obj
 0002:0003f250       _srtp_kdf_clear            0049a250 f   libsrtp-i386-win32-vc8-debug:srtp.obj
 0002:0003f280       _srtp_kdf_generate         0049a280 f   libsrtp-i386-win32-vc8-debug:srtp.obj
 0002:0003f340       _srtp_kdf_init             0049a340 f   libsrtp-i386-win32-vc8-debug:srtp.obj
 0002:0003f370       _srtp_profile_get_master_key_length 0049a370 f   libsrtp-i386-win32-vc8-debug:srtp.obj
 0002:0003f3d0       _srtp_profile_get_master_salt_length 0049a3d0 f   libsrtp-i386-win32-vc8-debug:srtp.obj
 0002:0003f430       _srtp_protect              0049a430 f   libsrtp-i386-win32-vc8-debug:srtp.obj
 0002:0003fbb0       _srtp_protect_rtcp         0049abb0 f   libsrtp-i386-win32-vc8-debug:srtp.obj
 0002:00040100       _srtp_remove_stream        0049b100 f   libsrtp-i386-win32-vc8-debug:srtp.obj
 0002:000401b0       _srtp_stream_alloc         0049b1b0 f   libsrtp-i386-win32-vc8-debug:srtp.obj
 0002:00040470       _srtp_stream_clone         0049b470 f   libsrtp-i386-win32-vc8-debug:srtp.obj
 0002:000405c0       _srtp_stream_dealloc       0049b5c0 f   libsrtp-i386-win32-vc8-debug:srtp.obj
 0002:00040770       _srtp_stream_init          0049b770 f   libsrtp-i386-win32-vc8-debug:srtp.obj
 0002:00040870       _srtp_stream_init_keys     0049b870 f   libsrtp-i386-win32-vc8-debug:srtp.obj
 0002:00040da0       _srtp_unprotect            0049bda0 f   libsrtp-i386-win32-vc8-debug:srtp.obj
 0002:00041580       _srtp_unprotect_rtcp       0049c580 f   libsrtp-i386-win32-vc8-debug:srtp.obj
 0002:00041b80       _crypto_alloc              0049cb80 f   libsrtp-i386-win32-vc8-debug:alloc.obj
 0002:00041c10       _crypto_free               0049cc10 f   libsrtp-i386-win32-vc8-debug:alloc.obj
 0002:00041c60       _err_report                0049cc60 f   libsrtp-i386-win32-vc8-debug:srtp_err.obj
 0002:00041cc0       _err_reporting_init        0049ccc0 f   libsrtp-i386-win32-vc8-debug:srtp_err.obj
 0002:00041ce0       _err_reporting_set_level   0049cce0 f   libsrtp-i386-win32-vc8-debug:srtp_err.obj
 0002:00041d00       _rand_source_deinit        0049cd00 f   libsrtp-i386-win32-vc8-debug:rand_source.obj
 0002:00041d30       _rand_source_get_octet_string 0049cd30 f   libsrtp-i386-win32-vc8-debug:rand_source.obj
 0002:00041d90       _rand_source_init          0049cd90 f   libsrtp-i386-win32-vc8-debug:rand_source.obj
 0002:00041dd0       _cipher_bits_per_second    0049cdd0 f   libsrtp-i386-win32-vc8-debug:cipher.obj
 0002:00041f90       _cipher_get_key_length     0049cf90 f   libsrtp-i386-win32-vc8-debug:cipher.obj
 0002:00041fb0       _cipher_output             0049cfb0 f   libsrtp-i386-win32-vc8-debug:cipher.obj
 0002:00042000       _cipher_type_self_test     0049d000 f   libsrtp-i386-win32-vc8-debug:cipher.obj
 0002:00042f20       _ctr_prng_deinit           0049df20 f   libsrtp-i386-win32-vc8-debug:ctr_prng.obj
 0002:00042f40       _ctr_prng_get_octet_string 0049df40 f   libsrtp-i386-win32-vc8-debug:ctr_prng.obj
 0002:00042fd0       _ctr_prng_init             0049dfd0 f   libsrtp-i386-win32-vc8-debug:ctr_prng.obj
 0002:00043060       _auth_get_key_length       0049e060 f   libsrtp-i386-win32-vc8-debug:auth.obj
 0002:00043080       _auth_get_prefix_length    0049e080 f   libsrtp-i386-win32-vc8-debug:auth.obj
 0002:000430a0       _auth_get_tag_length       0049e0a0 f   libsrtp-i386-win32-vc8-debug:auth.obj
 0002:000430c0       _auth_type_get_ref_count   0049e0c0 f   libsrtp-i386-win32-vc8-debug:auth.obj
 0002:000430e0       _auth_type_self_test       0049e0e0 f   libsrtp-i386-win32-vc8-debug:auth.obj
 0002:000434c0       _stat_test_monobit         0049e4c0 f   libsrtp-i386-win32-vc8-debug:stat.obj
 0002:00043580       _stat_test_poker           0049e580 f   libsrtp-i386-win32-vc8-debug:stat.obj
 0002:00043790       _stat_test_rand_source     0049e790 f   libsrtp-i386-win32-vc8-debug:stat.obj
 0002:00043fc0       _stat_test_rand_source_with_repetition 0049efc0 f   libsrtp-i386-win32-vc8-debug:stat.obj
 0002:00044050       _stat_test_runs            0049f050 f   libsrtp-i386-win32-vc8-debug:stat.obj
 0002:00044520       _null_cipher_init          0049f520 f   libsrtp-i386-win32-vc8-debug:null_cipher.obj
 0002:00044560       _null_cipher_encrypt       0049f560 f   libsrtp-i386-win32-vc8-debug:null_cipher.obj
 0002:00044580       _null_cipher_alloc         0049f580 f   libsrtp-i386-win32-vc8-debug:null_cipher.obj
 0002:00044630       _null_cipher_dealloc       0049f630 f   libsrtp-i386-win32-vc8-debug:null_cipher.obj
 0002:00044680       _null_cipher_set_iv        0049f680 f   libsrtp-i386-win32-vc8-debug:null_cipher.obj
 0002:000446a0       _aes_icm_context_init      0049f6a0 f   libsrtp-i386-win32-vc8-debug:aes_icm.obj
 0002:00044800       _aes_icm_set_iv            0049f800 f   libsrtp-i386-win32-vc8-debug:aes_icm.obj
 0002:00044970       _aes_icm_encrypt           0049f970 f   libsrtp-i386-win32-vc8-debug:aes_icm.obj
 0002:000449a0       _aes_icm_dealloc           0049f9a0 f   libsrtp-i386-win32-vc8-debug:aes_icm.obj
 0002:000449f0       _aes_icm_alloc             0049f9f0 f   libsrtp-i386-win32-vc8-debug:aes_icm.obj
 0002:00044c10       _aes_icm_alloc_ismacryp    0049fc10 f   libsrtp-i386-win32-vc8-debug:aes_icm.obj
 0002:00044ce0       _aes_icm_encrypt_ismacryp  0049fce0 f   libsrtp-i386-win32-vc8-debug:aes_icm.obj
 0002:00045340       _aes_icm_output            004a0340 f   libsrtp-i386-win32-vc8-debug:aes_icm.obj
 0002:00045390       _aes_icm_set_octet         004a0390 f   libsrtp-i386-win32-vc8-debug:aes_icm.obj
 0002:000455e0       _aes_cbc_context_init      004a05e0 f   libsrtp-i386-win32-vc8-debug:aes_cbc.obj
 0002:000456b0       _aes_cbc_set_iv            004a06b0 f   libsrtp-i386-win32-vc8-debug:aes_cbc.obj
 0002:00045750       _aes_cbc_nist_encrypt      004a0750 f   libsrtp-i386-win32-vc8-debug:aes_cbc.obj
 0002:00045820       _aes_cbc_nist_decrypt      004a0820 f   libsrtp-i386-win32-vc8-debug:aes_cbc.obj
 0002:000458c0       _aes_cbc_alloc             004a08c0 f   libsrtp-i386-win32-vc8-debug:aes_cbc.obj
 0002:00045990       _aes_cbc_dealloc           004a0990 f   libsrtp-i386-win32-vc8-debug:aes_cbc.obj
 0002:000459e0       _aes_cbc_decrypt           004a09e0 f   libsrtp-i386-win32-vc8-debug:aes_cbc.obj
 0002:00045bf0       _aes_cbc_encrypt           004a0bf0 f   libsrtp-i386-win32-vc8-debug:aes_cbc.obj
 0002:00045da0       _null_auth_alloc           004a0da0 f   libsrtp-i386-win32-vc8-debug:null_auth.obj
 0002:00045ea0       _null_auth_dealloc         004a0ea0 f   libsrtp-i386-win32-vc8-debug:null_auth.obj
 0002:00045ef0       _null_auth_init            004a0ef0 f   libsrtp-i386-win32-vc8-debug:null_auth.obj
 0002:00045f10       _null_auth_compute         004a0f10 f   libsrtp-i386-win32-vc8-debug:null_auth.obj
 0002:00045f30       _null_auth_update          004a0f30 f   libsrtp-i386-win32-vc8-debug:null_auth.obj
 0002:00045f50       _null_auth_start           004a0f50 f   libsrtp-i386-win32-vc8-debug:null_auth.obj
 0002:00045f70       _hmac_alloc                004a0f70 f   libsrtp-i386-win32-vc8-debug:hmac.obj
 0002:00046090       _hmac_dealloc              004a1090 f   libsrtp-i386-win32-vc8-debug:hmac.obj
 0002:000460e0       _hmac_init                 004a10e0 f   libsrtp-i386-win32-vc8-debug:hmac.obj
 0002:00046240       _hmac_start                004a1240 f   libsrtp-i386-win32-vc8-debug:hmac.obj
 0002:00046280       _hmac_update               004a1280 f   libsrtp-i386-win32-vc8-debug:hmac.obj
 0002:000462f0       _hmac_compute              004a12f0 f   libsrtp-i386-win32-vc8-debug:hmac.obj
 0002:00046470       _base64_char_to_sextet     004a1470 f   libsrtp-i386-win32-vc8-debug:datatypes.obj
 0002:00046930       _base64_string_to_octet_string 004a1930 f   libsrtp-i386-win32-vc8-debug:datatypes.obj
 0002:00046c00       _hex_string_to_octet_string 004a1c00 f   libsrtp-i386-win32-vc8-debug:datatypes.obj
 0002:00046cf0       _is_hex_string             004a1cf0 f   libsrtp-i386-win32-vc8-debug:datatypes.obj
 0002:00046d50       _nibble_to_hex_char        004a1d50 f   libsrtp-i386-win32-vc8-debug:datatypes.obj
 0002:00046de0       _octet_get_weight          004a1de0 f   libsrtp-i386-win32-vc8-debug:datatypes.obj
 0002:00046e10       _octet_string_hex_string   004a1e10 f   libsrtp-i386-win32-vc8-debug:datatypes.obj
 0002:00046f00       _octet_string_is_eq        004a1f00 f   libsrtp-i386-win32-vc8-debug:datatypes.obj
 0002:00046f70       _octet_string_set_to_zero  004a1f70 f   libsrtp-i386-win32-vc8-debug:datatypes.obj
 0002:00046fb0       _v128_bit_string           004a1fb0 f   libsrtp-i386-win32-vc8-debug:datatypes.obj
 0002:00047080       _v128_copy_octet_string    004a2080 f   libsrtp-i386-win32-vc8-debug:datatypes.obj
 0002:000472d0       _v128_hex_string           004a22d0 f   libsrtp-i386-win32-vc8-debug:datatypes.obj
 0002:000473a0       _v128_left_shift           004a23a0 f   libsrtp-i386-win32-vc8-debug:datatypes.obj
 0002:00047550       _v128_right_shift          004a2550 f   libsrtp-i386-win32-vc8-debug:datatypes.obj
 0002:00047710       _index_advance             004a2710 f   libsrtp-i386-win32-vc8-debug:rdbx.obj
 0002:00047740       _index_guess               004a2740 f   libsrtp-i386-win32-vc8-debug:rdbx.obj
 0002:00047890       _index_init                004a2890 f   libsrtp-i386-win32-vc8-debug:rdbx.obj
 0002:000478c0       _rdbx_add_index            004a28c0 f   libsrtp-i386-win32-vc8-debug:rdbx.obj
 0002:00047980       _rdbx_check                004a2980 f   libsrtp-i386-win32-vc8-debug:rdbx.obj
 0002:000479f0       _rdbx_estimate_index       004a29f0 f   libsrtp-i386-win32-vc8-debug:rdbx.obj
 0002:00047a60       _rdbx_init                 004a2a60 f   libsrtp-i386-win32-vc8-debug:rdbx.obj
 0002:00047af0       _key_limit_check           004a2af0 f   libsrtp-i386-win32-vc8-debug:key.obj
 0002:00047b20       _key_limit_clone           004a2b20 f   libsrtp-i386-win32-vc8-debug:key.obj
 0002:00047b50       _key_limit_set             004a2b50 f   libsrtp-i386-win32-vc8-debug:key.obj
 0002:00047bb0       _key_limit_update          004a2bb0 f   libsrtp-i386-win32-vc8-debug:key.obj
 0002:00047c60       _rdb_add_index             004a2c60 f   libsrtp-i386-win32-vc8-debug:rdb.obj
 0002:00047d30       _rdb_check                 004a2d30 f   libsrtp-i386-win32-vc8-debug:rdb.obj
 0002:00047db0       _rdb_get_value             004a2db0 f   libsrtp-i386-win32-vc8-debug:rdb.obj
 0002:00047dd0       _rdb_increment             004a2dd0 f   libsrtp-i386-win32-vc8-debug:rdb.obj
 0002:00047e20       _rdb_init                  004a2e20 f   libsrtp-i386-win32-vc8-debug:rdb.obj
 0002:00047ea0       _aes_decrypt               004a2ea0 f   libsrtp-i386-win32-vc8-debug:aes.obj
 0002:00048030       _aes_encrypt               004a3030 f   libsrtp-i386-win32-vc8-debug:aes.obj
 0002:000481c0       _aes_expand_decryption_key 004a31c0 f   libsrtp-i386-win32-vc8-debug:aes.obj
 0002:000487d0       _aes_expand_encryption_key 004a37d0 f   libsrtp-i386-win32-vc8-debug:aes.obj
 0002:00049730       _sha1                      004a4730 f   libsrtp-i386-win32-vc8-debug:sha1.obj
 0002:000497a0       _sha1_core                 004a47a0 f   libsrtp-i386-win32-vc8-debug:sha1.obj
 0002:0004a800       _sha1_final                004a5800 f   libsrtp-i386-win32-vc8-debug:sha1.obj
 0002:0004b4c0       _sha1_init                 004a64c0 f   libsrtp-i386-win32-vc8-debug:sha1.obj
 0002:0004b560       _sha1_update               004a6560 f   libsrtp-i386-win32-vc8-debug:sha1.obj
 0002:0004b6f0       _CoCreateGuid@4            004a66f0 f   ole32:ole32.dll
 0002:0004b6f6       _WSAStartup@8              004a66f6 f   ws2_32:WS2_32.dll
 0002:0004b6fc       _WSACleanup@0              004a66fc f   ws2_32:WS2_32.dll
 0002:0004b702       _WSAGetLastError@0         004a6702 f   ws2_32:WS2_32.dll
 0002:0004b708       _accept@12                 004a6708 f   ws2_32:WS2_32.dll
 0002:0004b70e       _bind@12                   004a670e f   ws2_32:WS2_32.dll
 0002:0004b714       _closesocket@4             004a6714 f   ws2_32:WS2_32.dll
 0002:0004b71a       _connect@12                004a671a f   ws2_32:WS2_32.dll
 0002:0004b720       _getpeername@12            004a6720 f   ws2_32:WS2_32.dll
 0002:0004b726       _getsockname@12            004a6726 f   ws2_32:WS2_32.dll
 0002:0004b72c       _getsockopt@20             004a672c f   ws2_32:WS2_32.dll
 0002:0004b732       _htonl@4                   004a6732 f   ws2_32:WS2_32.dll
 0002:0004b738       _htons@4                   004a6738 f   ws2_32:WS2_32.dll
 0002:0004b73e       _inet_addr@4               004a673e f   ws2_32:WS2_32.dll
 0002:0004b744       _inet_ntoa@4               004a6744 f   ws2_32:WS2_32.dll
 0002:0004b74a       _listen@8                  004a674a f   ws2_32:WS2_32.dll
 0002:0004b750       _ntohl@4                   004a6750 f   ws2_32:WS2_32.dll
 0002:0004b756       _ntohs@4                   004a6756 f   ws2_32:WS2_32.dll
 0002:0004b75c       _recv@16                   004a675c f   ws2_32:WS2_32.dll
 0002:0004b762       _recvfrom@24               004a6762 f   ws2_32:WS2_32.dll
 0002:0004b768       _send@16                   004a6768 f   ws2_32:WS2_32.dll
 0002:0004b76e       _sendto@24                 004a676e f   ws2_32:WS2_32.dll
 0002:0004b774       _setsockopt@20             004a6774 f   ws2_32:WS2_32.dll
 0002:0004b77a       _shutdown@8                004a677a f   ws2_32:WS2_32.dll
 0002:0004b780       _gethostname@8             004a6780 f   ws2_32:WS2_32.dll
 0002:0004b786       _WSAIoctl@36               004a6786 f   ws2_32:WS2_32.dll
 0002:0004b78c       _WSASocketA@24             004a678c f   ws2_32:WS2_32.dll
 0002:0004b792       _WSAAddressToStringA@20    004a6792 f   ws2_32:WS2_32.dll
 0002:0004b798       _WSAStringToAddressA@20    004a6798 f   ws2_32:WS2_32.dll
 0002:0004b79e       _ioctlsocket@12            004a679e f   ws2_32:WS2_32.dll
 0002:0004b7a4       _WSASetLastError@4         004a67a4 f   ws2_32:WS2_32.dll
 0002:0004b7aa       _gethostbyname@4           004a67aa f   ws2_32:WS2_32.dll
 0002:0004b7b0       ___WSAFDIsSet@8            004a67b0 f   ws2_32:WS2_32.dll
 0002:0004b7b6       _select@20                 004a67b6 f   ws2_32:WS2_32.dll
 0002:0004b7c0       ___initstdio               004a67c0 f   LIBCMTD:_file.obj
 0002:0004b8c0       ___endstdio                004a68c0 f   LIBCMTD:_file.obj
 0002:0004b910       ___iob_func                004a6910 f   LIBCMTD:_file.obj
 0002:0004b920       __lock_file                004a6920 f   LIBCMTD:_file.obj
 0002:0004b990       __lock_file2               004a6990 f   LIBCMTD:_file.obj
 0002:0004b9e0       __unlock_file              004a69e0 f   LIBCMTD:_file.obj
 0002:0004ba50       __unlock_file2             004a6a50 f   LIBCMTD:_file.obj
 0002:0004baa0       _fgets                     004a6aa0 f   LIBCMTD:fgets.obj
 0002:0004bf60       __get_printf_count_output  004a6f60 f   LIBCMTD:printf.obj
 0002:0004bfa0       __printf_l                 004a6fa0 f   LIBCMTD:printf.obj
 0002:0004bfd0       __printf_p                 004a6fd0 f   LIBCMTD:printf.obj
 0002:0004c000       __printf_p_l               004a7000 f   LIBCMTD:printf.obj
 0002:0004c030       __printf_s_l               004a7030 f   LIBCMTD:printf.obj
 0002:0004c060       __set_printf_count_output  004a7060 f   LIBCMTD:printf.obj
 0002:0004c0d0       _printf                    004a70d0 f   LIBCMTD:printf.obj
 0002:0004c2a0       _printf_s                  004a72a0 f   LIBCMTD:printf.obj
 0002:0004c2d0       _puts                      004a72d0 f   LIBCMTD:puts.obj
 0002:0004c6d0       __atoi64                   004a76d0 f   LIBCMTD:atox.obj
 0002:0004c6f0       __atoi64_l                 004a76f0 f   LIBCMTD:atox.obj
 0002:0004c710       __atoi_l                   004a7710 f   LIBCMTD:atox.obj
 0002:0004c730       __atol_l                   004a7730 f   LIBCMTD:atox.obj
 0002:0004c750       __atoll_l                  004a7750 f   LIBCMTD:atox.obj
 0002:0004c770       _atoi                      004a7770 f   LIBCMTD:atox.obj
 0002:0004c790       _atol                      004a7790 f   LIBCMTD:atox.obj
 0002:0004c7b0       _atoll                     004a77b0 f   LIBCMTD:atox.obj
 0002:0004c7d0       __invoke_watson_if_error   004a77d0 f i LIBCMTD:wassert.obj
 0002:0004c800       __wassert                  004a7800 f   LIBCMTD:wassert.obj
 0002:0004d750       _sin                       004a8750 f   LIBCMTD:sin.obj
 0002:0004d790       __CIsin                    004a8790 f   LIBCMTD:sin.obj
 0002:0004d7cb       __CIsin_default            004a87cb f   LIBCMTD:sin.obj
 0002:0004d7df       __sin_default              004a87df     LIBCMTD:sin.obj
 0002:0004d8d0       @__security_check_cookie@4 004a88d0 f   LIBCMTD:secchk.obj
 0002:0004d8f0       __allmul                   004a88f0 f   LIBCMTD:llmul.obj
 0002:0004d940       __aulldiv                  004a8940 f   LIBCMTD:ulldiv.obj
 0002:0004d9d0       __fpmath                   004a89d0 f   LIBCMTD:fpinit.obj
 0002:0004d9f0       ___setfflag                004a89f0 f   LIBCMTD:fpinit.obj
 0002:0004da20       __cfltcvt_init             004a8a20 f   LIBCMTD:fpinit.obj
 0002:0004de00       _mainCRTStartup            004a8e00 f   LIBCMTD:crt0.obj
 0002:0004de20       _memset                    004a8e20 f   LIBCMTD:memset.obj
 0002:0004dee0       __snprintf                 004a8ee0 f   LIBCMTD:snprintf.obj
 0002:0004e130       __snprintf_l               004a9130 f   LIBCMTD:snprintf.obj
 0002:0004e170       __scprintf                 004a9170 f   LIBCMTD:sprintf.obj
 0002:0004e1a0       __scprintf_l               004a91a0 f   LIBCMTD:sprintf.obj
 0002:0004e1d0       __scprintf_p               004a91d0 f   LIBCMTD:sprintf.obj
 0002:0004e200       __scprintf_p_l             004a9200 f   LIBCMTD:sprintf.obj
 0002:0004e230       __snprintf_s               004a9230 f   LIBCMTD:sprintf.obj
 0002:0004e270       __snprintf_s_l             004a9270 f   LIBCMTD:sprintf.obj
 0002:0004e2b0       __sprintf_l                004a92b0 f   LIBCMTD:sprintf.obj
 0002:0004e2e0       __sprintf_p                004a92e0 f   LIBCMTD:sprintf.obj
 0002:0004e320       __sprintf_p_l              004a9320 f   LIBCMTD:sprintf.obj
 0002:0004e360       __sprintf_s_l              004a9360 f   LIBCMTD:sprintf.obj
 0002:0004e3a0       _sprintf                   004a93a0 f   LIBCMTD:sprintf.obj
 0002:0004e5d0       _sprintf_s                 004a95d0 f   LIBCMTD:sprintf.obj
 0002:0004e610       _memcpy                    004a9610 f   LIBCMTD:memcpy.obj
 0002:0004edf0       ??0_LocaleUpdate@@QAE@PAUlocaleinfo_struct@@@Z 004a9df0 f i LIBCMTD:stricmp.obj
 0002:0004ef00       ??1_LocaleUpdate@@QAE@XZ   004a9f00 f i LIBCMTD:stricmp.obj
 0002:0004ef40       ?GetLocaleT@_LocaleUpdate@@QAEPAUlocaleinfo_struct@@XZ 004a9f40 f i LIBCMTD:stricmp.obj
 0002:0004ef60       ___ascii_stricmp           004a9f60 f   LIBCMTD:stricmp.obj
 0002:0004f000       __stricmp                  004aa000 f   LIBCMTD:stricmp.obj
 0002:0004f180       __stricmp_l                004aa180 f   LIBCMTD:stricmp.obj
 0002:0004f3d0       _strlen                    004aa3d0 f   LIBCMTD:strlen.obj
 0002:0004f480       ___isascii                 004aa480 f i LIBCMTD:_ctype.obj
 0002:0004f4b0       ___iscsym                  004aa4b0 f i LIBCMTD:_ctype.obj
 0002:0004f500       ___iscsymf                 004aa500 f i LIBCMTD:_ctype.obj
 0002:0004f540       ___toascii                 004aa540 f i LIBCMTD:_ctype.obj
 0002:0004f550       __isalnum_l                004aa550 f i LIBCMTD:_ctype.obj
 0002:0004f5f0       __isalpha_l                004aa5f0 f i LIBCMTD:_ctype.obj
 0002:0004f690       __isblank_l                004aa690 f i LIBCMTD:_ctype.obj
 0002:0004f750       __iscntrl_l                004aa750 f i LIBCMTD:_ctype.obj
 0002:0004f7f0       __iscsym_l                 004aa7f0 f i LIBCMTD:_ctype.obj
 0002:0004f840       __iscsymf_l                004aa840 f i LIBCMTD:_ctype.obj
 0002:0004f890       __isdigit_l                004aa890 f i LIBCMTD:_ctype.obj
 0002:0004f930       __isgraph_l                004aa930 f i LIBCMTD:_ctype.obj
 0002:0004f9d0       __islower_l                004aa9d0 f i LIBCMTD:_ctype.obj
 0002:0004fa70       __isprint_l                004aaa70 f i LIBCMTD:_ctype.obj
 0002:0004fb10       __ispunct_l                004aab10 f i LIBCMTD:_ctype.obj
 0002:0004fbb0       __isspace_l                004aabb0 f i LIBCMTD:_ctype.obj
 0002:0004fc50       __isupper_l                004aac50 f i LIBCMTD:_ctype.obj
 0002:0004fcf0       __isxdigit_l               004aacf0 f i LIBCMTD:_ctype.obj
 0002:0004fd90       _isalnum                   004aad90 f i LIBCMTD:_ctype.obj
 0002:0004fdd0       _isalpha                   004aadd0 f i LIBCMTD:_ctype.obj
 0002:0004fe10       _isblank                   004aae10 f i LIBCMTD:_ctype.obj
 0002:0004fe70       _iscntrl                   004aae70 f i LIBCMTD:_ctype.obj
 0002:0004feb0       _isdigit                   004aaeb0 f i LIBCMTD:_ctype.obj
 0002:0004fef0       _isgraph                   004aaef0 f i LIBCMTD:_ctype.obj
 0002:0004ff30       _islower                   004aaf30 f i LIBCMTD:_ctype.obj
 0002:0004ff70       _isprint                   004aaf70 f i LIBCMTD:_ctype.obj
 0002:0004ffb0       _ispunct                   004aafb0 f i LIBCMTD:_ctype.obj
 0002:0004fff0       _isspace                   004aaff0 f i LIBCMTD:_ctype.obj
 0002:00050030       _isupper                   004ab030 f i LIBCMTD:_ctype.obj
 0002:00050070       _isxdigit                  004ab070 f i LIBCMTD:_ctype.obj
 0002:000500b0       __setjmp3                  004ab0b0 f   LIBCMTD:setjmp3.obj
 0002:00050150       ___raise_securityfailure   004ab150 f   LIBCMTD:gs_report.obj
[...]
 0004:00008190       __umaskval                 00551190     LIBCMTD:crt0dat.obj
 0004:00008194       __exitflag                 00551194     LIBCMTD:crt0dat.obj
 0004:00008198       __C_Termination_Done       00551198     LIBCMTD:crt0dat.obj
 0004:0000819c       ___winitenv                0055119c     LIBCMTD:crt0dat.obj
 0004:000081a0       ___initenv                 005511a0     LIBCMTD:crt0dat.obj
 0004:000081a4       ___argc                    005511a4     LIBCMTD:crt0dat.obj
 0004:000081a8       ___argv                    005511a8     LIBCMTD:crt0dat.obj
 0004:000081ac       ___wargv                   005511ac     LIBCMTD:crt0dat.obj
 0004:000081b0       __environ                  005511b0     LIBCMTD:crt0dat.obj
 0004:000081b4       __wenviron                 005511b4     LIBCMTD:crt0dat.obj
 0004:000081b8       __pgmptr                   005511b8     LIBCMTD:crt0dat.obj
 0004:000081bc       __wpgmptr                  005511bc     LIBCMTD:crt0dat.obj
 0004:000081c0       __C_Exit_Done              005511c0     LIBCMTD:crt0dat.obj
 0004:00008390       ___crtDebugCheckCount      00551390     LIBCMTD:dbgheap.obj
 0004:00008398       ?_pfnDumpClient@@3P6AXPAXI@ZA 00551398     LIBCMTD:dbgheap.obj
 0004:000083bc       ___pInvalidArgHandler      005513bc     LIBCMTD:invarg.obj
 0004:000083c0       ___pioinfo                 005513c0     LIBCMTD:ioinit.obj
 0004:000084f4       __stdbuf                   005514f4     LIBCMTD:_sftbuf.obj
 0004:00008500       ___error_mode              00551500     LIBCMTD:errmode.obj
 0004:00008538       ___app_type                00551538     LIBCMTD:crt0msg.obj
 0004:00008ca4       __crtheap                  00551ca4     LIBCMTD:heapinit.obj
 0004:00008de4       ___isa_available           00551de4     LIBCMTD:cpu_disp.obj
 0004:00008de8       ___favor                   00551de8     LIBCMTD:cpu_disp.obj
 0004:00008df0       ___mbcodepage              00551df0     LIBCMTD:mbctype.obj
 0004:00008df4       ___ismbcodepage            00551df4     LIBCMTD:mbctype.obj
 0004:00008df8       ___mbulinfo                00551df8     LIBCMTD:mbctype.obj
 0004:00008e04       ___mblocalename            00551e04     LIBCMTD:mbctype.obj
 0004:00008e14       ___locale_changed          00551e14     LIBCMTD:wsetloca.obj
 0004:00008e18       __newmode                  00551e18     LIBCMTD:_newmode.obj
 0004:00008e20       ?__pInconsistency@@3P6AXXZA 00551e20     LIBCMTD:hooks.obj
 0004:00008e24       ?_pnhHeap@@3P6AHI@ZA       00551e24     LIBCMTD:handler.obj
 0004:00008e28       ___pPurecall               00551e28     LIBCMTD:inithelp.obj
 0004:00008e30       __outputformat             00551e30     LIBCMTD:outputformat.obj
 0004:00008e34       ___lconv_static_null       00551e34     LIBCMTD:lconv.obj
 0004:00008e38       ___lconv_static_W_null     00551e38     LIBCMTD:lconv.obj
 0004:00008e40       ?g_OutOfMemoryExceptionCallback@@3P6GPAXXZA 00551e40     LIBCMTD:frame.obj
 0004:00008e50       ?pArgList@UnDecorator@@0PAVReplicator@@A 00551e50     LIBCMTD:undname.obj
 0004:00008e54       ?pZNameList@UnDecorator@@0PAVReplicator@@A 00551e54     LIBCMTD:undname.obj
 0004:00008e58       ?pTemplateArgList@UnDecorator@@0PAVReplicator@@A 00551e58     LIBCMTD:undname.obj
 0004:00008e5c       ?gName@UnDecorator@@0PBDB  00551e5c     LIBCMTD:undname.obj
 0004:00008e60       ?name@UnDecorator@@0PBDB   00551e60     LIBCMTD:undname.obj
 0004:00008e64       ?outputString@UnDecorator@@0PADA 00551e64     LIBCMTD:undname.obj
 0004:00008e68       ?maxStringLength@UnDecorator@@0HA 00551e68     LIBCMTD:undname.obj
 0004:00008e6c       ?disableFlags@UnDecorator@@0KA 00551e6c     LIBCMTD:undname.obj
 0004:00008e70       ?fExplicitTemplateParams@UnDecorator@@0_NA 00551e70     LIBCMTD:undname.obj
 0004:00008e71       ?fGetTemplateArgumentList@UnDecorator@@0_NA 00551e71     LIBCMTD:undname.obj
 0004:00008e74       ?m_pGetParameter@UnDecorator@@0P6APADJ@ZA 00551e74     LIBCMTD:undname.obj
 0004:00008ef8       ?nodes@?1??make@DNameStatusNode@@SAPAV2@W4DNameStatus@@@Z@4PAV2@A 00551ef8     LIBCMTD:undname.obj
 0004:00008f34       ??_B?1??make@DNameStatusNode@@SAPAV1@W4DNameStatus@@@Z@51 00551f34     LIBCMTD:undname.obj
 0004:00009514       _PJ_NO_MEMORY_EXCEPTION    00552514     <common>
 0004:00009520       _bit_string                00552520     <common>
 0004:00009a00       _ctr_prng                  00552a00     <common>
 0004:00009b34       __pReportHookListW         00552b34     <common>
 0004:00009b44       __pReportHookList          00552b44     <common>
 0004:00009b48       __pfnReportHook            00552b48     <common>
 0004:00009b4c       __pmatherr                 00552b4c     <common>
 0004:00009b60       _encodedKERNEL32Functions  00552b60     <common>
 0004:00009c08       __debugger_hook_dummy      00552c08     <common>
 0004:00009c14       ___unguarded_readlc_active 00552c14     <common>
 0004:00009c24       ___setlc_active            00552c24     <common>
 0004:00009c28       ___use_sse2_mathfcns       00552c28     <common>
 0004:00009c34       __nhandle                  00552c34     <common>
 0004:00009c40       ___dyn_tls_init_callback   00552c40     <common>
 0004:00009c50       ___onexitend               00552c50     <common>
 0004:00009c54       ___onexitbegin             00552c54     <common>
 0004:00009c58       ___mbctype_initialized     00552c58     <common>
 0004:00009c5c       ___env_initialized         00552c5c     <common>
 0004:00009c60       __setjmpexused             00552c60     <common>
 0004:00009c6c       __acmdln                   00552c6c     <common>
 0004:00009c80       __bufin                    00552c80     <common>
 0004:0000afbc       ___piob                    00553fbc     <common>
 0004:0000afc0       __nstream                  00553fc0     <common>
 0005:00000000       __imp__EncodePointer@4     00554000     kernel32:KERNEL32.dll
 0005:00000004       __imp__GetStringTypeW@16   00554004     kernel32:KERNEL32.dll
 0005:00000008       __imp__SetFilePointerEx@20 00554008     kernel32:KERNEL32.dll
 0005:0000000c       __imp__OutputDebugStringA@4 0055400c     kernel32:KERNEL32.dll
 0005:00000010       __imp__ReadConsoleW@20     00554010     kernel32:KERNEL32.dll
 0005:00000014       __imp__ReadFile@20         00554014     kernel32:KERNEL32.dll
 0005:00000018       __imp__HeapAlloc@12        00554018     kernel32:KERNEL32.dll
 0005:0000001c       __imp__HeapQueryInformation@20 0055401c     kernel32:KERNEL32.dll
 0005:00000020       __imp__HeapSize@12         00554020     kernel32:KERNEL32.dll
 0005:00000024       __imp__HeapReAlloc@16      00554024     kernel32:KERNEL32.dll
 0005:00000028       __imp__HeapFree@12         00554028     kernel32:KERNEL32.dll
 0005:0000002c       __imp__GetConsoleMode@8    0055402c     kernel32:KERNEL32.dll
 0005:00000030       __imp__GetConsoleCP@0      00554030     kernel32:KERNEL32.dll
 0005:00000034       __imp__FlushFileBuffers@4  00554034     kernel32:KERNEL32.dll
 0005:00000038       __imp__RaiseException@16   00554038     kernel32:KERNEL32.dll
 0005:0000003c       __imp__CreateSemaphoreW@16 0055403c     kernel32:KERNEL32.dll
 0005:00000040       __imp__GetModuleHandleW@4  00554040     kernel32:KERNEL32.dll
 0005:00000044       __imp__GetTickCount@0      00554044     kernel32:KERNEL32.dll
 0005:00000048       __imp__TerminateProcess@8  00554048     kernel32:KERNEL32.dll
 0005:0000004c       __imp__GetCurrentProcess@0 0055404c     kernel32:KERNEL32.dll
 0005:00000050       __imp__CreateEventW@16     00554050     kernel32:KERNEL32.dll
 0005:00000054       __imp__InitializeCriticalSectionAndSpinCount@8 00554054     kernel32:KERNEL32.dll
 0005:00000058       __imp__SetUnhandledExceptionFilter@4 00554058     kernel32:KERNEL32.dll
 0005:0000005c       __imp__UnhandledExceptionFilter@4 0055405c     kernel32:KERNEL32.dll
 0005:00000060       __imp__GetCPInfo@8         00554060     kernel32:KERNEL32.dll
 0005:00000064       __imp__WaitForMultipleObjects@16 00554064     kernel32:KERNEL32.dll
 0005:00000068       __imp__CreateFileW@28      00554068     kernel32:KERNEL32.dll
 0005:0000006c       __imp__SetStdHandle@8      0055406c     kernel32:KERNEL32.dll
 0005:00000070       __imp__LCMapStringW@24     00554070     kernel32:KERNEL32.dll
 0005:00000074       __imp__CompareStringW@24   00554074     kernel32:KERNEL32.dll
 0005:00000078       __imp__GetTimeFormatW@24   00554078     kernel32:KERNEL32.dll
 0005:0000007c       __imp__GetDateFormatW@24   0055407c     kernel32:KERNEL32.dll
 0005:00000080       __imp__EnumSystemLocalesW@8 00554080     kernel32:KERNEL32.dll
 0005:00000084       __imp__GetUserDefaultLCID@0 00554084     kernel32:KERNEL32.dll
 0005:00000088       __imp__IsValidLocale@8     00554088     kernel32:KERNEL32.dll
 0005:0000008c       __imp__GetStdHandle@4      0055408c     kernel32:KERNEL32.dll
 0005:00000090       __imp__CloseHandle@4       00554090     kernel32:KERNEL32.dll
 0005:00000094       __imp__GetLastError@0      00554094     kernel32:KERNEL32.dll
 0005:00000098       __imp__InitializeCriticalSection@4 00554098     kernel32:KERNEL32.dll
 0005:0000009c       __imp__EnterCriticalSection@4 0055409c     kernel32:KERNEL32.dll
 0005:000000a0       __imp__LeaveCriticalSection@4 005540a0     kernel32:KERNEL32.dll
 0005:000000a4       __imp__TryEnterCriticalSection@4 005540a4     kernel32:KERNEL32.dll
 0005:000000a8       __imp__DeleteCriticalSection@4 005540a8     kernel32:KERNEL32.dll
 0005:000000ac       __imp__SetEvent@4          005540ac     kernel32:KERNEL32.dll
 0005:000000b0       __imp__ResetEvent@4        005540b0     kernel32:KERNEL32.dll
 0005:000000b4       __imp__ReleaseSemaphore@12 005540b4     kernel32:KERNEL32.dll
 0005:000000b8       __imp__WaitForSingleObject@8 005540b8     kernel32:KERNEL32.dll
 0005:000000bc       __imp__CreateEventA@16     005540bc     kernel32:KERNEL32.dll
 0005:000000c0       __imp__Sleep@4             005540c0     kernel32:KERNEL32.dll
 0005:000000c4       __imp__GetCurrentProcessId@0 005540c4     kernel32:KERNEL32.dll
 0005:000000c8       __imp__CreateThread@24     005540c8     kernel32:KERNEL32.dll
 0005:000000cc       __imp__GetCurrentThread@0  005540cc     kernel32:KERNEL32.dll
 0005:000000d0       __imp__GetCurrentThreadId@0 005540d0     kernel32:KERNEL32.dll
 0005:000000d4       __imp__SetThreadPriority@8 005540d4     kernel32:KERNEL32.dll
 0005:000000d8       __imp__GetThreadPriority@4 005540d8     kernel32:KERNEL32.dll
 0005:000000dc       __imp__ResumeThread@4      005540dc     kernel32:KERNEL32.dll
 0005:000000e0       __imp__TlsAlloc@0          005540e0     kernel32:KERNEL32.dll
 0005:000000e4       __imp__TlsGetValue@4       005540e4     kernel32:KERNEL32.dll
 0005:000000e8       __imp__TlsSetValue@8       005540e8     kernel32:KERNEL32.dll
 0005:000000ec       __imp__TlsFree@4           005540ec     kernel32:KERNEL32.dll
 0005:000000f0       __imp__PulseEvent@4        005540f0     kernel32:KERNEL32.dll
 0005:000000f4       __imp__CreateSemaphoreA@16 005540f4     kernel32:KERNEL32.dll
 0005:000000f8       __imp__GetConsoleScreenBufferInfo@8 005540f8     kernel32:KERNEL32.dll
 0005:000000fc       __imp__SetConsoleTextAttribute@8 005540fc     kernel32:KERNEL32.dll
 0005:00000100       __imp__GetLocalTime@4      00554100     kernel32:KERNEL32.dll
 0005:00000104       __imp__FileTimeToSystemTime@8 00554104     kernel32:KERNEL32.dll
 0005:00000108       __imp__SystemTimeToFileTime@8 00554108     kernel32:KERNEL32.dll
 0005:0000010c       __imp__QueryPerformanceCounter@4 0055410c     kernel32:KERNEL32.dll
 0005:00000110       __imp__QueryPerformanceFrequency@4 00554110     kernel32:KERNEL32.dll
 0005:00000114       __imp__SetLastError@4      00554114     kernel32:KERNEL32.dll
 0005:00000118       __imp__FormatMessageA@28   00554118     kernel32:KERNEL32.dll
 0005:0000011c       __imp__FreeLibrary@4       0055411c     kernel32:KERNEL32.dll
 0005:00000120       __imp__GetProcAddress@8    00554120     kernel32:KERNEL32.dll
 0005:00000124       __imp__LoadLibraryA@4      00554124     kernel32:KERNEL32.dll
 0005:00000128       __imp__GetFileType@4       00554128     kernel32:KERNEL32.dll
 0005:0000012c       __imp__GetModuleFileNameW@12 0055412c     kernel32:KERNEL32.dll
 0005:00000130       __imp__GetModuleHandleExW@12 00554130     kernel32:KERNEL32.dll
 0005:00000134       __imp__WriteConsoleW@20    00554134     kernel32:KERNEL32.dll
 0005:00000138       __imp__GetCommandLineA@0   00554138     kernel32:KERNEL32.dll
 0005:0000013c       __imp__IsDebuggerPresent@0 0055413c     kernel32:KERNEL32.dll
 0005:00000140       __imp__IsProcessorFeaturePresent@4 00554140     kernel32:KERNEL32.dll
 0005:00000144       __imp__RtlUnwind@16        00554144     kernel32:KERNEL32.dll
 0005:00000148       __imp__GetOEMCP@0          00554148     kernel32:KERNEL32.dll
 0005:0000014c       __imp__DecodePointer@4     0055414c     kernel32:KERNEL32.dll
 0005:00000150       __imp__ExitProcess@4       00554150     kernel32:KERNEL32.dll
 0005:00000154       __imp__AreFileApisANSI@0   00554154     kernel32:KERNEL32.dll
 0005:00000158       __imp__MultiByteToWideChar@24 00554158     kernel32:KERNEL32.dll
 0005:0000015c       __imp__WideCharToMultiByte@32 0055415c     kernel32:KERNEL32.dll
 0005:00000160       __imp__GetSystemTimeAsFileTime@4 00554160     kernel32:KERNEL32.dll
 0005:00000164       __imp__FatalAppExitA@8     00554164     kernel32:KERNEL32.dll
 0005:00000168       __imp__HeapValidate@12     00554168     kernel32:KERNEL32.dll
 0005:0000016c       __imp__GetSystemInfo@4     0055416c     kernel32:KERNEL32.dll
 0005:00000170       __imp__GetStartupInfoW@4   00554170     kernel32:KERNEL32.dll
 0005:00000174       __imp__SetConsoleCtrlHandler@8 00554174     kernel32:KERNEL32.dll
 0005:00000178       __imp__OutputDebugStringW@4 00554178     kernel32:KERNEL32.dll
 0005:0000017c       __imp__WaitForSingleObjectEx@12 0055417c     kernel32:KERNEL32.dll
 0005:00000180       __imp__LoadLibraryExW@12   00554180     kernel32:KERNEL32.dll
 0005:00000184       __imp__WriteFile@20        00554184     kernel32:KERNEL32.dll
 0005:00000188       __imp__GetProcessHeap@0    00554188     kernel32:KERNEL32.dll
 0005:0000018c       __imp__GetModuleFileNameA@12 0055418c     kernel32:KERNEL32.dll
 0005:00000190       __imp__GetEnvironmentStringsW@0 00554190     kernel32:KERNEL32.dll
 0005:00000194       __imp__FreeEnvironmentStringsW@4 00554194     kernel32:KERNEL32.dll
 0005:00000198       __imp__IsValidCodePage@4   00554198     kernel32:KERNEL32.dll
 0005:0000019c       __imp__GetACP@0            0055419c     kernel32:KERNEL32.dll
 0005:000001a0       __imp__GetLocaleInfoW@16   005541a0     kernel32:KERNEL32.dll
 0005:000001a4       \177KERNEL32_NULL_THUNK_DATA 005541a4     kernel32:KERNEL32.dll
 0005:00000224       __imp__waveOutGetErrorTextA@12 00554224     winmm:WINMM.dll
 0005:00000228       __imp__waveInGetErrorTextA@12 00554228     winmm:WINMM.dll
 0005:0000022c       __imp__waveOutGetNumDevs@0 0055422c     winmm:WINMM.dll
 0005:00000230       __imp__waveOutGetDevCapsA@12 00554230     winmm:WINMM.dll
 0005:00000234       __imp__waveOutGetVolume@8  00554234     winmm:WINMM.dll
 0005:00000238       __imp__waveOutSetVolume@8  00554238     winmm:WINMM.dll
 0005:0000023c       __imp__waveOutOpen@24      0055423c     winmm:WINMM.dll
 0005:00000240       __imp__waveOutClose@4      00554240     winmm:WINMM.dll
 0005:00000244       __imp__waveOutPrepareHeader@12 00554244     winmm:WINMM.dll
 0005:00000248       __imp__waveOutUnprepareHeader@12 00554248     winmm:WINMM.dll
 0005:0000024c       __imp__waveOutWrite@12     0055424c     winmm:WINMM.dll
 0005:00000250       __imp__waveOutPause@4      00554250     winmm:WINMM.dll
 0005:00000254       __imp__waveOutRestart@4    00554254     winmm:WINMM.dll
 0005:00000258       __imp__waveOutReset@4      00554258     winmm:WINMM.dll
 0005:0000025c       __imp__waveInGetNumDevs@0  0055425c     winmm:WINMM.dll
 0005:00000260       __imp__waveInGetDevCapsA@12 00554260     winmm:WINMM.dll
 0005:00000264       __imp__waveInOpen@24       00554264     winmm:WINMM.dll
 0005:00000268       __imp__waveInClose@4       00554268     winmm:WINMM.dll
 0005:0000026c       __imp__waveInPrepareHeader@12 0055426c     winmm:WINMM.dll
 0005:00000270       __imp__waveInUnprepareHeader@12 00554270     winmm:WINMM.dll
 0005:00000274       __imp__waveInAddBuffer@12  00554274     winmm:WINMM.dll
 0005:00000278       __imp__waveInStart@4       00554278     winmm:WINMM.dll
 0005:0000027c       __imp__waveInStop@4        0055427c     winmm:WINMM.dll
 0005:00000280       __imp__waveInReset@4       00554280     winmm:WINMM.dll
 0005:00000284       \177WINMM_NULL_THUNK_DATA  00554284     winmm:WINMM.dll
 0005:000002c0       __imp__select@20           005542c0     ws2_32:WS2_32.dll
 0005:000002c4       __imp____WSAFDIsSet@8      005542c4     ws2_32:WS2_32.dll
 0005:000002c8       __imp__gethostbyname@4     005542c8     ws2_32:WS2_32.dll
 0005:000002cc       __imp__WSASetLastError@4   005542cc     ws2_32:WS2_32.dll
 0005:000002d0       __imp__ioctlsocket@12      005542d0     ws2_32:WS2_32.dll
 0005:000002d4       __imp__WSAStringToAddressA@20 005542d4     ws2_32:WS2_32.dll
 0005:000002d8       __imp__WSAAddressToStringA@20 005542d8     ws2_32:WS2_32.dll
 0005:000002dc       __imp__WSASocketA@24       005542dc     ws2_32:WS2_32.dll
 0005:000002e0       __imp__WSAIoctl@36         005542e0     ws2_32:WS2_32.dll
 0005:000002e4       __imp__gethostname@8       005542e4     ws2_32:WS2_32.dll
 0005:000002e8       __imp__shutdown@8          005542e8     ws2_32:WS2_32.dll
 0005:000002ec       __imp__setsockopt@20       005542ec     ws2_32:WS2_32.dll
 0005:000002f0       __imp__sendto@24           005542f0     ws2_32:WS2_32.dll
 0005:000002f4       __imp__send@16             005542f4     ws2_32:WS2_32.dll
 0005:000002f8       __imp__recvfrom@24         005542f8     ws2_32:WS2_32.dll
 0005:000002fc       __imp__recv@16             005542fc     ws2_32:WS2_32.dll
 0005:00000300       __imp__ntohs@4             00554300     ws2_32:WS2_32.dll
 0005:00000304       __imp__ntohl@4             00554304     ws2_32:WS2_32.dll
 0005:00000308       __imp__listen@8            00554308     ws2_32:WS2_32.dll
 0005:0000030c       __imp__inet_ntoa@4         0055430c     ws2_32:WS2_32.dll
 0005:00000310       __imp__inet_addr@4         00554310     ws2_32:WS2_32.dll
 0005:00000314       __imp__htons@4             00554314     ws2_32:WS2_32.dll
 0005:00000318       __imp__htonl@4             00554318     ws2_32:WS2_32.dll
 0005:0000031c       __imp__getsockopt@20       0055431c     ws2_32:WS2_32.dll
 0005:00000320       __imp__getsockname@12      00554320     ws2_32:WS2_32.dll
 0005:00000324       __imp__getpeername@12      00554324     ws2_32:WS2_32.dll
 0005:00000328       __imp__connect@12          00554328     ws2_32:WS2_32.dll
 0005:0000032c       __imp__closesocket@4       0055432c     ws2_32:WS2_32.dll
 0005:00000330       __imp__bind@12             00554330     ws2_32:WS2_32.dll
 0005:00000334       __imp__accept@12           00554334     ws2_32:WS2_32.dll
 0005:00000338       __imp__WSAGetLastError@0   00554338     ws2_32:WS2_32.dll
 0005:0000033c       __imp__WSACleanup@0        0055433c     ws2_32:WS2_32.dll
 0005:00000340       __imp__WSAStartup@8        00554340     ws2_32:WS2_32.dll
 0005:00000344       \177WS2_32_NULL_THUNK_DATA 00554344     ws2_32:WS2_32.dll
 0005:00000388       __imp__CoCreateGuid@4      00554388     ole32:ole32.dll
 0005:0000038c       \177ole32_NULL_THUNK_DATA  0055438c     ole32:ole32.dll
 0005:000003b8       __IMPORT_DESCRIPTOR_ole32  005543b8     ole32:ole32.dll
 0005:000003cc       __IMPORT_DESCRIPTOR_WS2_32 005543cc     ws2_32:WS2_32.dll
 0005:000003e0       __IMPORT_DESCRIPTOR_KERNEL32 005543e0     kernel32:KERNEL32.dll
 0005:000003f4       __IMPORT_DESCRIPTOR_WINMM  005543f4     winmm:WINMM.dll
 0005:00000408       __NULL_IMPORT_DESCRIPTOR   00554408     ole32:ole32.dll
