 sipecho

 Timestamp is 54dd983c (Fri Feb 13 14:22:52 2015)

 Preferred load address is 00400000

 Start         Length     Name                   Class
 0001:00000000 00067731H .textbss                DATA
 0002:00000000 000d46e4H .text$mn                CODE
 0002:000d46f0 00001161H .text$x                 CODE
 0003:00000000 00000104H .CRT$XCA                DATA
 0003:00000104 00000104H .CRT$XCZ                DATA
 0003:00000208 00000104H .CRT$XIA                DATA
 0003:0000030c 00000113H .CRT$XIC                DATA
 0003:00000420 00000104H .CRT$XIY                DATA
 0003:00000524 00000104H .CRT$XIZ                DATA
 0003:00000628 00000104H .CRT$XPA                DATA
 0003:0000072c 00000109H .CRT$XPX                DATA
 0003:00000838 00000104H .CRT$XPXA               DATA
 0003:0000093c 00000104H .CRT$XPZ                DATA
 0003:00000a40 00000104H .CRT$XTA                DATA
 0003:00000b44 00000104H .CRT$XTZ                DATA
 0003:00000c50 00028b25H .rdata                  DATA
 0003:00029778 000001c9H .rdata$debug            DATA
 0003:00029944 00000563H .rdata$r                DATA
 0003:00029ea8 00000104H .rtc$IAA                DATA
 0003:00029fac 00000104H .rtc$IZZ                DATA
 0003:0002a0b0 00000104H .rtc$TAA                DATA
 0003:0002a1b4 00000104H .rtc$TZZ                DATA
 0003:0002a2b8 00000e4eH .xdata$x                DATA
 0003:0002b106 00000000H .edata                  DATA
 0004:00000000 0000370dH .data                   DATA
 0004:00003710 00000293H .data$r                 DATA
 0004:000039c0 00007264H .bss                    DATA
 0005:00000000 00000314H .idata$5                DATA
 0005:00000314 0000003cH .idata$2                DATA
 0005:00000350 00000014H .idata$3                DATA
 0005:00000364 00000314H .idata$4                DATA
 0005:00000678 000009f0H .idata$6                DATA

  Address         Publics by Value              Rva+Base       Lib:Object

 0000:00000000       ___safe_se_handler_table   00000000     <absolute>
 0000:00000000       ___guard_fids_count        00000000     <absolute>
 0000:00000000       __except_list              00000000     <absolute>
 0000:00000000       ___safe_se_handler_count   00000000     <absolute>
 0000:00000000       ___guard_flags             00000000     <absolute>
 0000:00000000       ___guard_fids_table        00000000     <absolute>
 0000:00000000       ___ImageBase               00400000     <linker-defined>
 0001:00000000       __enc$textbss$begin        00401000     <linker-defined>
 0001:00067731       __enc$textbss$end          00468731     <linker-defined>
 0002:000050a0       _get_snd_options           0046e0a0 f   sipecho.obj
 0002:00005400       _dump_pool_usage           0046e400 f   sipecho.obj
 0002:000064f0       _main                      0046f4f0 f   sipecho.obj
 0002:0000be30       _pjsip_create_sdp_body     00474e30 f   pjsip-ua-i386-win32-vc8-debug:sip_inv.obj
 0002:0000bf20       _pjsip_dlg_get_inv_session 00474f20 f   pjsip-ua-i386-win32-vc8-debug:sip_inv.obj
 0002:0000bf50       _pjsip_inv_answer          00474f50 f   pjsip-ua-i386-win32-vc8-debug:sip_inv.obj
 0002:0000c140       _pjsip_inv_cancel_reinvite 00475140 f   pjsip-ua-i386-win32-vc8-debug:sip_inv.obj
 0002:0000c2e0       _pjsip_inv_create_ack      004752e0 f   pjsip-ua-i386-win32-vc8-debug:sip_inv.obj
 0002:0000c470       _pjsip_inv_create_uac      00475470 f   pjsip-ua-i386-win32-vc8-debug:sip_inv.obj
 0002:0000c740       _pjsip_inv_create_uas      00475740 f   pjsip-ua-i386-win32-vc8-debug:sip_inv.obj
 0002:0000cbd0       _pjsip_inv_end_session     00475bd0 f   pjsip-ua-i386-win32-vc8-debug:sip_inv.obj
 0002:0000cf10       _pjsip_inv_initial_answer  00475f10 f   pjsip-ua-i386-win32-vc8-debug:sip_inv.obj
 0002:0000d190       _pjsip_inv_invite          00476190 f   pjsip-ua-i386-win32-vc8-debug:sip_inv.obj
 0002:0000d5c0       _pjsip_inv_process_redirect 004765c0 f   pjsip-ua-i386-win32-vc8-debug:sip_inv.obj
 0002:0000db20       _pjsip_inv_reinvite        00476b20 f   pjsip-ua-i386-win32-vc8-debug:sip_inv.obj
 0002:0000de20       _pjsip_inv_send_msg        00476e20 f   pjsip-ua-i386-win32-vc8-debug:sip_inv.obj
 0002:0000e180       _pjsip_inv_set_local_sdp   00477180 f   pjsip-ua-i386-win32-vc8-debug:sip_inv.obj
 0002:0000e2c0       _pjsip_inv_set_sdp_answer  004772c0 f   pjsip-ua-i386-win32-vc8-debug:sip_inv.obj
 0002:0000e370       _pjsip_inv_state_name      00477370 f   pjsip-ua-i386-win32-vc8-debug:sip_inv.obj
 0002:0000e3e0       _pjsip_inv_terminate       004773e0 f   pjsip-ua-i386-win32-vc8-debug:sip_inv.obj
 0002:0000e4e0       _pjsip_inv_uac_restart     004774e0 f   pjsip-ua-i386-win32-vc8-debug:sip_inv.obj
 0002:0000e5c0       _pjsip_inv_update          004775c0 f   pjsip-ua-i386-win32-vc8-debug:sip_inv.obj
 0002:0000e990       _pjsip_inv_usage_init      00477990 f   pjsip-ua-i386-win32-vc8-debug:sip_inv.obj
 0002:0000eaf0       _pjsip_inv_usage_instance  00477af0 f   pjsip-ua-i386-win32-vc8-debug:sip_inv.obj
 0002:0000eb10       _pjsip_inv_verify_request  00477b10 f   pjsip-ua-i386-win32-vc8-debug:sip_inv.obj
 0002:0000eb60       _pjsip_inv_verify_request2 00477b60 f   pjsip-ua-i386-win32-vc8-debug:sip_inv.obj
 0002:0000ebb0       _pjsip_inv_verify_request3 00477bb0 f   pjsip-ua-i386-win32-vc8-debug:sip_inv.obj
 0002:0000fd60       _pjsip_rdata_get_sdp_info  00478d60 f   pjsip-ua-i386-win32-vc8-debug:sip_inv.obj
 0002:00010c70       _pjsip_100rel_attach       00479c70 f   pjsip-ua-i386-win32-vc8-debug:sip_100rel.obj
 0002:00010d50       _pjsip_100rel_create_prack 00479d50 f   pjsip-ua-i386-win32-vc8-debug:sip_100rel.obj
 0002:00011260       _pjsip_100rel_end_session  0047a260 f   pjsip-ua-i386-win32-vc8-debug:sip_100rel.obj
 0002:00011320       _pjsip_100rel_init_module  0047a320 f   pjsip-ua-i386-win32-vc8-debug:sip_100rel.obj
 0002:00011360       _pjsip_100rel_is_reliable  0047a360 f   pjsip-ua-i386-win32-vc8-debug:sip_100rel.obj
 0002:00011420       _pjsip_100rel_on_rx_prack  0047a420 f   pjsip-ua-i386-win32-vc8-debug:sip_100rel.obj
 0002:00011790       _pjsip_100rel_send_prack   0047a790 f   pjsip-ua-i386-win32-vc8-debug:sip_100rel.obj
 0002:00011840       _pjsip_100rel_tx_response  0047a840 f   pjsip-ua-i386-win32-vc8-debug:sip_100rel.obj
 0002:00012020       _pjsip_get_prack_method    0047b020 f   pjsip-ua-i386-win32-vc8-debug:sip_100rel.obj
 0002:00012ac0       _pjsip_min_se_hdr_create   0047bac0 f   pjsip-ua-i386-win32-vc8-debug:sip_timer.obj
 0002:00012ba0       _pjsip_sess_expires_hdr_create 0047bba0 f   pjsip-ua-i386-win32-vc8-debug:sip_timer.obj
 0002:00012c90       _pjsip_timer_end_session   0047bc90 f   pjsip-ua-i386-win32-vc8-debug:sip_timer.obj
 0002:00012d20       _pjsip_timer_handle_refresh_error 0047bd20 f   pjsip-ua-i386-win32-vc8-debug:sip_timer.obj
 0002:00012f70       _pjsip_timer_init_module   0047bf70 f   pjsip-ua-i386-win32-vc8-debug:sip_timer.obj
 0002:000130f0       _pjsip_timer_init_session  0047c0f0 f   pjsip-ua-i386-win32-vc8-debug:sip_timer.obj
 0002:000132a0       _pjsip_timer_process_req   0047c2a0 f   pjsip-ua-i386-win32-vc8-debug:sip_timer.obj
 0002:000136b0       _pjsip_timer_process_resp  0047c6b0 f   pjsip-ua-i386-win32-vc8-debug:sip_timer.obj
 0002:00013db0       _pjsip_timer_setting_default 0047cdb0 f   pjsip-ua-i386-win32-vc8-debug:sip_timer.obj
 0002:00013df0       _pjsip_timer_update_req    0047cdf0 f   pjsip-ua-i386-win32-vc8-debug:sip_timer.obj
 0002:00013fa0       _pjsip_timer_update_resp   0047cfa0 f   pjsip-ua-i386-win32-vc8-debug:sip_timer.obj
 0002:00017900       _pjsip_accept_hdr_create   00480900 f   pjsip-core-i386-win32-vc8-debug:sip_msg.obj
 0002:00017950       _pjsip_accept_hdr_init     00480950 f   pjsip-core-i386-win32-vc8-debug:sip_msg.obj
 0002:000179a0       _pjsip_allow_hdr_create    004809a0 f   pjsip-core-i386-win32-vc8-debug:sip_msg.obj
 0002:000179f0       _pjsip_allow_hdr_init      004809f0 f   pjsip-core-i386-win32-vc8-debug:sip_msg.obj
 0002:00017a40       _pjsip_cid_hdr_create      00480a40 f   pjsip-core-i386-win32-vc8-debug:sip_msg.obj
 0002:00017a80       _pjsip_cid_hdr_init        00480a80 f   pjsip-core-i386-win32-vc8-debug:sip_msg.obj
 0002:00017ac0       _pjsip_clen_hdr_create     00480ac0 f   pjsip-core-i386-win32-vc8-debug:sip_msg.obj
 0002:00017b00       _pjsip_clen_hdr_init       00480b00 f   pjsip-core-i386-win32-vc8-debug:sip_msg.obj
 0002:00017b50       _pjsip_clone_text_data     00480b50 f   pjsip-core-i386-win32-vc8-debug:sip_msg.obj
 0002:00017bb0       _pjsip_contact_hdr_create  00480bb0 f   pjsip-core-i386-win32-vc8-debug:sip_msg.obj
 0002:00017bf0       _pjsip_contact_hdr_init    00480bf0 f   pjsip-core-i386-win32-vc8-debug:sip_msg.obj
 0002:00017c60       _pjsip_cseq_hdr_create     00480c60 f   pjsip-core-i386-win32-vc8-debug:sip_msg.obj
 0002:00017ca0       _pjsip_cseq_hdr_init       00480ca0 f   pjsip-core-i386-win32-vc8-debug:sip_msg.obj
 0002:00017d10       _pjsip_ctype_hdr_create    00480d10 f   pjsip-core-i386-win32-vc8-debug:sip_msg.obj
 0002:00017d50       _pjsip_ctype_hdr_init      00480d50 f   pjsip-core-i386-win32-vc8-debug:sip_msg.obj
 0002:00017db0       _pjsip_expires_hdr_create  00480db0 f   pjsip-core-i386-win32-vc8-debug:sip_msg.obj
 0002:00017e00       _pjsip_expires_hdr_init    00480e00 f   pjsip-core-i386-win32-vc8-debug:sip_msg.obj
 0002:00017e50       _pjsip_from_hdr_create     00480e50 f   pjsip-core-i386-win32-vc8-debug:sip_msg.obj
 0002:00017e90       _pjsip_from_hdr_init       00480e90 f   pjsip-core-i386-win32-vc8-debug:sip_msg.obj
 0002:00017ef0       _pjsip_fromto_hdr_set_from 00480ef0 f   pjsip-core-i386-win32-vc8-debug:sip_msg.obj
 0002:00017f70       _pjsip_fromto_hdr_set_to   00480f70 f   pjsip-core-i386-win32-vc8-debug:sip_msg.obj
 0002:00017ff0       _pjsip_generic_array_hdr_create 00480ff0 f   pjsip-core-i386-win32-vc8-debug:sip_msg.obj
 0002:00018040       _pjsip_generic_array_hdr_init 00481040 f   pjsip-core-i386-win32-vc8-debug:sip_msg.obj
 0002:000180c0       _pjsip_generic_int_hdr_create 004810c0 f   pjsip-core-i386-win32-vc8-debug:sip_msg.obj
 0002:00018110       _pjsip_generic_int_hdr_init 00481110 f   pjsip-core-i386-win32-vc8-debug:sip_msg.obj
 0002:00018190       _pjsip_generic_string_hdr_create 00481190 f   pjsip-core-i386-win32-vc8-debug:sip_msg.obj
 0002:000181e0       _pjsip_generic_string_hdr_init 004811e0 f   pjsip-core-i386-win32-vc8-debug:sip_msg.obj
 0002:00018270       _pjsip_generic_string_hdr_init2 00481270 f   pjsip-core-i386-win32-vc8-debug:sip_msg.obj
 0002:00018310       _pjsip_get_ack_method      00481310 f   pjsip-core-i386-win32-vc8-debug:sip_msg.obj
 0002:00018330       _pjsip_get_bye_method      00481330 f   pjsip-core-i386-win32-vc8-debug:sip_msg.obj
 0002:00018350       _pjsip_get_cancel_method   00481350 f   pjsip-core-i386-win32-vc8-debug:sip_msg.obj
 0002:00018370       _pjsip_get_invite_method   00481370 f   pjsip-core-i386-win32-vc8-debug:sip_msg.obj
 0002:00018390       _pjsip_get_options_method  00481390 f   pjsip-core-i386-win32-vc8-debug:sip_msg.obj
 0002:000183b0       _pjsip_get_register_method 004813b0 f   pjsip-core-i386-win32-vc8-debug:sip_msg.obj
 0002:000183d0       _pjsip_get_status_text     004813d0 f   pjsip-core-i386-win32-vc8-debug:sip_msg.obj
 0002:00018440       _pjsip_hdr_clone           00481440 f   pjsip-core-i386-win32-vc8-debug:sip_msg.obj
 0002:00018480       _pjsip_hdr_print_on        00481480 f   pjsip-core-i386-win32-vc8-debug:sip_msg.obj
 0002:000184c0       _pjsip_hdr_shallow_clone   004814c0 f   pjsip-core-i386-win32-vc8-debug:sip_msg.obj
 0002:00018500       _pjsip_max_fwd_hdr_create  00481500 f   pjsip-core-i386-win32-vc8-debug:sip_msg.obj
 0002:00018550       _pjsip_max_fwd_hdr_init    00481550 f   pjsip-core-i386-win32-vc8-debug:sip_msg.obj
 0002:000185a0       _pjsip_media_type_cmp      004815a0 f   pjsip-core-i386-win32-vc8-debug:sip_msg.obj
 0002:000186b0       _pjsip_media_type_cp       004816b0 f   pjsip-core-i386-win32-vc8-debug:sip_msg.obj
 0002:00018780       _pjsip_media_type_init     00481780 f   pjsip-core-i386-win32-vc8-debug:sip_msg.obj
 0002:000187f0       _pjsip_media_type_init2    004817f0 f   pjsip-core-i386-win32-vc8-debug:sip_msg.obj
 0002:00018890       _pjsip_media_type_print    00481890 f   pjsip-core-i386-win32-vc8-debug:sip_msg.obj
 0002:000188c0       _pjsip_method_cmp          004818c0 f   pjsip-core-i386-win32-vc8-debug:sip_msg.obj
 0002:00018940       _pjsip_method_copy         00481940 f   pjsip-core-i386-win32-vc8-debug:sip_msg.obj
 0002:000189b0       _pjsip_method_init         004819b0 f   pjsip-core-i386-win32-vc8-debug:sip_msg.obj
 0002:000189f0       _pjsip_method_init_np      004819f0 f   pjsip-core-i386-win32-vc8-debug:sip_msg.obj
 0002:00018ac0       _pjsip_method_set          00481ac0 f   pjsip-core-i386-win32-vc8-debug:sip_msg.obj
 0002:00018b30       _pjsip_min_expires_hdr_create 00481b30 f   pjsip-core-i386-win32-vc8-debug:sip_msg.obj
 0002:00018b80       _pjsip_min_expires_hdr_init 00481b80 f   pjsip-core-i386-win32-vc8-debug:sip_msg.obj
 0002:00018c00       _pjsip_msg_body_clone      00481c00 f   pjsip-core-i386-win32-vc8-debug:sip_msg.obj
 0002:00018ca0       _pjsip_msg_body_copy       00481ca0 f   pjsip-core-i386-win32-vc8-debug:sip_msg.obj
 0002:00018d70       _pjsip_msg_body_create     00481d70 f   pjsip-core-i386-win32-vc8-debug:sip_msg.obj
 0002:00018f00       _pjsip_msg_clone           00481f00 f   pjsip-core-i386-win32-vc8-debug:sip_msg.obj
 0002:00019030       _pjsip_msg_create          00482030 f   pjsip-core-i386-win32-vc8-debug:sip_msg.obj
 0002:00019090       _pjsip_msg_find_hdr        00482090 f   pjsip-core-i386-win32-vc8-debug:sip_msg.obj
 0002:00019100       _pjsip_msg_find_hdr_by_name 00482100 f   pjsip-core-i386-win32-vc8-debug:sip_msg.obj
 0002:00019180       _pjsip_msg_find_hdr_by_names 00482180 f   pjsip-core-i386-win32-vc8-debug:sip_msg.obj
 0002:00019220       _pjsip_msg_find_remove_hdr 00482220 f   pjsip-core-i386-win32-vc8-debug:sip_msg.obj
 0002:00019270       _pjsip_msg_print           00482270 f   pjsip-core-i386-win32-vc8-debug:sip_msg.obj
 0002:00019860       _pjsip_print_text_body     00482860 f   pjsip-core-i386-win32-vc8-debug:sip_msg.obj
 0002:000198b0       _pjsip_require_hdr_create  004828b0 f   pjsip-core-i386-win32-vc8-debug:sip_msg.obj
 0002:00019900       _pjsip_require_hdr_init    00482900 f   pjsip-core-i386-win32-vc8-debug:sip_msg.obj
 0002:00019950       _pjsip_retry_after_hdr_create 00482950 f   pjsip-core-i386-win32-vc8-debug:sip_msg.obj
 0002:000199a0       _pjsip_retry_after_hdr_init 004829a0 f   pjsip-core-i386-win32-vc8-debug:sip_msg.obj
 0002:00019a10       _pjsip_route_hdr_create    00482a10 f   pjsip-core-i386-win32-vc8-debug:sip_msg.obj
 0002:00019a50       _pjsip_route_hdr_init      00482a50 f   pjsip-core-i386-win32-vc8-debug:sip_msg.obj
 0002:00019ab0       _pjsip_routing_hdr_set_route 00482ab0 f   pjsip-core-i386-win32-vc8-debug:sip_msg.obj
 0002:00019b20       _pjsip_routing_hdr_set_rr  00482b20 f   pjsip-core-i386-win32-vc8-debug:sip_msg.obj
 0002:00019b90       _pjsip_rr_hdr_create       00482b90 f   pjsip-core-i386-win32-vc8-debug:sip_msg.obj
 0002:00019bd0       _pjsip_rr_hdr_init         00482bd0 f   pjsip-core-i386-win32-vc8-debug:sip_msg.obj
 0002:00019c30       _pjsip_supported_hdr_create 00482c30 f   pjsip-core-i386-win32-vc8-debug:sip_msg.obj
 0002:00019c80       _pjsip_supported_hdr_init  00482c80 f   pjsip-core-i386-win32-vc8-debug:sip_msg.obj
 0002:00019cd0       _pjsip_to_hdr_create       00482cd0 f   pjsip-core-i386-win32-vc8-debug:sip_msg.obj
 0002:00019d10       _pjsip_to_hdr_init         00482d10 f   pjsip-core-i386-win32-vc8-debug:sip_msg.obj
 0002:00019d70       _pjsip_unsupported_hdr_create 00482d70 f   pjsip-core-i386-win32-vc8-debug:sip_msg.obj
 0002:00019dc0       _pjsip_unsupported_hdr_init 00482dc0 f   pjsip-core-i386-win32-vc8-debug:sip_msg.obj
 0002:00019eb0       _pjsip_via_hdr_create      00482eb0 f   pjsip-core-i386-win32-vc8-debug:sip_msg.obj
 0002:00019ef0       _pjsip_via_hdr_init        00482ef0 f   pjsip-core-i386-win32-vc8-debug:sip_msg.obj
 0002:00019f70       _pjsip_warning_hdr_create  00482f70 f   pjsip-core-i386-win32-vc8-debug:sip_msg.obj
 0002:0001a020       _pjsip_warning_hdr_create_from_status 00483020 f   pjsip-core-i386-win32-vc8-debug:sip_msg.obj
 0002:0001a840       _pjsip_rx_data_clone       00483840 f   pjsip-core-i386-win32-vc8-debug:sip_transport.obj
 0002:0001ac60       _pjsip_rx_data_free_cloned 00483c60 f   pjsip-core-i386-win32-vc8-debug:sip_transport.obj
 0002:0001ace0       _pjsip_rx_data_get_info    00483ce0 f   pjsip-core-i386-win32-vc8-debug:sip_transport.obj
 0002:0001adf0       _pjsip_tpmgr_acquire_transport 00483df0 f   pjsip-core-i386-win32-vc8-debug:sip_transport.obj
 0002:0001ae30       _pjsip_tpmgr_acquire_transport2 00483e30 f   pjsip-core-i386-win32-vc8-debug:sip_transport.obj
 0002:0001b250       _pjsip_tpmgr_create        00484250 f   pjsip-core-i386-win32-vc8-debug:sip_transport.obj
 0002:0001b450       _pjsip_tpmgr_destroy       00484450 f   pjsip-core-i386-win32-vc8-debug:sip_transport.obj
 0002:0001b6a0       _pjsip_tpmgr_dump_transports 004846a0 f   pjsip-core-i386-win32-vc8-debug:sip_transport.obj
 0002:0001b8c0       _pjsip_tpmgr_find_local_addr 004848c0 f   pjsip-core-i386-win32-vc8-debug:sip_transport.obj
 0002:0001b940       _pjsip_tpmgr_find_local_addr2 00484940 f   pjsip-core-i386-win32-vc8-debug:sip_transport.obj
 0002:0001bee0       _pjsip_tpmgr_fla2_param_default 00484ee0 f   pjsip-core-i386-win32-vc8-debug:sip_transport.obj
 0002:0001bf10       _pjsip_tpmgr_get_state_cb  00484f10 f   pjsip-core-i386-win32-vc8-debug:sip_transport.obj
 0002:0001bf70       _pjsip_tpmgr_get_transport_count 00484f70 f   pjsip-core-i386-win32-vc8-debug:sip_transport.obj
 0002:0001c000       _pjsip_tpmgr_receive_packet 00485000 f   pjsip-core-i386-win32-vc8-debug:sip_transport.obj
 0002:0001c600       _pjsip_tpmgr_register_tpfactory 00485600 f   pjsip-core-i386-win32-vc8-debug:sip_transport.obj
 0002:0001c6e0       _pjsip_tpmgr_send_raw      004856e0 f   pjsip-core-i386-win32-vc8-debug:sip_transport.obj
 0002:0001c8e0       _pjsip_tpmgr_set_state_cb  004858e0 f   pjsip-core-i386-win32-vc8-debug:sip_transport.obj
 0002:0001c950       _pjsip_tpmgr_unregister_tpfactory 00485950 f   pjsip-core-i386-win32-vc8-debug:sip_transport.obj
 0002:0001c9e0       _pjsip_tpselector_add_ref  004859e0 f   pjsip-core-i386-win32-vc8-debug:sip_transport.obj
 0002:0001ca20       _pjsip_tpselector_dec_ref  00485a20 f   pjsip-core-i386-win32-vc8-debug:sip_transport.obj
 0002:0001ca60       _pjsip_transport_add_ref   00485a60 f   pjsip-core-i386-win32-vc8-debug:sip_transport.obj
 0002:0001cb70       _pjsip_transport_add_state_listener 00485b70 f   pjsip-core-i386-win32-vc8-debug:sip_transport.obj
 0002:0001ccc0       _pjsip_transport_dec_ref   00485cc0 f   pjsip-core-i386-win32-vc8-debug:sip_transport.obj
 0002:0001cea0       _pjsip_transport_destroy   00485ea0 f   pjsip-core-i386-win32-vc8-debug:sip_transport.obj
 0002:0001cf80       _pjsip_transport_get_default_port_for_type 00485f80 f   pjsip-core-i386-win32-vc8-debug:sip_transport.obj
 0002:0001cfb0       _pjsip_transport_get_flag_from_type 00485fb0 f   pjsip-core-i386-win32-vc8-debug:sip_transport.obj
 0002:0001cfe0       _pjsip_transport_get_type_desc 00485fe0 f   pjsip-core-i386-win32-vc8-debug:sip_transport.obj
 0002:0001d010       _pjsip_transport_get_type_from_flag 00486010 f   pjsip-core-i386-win32-vc8-debug:sip_transport.obj
 0002:0001d0a0       _pjsip_transport_get_type_from_name 004860a0 f   pjsip-core-i386-win32-vc8-debug:sip_transport.obj
 0002:0001d150       _pjsip_transport_get_type_name 00486150 f   pjsip-core-i386-win32-vc8-debug:sip_transport.obj
 0002:0001d180       _pjsip_transport_register  00486180 f   pjsip-core-i386-win32-vc8-debug:sip_transport.obj
 0002:0001d2b0       _pjsip_transport_register_type 004862b0 f   pjsip-core-i386-win32-vc8-debug:sip_transport.obj
 0002:0001d460       _pjsip_transport_remove_state_listener 00486460 f   pjsip-core-i386-win32-vc8-debug:sip_transport.obj
 0002:0001d5e0       _pjsip_transport_send      004865e0 f   pjsip-core-i386-win32-vc8-debug:sip_transport.obj
 0002:0001d890       _pjsip_transport_shutdown  00486890 f   pjsip-core-i386-win32-vc8-debug:sip_transport.obj
 0002:0001da10       _pjsip_transport_type_get_af 00486a10 f   pjsip-core-i386-win32-vc8-debug:sip_transport.obj
 0002:0001da50       _pjsip_tx_data_add_ref     00486a50 f   pjsip-core-i386-win32-vc8-debug:sip_transport.obj
 0002:0001da80       _pjsip_tx_data_create      00486a80 f   pjsip-core-i386-win32-vc8-debug:sip_transport.obj
 0002:0001dc60       _pjsip_tx_data_dec_ref     00486c60 f   pjsip-core-i386-win32-vc8-debug:sip_transport.obj
 0002:0001dcf0       _pjsip_tx_data_encode      00486cf0 f   pjsip-core-i386-win32-vc8-debug:sip_transport.obj
 0002:0001deb0       _pjsip_tx_data_get_info    00486eb0 f   pjsip-core-i386-win32-vc8-debug:sip_transport.obj
 0002:0001dfa0       _pjsip_tx_data_invalidate_msg 00486fa0 f   pjsip-core-i386-win32-vc8-debug:sip_transport.obj
 0002:0001dfe0       _pjsip_tx_data_is_valid    00486fe0 f   pjsip-core-i386-win32-vc8-debug:sip_transport.obj
 0002:0001e030       _pjsip_tx_data_set_transport 00487030 f   pjsip-core-i386-win32-vc8-debug:sip_transport.obj
 0002:0001e9e0       _pjsip_endpt_acquire_transport 004879e0 f   pjsip-core-i386-win32-vc8-debug:sip_endpoint.obj
 0002:0001ea20       _pjsip_endpt_acquire_transport2 00487a20 f   pjsip-core-i386-win32-vc8-debug:sip_endpoint.obj
 0002:0001ea70       _pjsip_endpt_add_capability 00487a70 f   pjsip-core-i386-win32-vc8-debug:sip_endpoint.obj
 0002:0001ec70       _pjsip_endpt_atexit        00487c70 f   pjsip-core-i386-win32-vc8-debug:sip_endpoint.obj
 0002:0001ed40       _pjsip_endpt_cancel_timer  00487d40 f   pjsip-core-i386-win32-vc8-debug:sip_endpoint.obj
 0002:0001ed80       _pjsip_endpt_create        00487d80 f   pjsip-core-i386-win32-vc8-debug:sip_endpoint.obj
 0002:0001f260       _pjsip_endpt_create_pool   00488260 f   pjsip-core-i386-win32-vc8-debug:sip_endpoint.obj
 0002:0001f2e0       _pjsip_endpt_create_resolver 004882e0 f   pjsip-core-i386-win32-vc8-debug:sip_endpoint.obj
 0002:0001f370       _pjsip_endpt_create_tdata  00488370 f   pjsip-core-i386-win32-vc8-debug:sip_endpoint.obj
 0002:0001f3a0       _pjsip_endpt_destroy       004883a0 f   pjsip-core-i386-win32-vc8-debug:sip_endpoint.obj
 0002:0001f560       _pjsip_endpt_dump          00488560 f   pjsip-core-i386-win32-vc8-debug:sip_endpoint.obj
 0002:0001f6e0       _pjsip_endpt_get_capability 004886e0 f   pjsip-core-i386-win32-vc8-debug:sip_endpoint.obj
 0002:0001f7d0       _pjsip_endpt_get_ioqueue   004887d0 f   pjsip-core-i386-win32-vc8-debug:sip_endpoint.obj
 0002:0001f7f0       _pjsip_endpt_get_request_headers 004887f0 f   pjsip-core-i386-win32-vc8-debug:sip_endpoint.obj
 0002:0001f810       _pjsip_endpt_get_resolver  00488810 f   pjsip-core-i386-win32-vc8-debug:sip_endpoint.obj
 0002:0001f880       _pjsip_endpt_get_timer_heap 00488880 f   pjsip-core-i386-win32-vc8-debug:sip_endpoint.obj
 0002:0001f8a0       _pjsip_endpt_get_tpmgr     004888a0 f   pjsip-core-i386-win32-vc8-debug:sip_endpoint.obj
 0002:0001f8c0       _pjsip_endpt_handle_events 004888c0 f   pjsip-core-i386-win32-vc8-debug:sip_endpoint.obj
 0002:0001f8f0       _pjsip_endpt_handle_events2 004888f0 f   pjsip-core-i386-win32-vc8-debug:sip_endpoint.obj
 0002:0001fab0       _pjsip_endpt_has_capability 00488ab0 f   pjsip-core-i386-win32-vc8-debug:sip_endpoint.obj
 0002:0001fb80       _pjsip_endpt_log_error     00488b80 f   pjsip-core-i386-win32-vc8-debug:sip_endpoint.obj
 0002:0001fd50       _pjsip_endpt_name          00488d50 f   pjsip-core-i386-win32-vc8-debug:sip_endpoint.obj
 0002:0001fd70       _pjsip_endpt_process_rx_data 00488d70 f   pjsip-core-i386-win32-vc8-debug:sip_endpoint.obj
 0002:00020040       _pjsip_endpt_register_module 00489040 f   pjsip-core-i386-win32-vc8-debug:sip_endpoint.obj
 0002:00020300       _pjsip_endpt_release_pool  00489300 f   pjsip-core-i386-win32-vc8-debug:sip_endpoint.obj
 0002:00020330       _pjsip_endpt_resolve       00489330 f   pjsip-core-i386-win32-vc8-debug:sip_endpoint.obj
 0002:00020370       _pjsip_endpt_schedule_timer 00489370 f   pjsip-core-i386-win32-vc8-debug:sip_endpoint.obj
 0002:000203b0       _pjsip_endpt_set_resolver  004893b0 f   pjsip-core-i386-win32-vc8-debug:sip_endpoint.obj
 0002:000203e0       _pjsip_endpt_unregister_module 004893e0 f   pjsip-core-i386-win32-vc8-debug:sip_endpoint.obj
 0002:000205e0       _pjsip_process_rdata_param_default 004895e0 f   pjsip-core-i386-win32-vc8-debug:sip_endpoint.obj
 0002:00020ee0       _pjsip_endpt_create_ack    00489ee0 f   pjsip-core-i386-win32-vc8-debug:sip_util.obj
 0002:00021290       _pjsip_endpt_create_cancel 0048a290 f   pjsip-core-i386-win32-vc8-debug:sip_util.obj
 0002:000216e0       _pjsip_endpt_create_request 0048a6e0 f   pjsip-core-i386-win32-vc8-debug:sip_util.obj
 0002:00021ac0       _pjsip_endpt_create_request_from_hdr 0048aac0 f   pjsip-core-i386-win32-vc8-debug:sip_util.obj
 0002:00021df0       _pjsip_endpt_create_response 0048adf0 f   pjsip-core-i386-win32-vc8-debug:sip_util.obj
 0002:00022290       _pjsip_endpt_respond_stateless 0048b290 f   pjsip-core-i386-win32-vc8-debug:sip_util.obj
 0002:00022530       _pjsip_endpt_send_raw      0048b530 f   pjsip-core-i386-win32-vc8-debug:sip_util.obj
 0002:00022590       _pjsip_endpt_send_raw_to_uri 0048b590 f   pjsip-core-i386-win32-vc8-debug:sip_util.obj
 0002:000227f0       _pjsip_endpt_send_request_stateless 0048b7f0 f   pjsip-core-i386-win32-vc8-debug:sip_util.obj
 0002:00022980       _pjsip_endpt_send_response 0048b980 f   pjsip-core-i386-win32-vc8-debug:sip_util.obj
 0002:00022b10       _pjsip_endpt_send_response2 0048bb10 f   pjsip-core-i386-win32-vc8-debug:sip_util.obj
 0002:00022bb0       _pjsip_event_str           0048bbb0 f   pjsip-core-i386-win32-vc8-debug:sip_util.obj
 0002:00022bd0       _pjsip_get_request_dest    0048bbd0 f   pjsip-core-i386-win32-vc8-debug:sip_util.obj
 0002:00022cf0       _pjsip_get_response_addr   0048bcf0 f   pjsip-core-i386-win32-vc8-debug:sip_util.obj
 0002:00023160       _pjsip_process_route_set   0048c160 f   pjsip-core-i386-win32-vc8-debug:sip_util.obj
 0002:00023500       _pjsip_restore_strict_route_set 0048c500 f   pjsip-core-i386-win32-vc8-debug:sip_util.obj
 0002:00023640       _pjsip_target_assign_status 0048c640 f   pjsip-core-i386-win32-vc8-debug:sip_util.obj
 0002:000236f0       _pjsip_target_set_add_from_msg 0048c6f0 f   pjsip-core-i386-win32-vc8-debug:sip_util.obj
 0002:00023810       _pjsip_target_set_add_uri  0048c810 f   pjsip-core-i386-win32-vc8-debug:sip_util.obj
 0002:00023990       _pjsip_target_set_get_next 0048c990 f   pjsip-core-i386-win32-vc8-debug:sip_util.obj
 0002:00023a30       _pjsip_target_set_set_current 0048ca30 f   pjsip-core-i386-win32-vc8-debug:sip_util.obj
 0002:00024990       _pjsip_endpt_respond       0048d990 f   pjsip-core-i386-win32-vc8-debug:sip_util_statefull.obj
 0002:00024b90       _pjsip_endpt_send_request  0048db90 f   pjsip-core-i386-win32-vc8-debug:sip_util_statefull.obj
 0002:00025210       _pjsip_udp_transport_attach 0048e210 f   pjsip-core-i386-win32-vc8-debug:sip_transport_udp.obj
 0002:00025250       _pjsip_udp_transport_attach2 0048e250 f   pjsip-core-i386-win32-vc8-debug:sip_transport_udp.obj
 0002:00025290       _pjsip_udp_transport_get_socket 0048e290 f   pjsip-core-i386-win32-vc8-debug:sip_transport_udp.obj
 0002:00025300       _pjsip_udp_transport_pause 0048e300 f   pjsip-core-i386-win32-vc8-debug:sip_transport_udp.obj
 0002:00025530       _pjsip_udp_transport_restart 0048e530 f   pjsip-core-i386-win32-vc8-debug:sip_transport_udp.obj
 0002:00025880       _pjsip_udp_transport_start 0048e880 f   pjsip-core-i386-win32-vc8-debug:sip_transport_udp.obj
 0002:000259b0       _pjsip_udp_transport_start6 0048e9b0 f   pjsip-core-i386-win32-vc8-debug:sip_transport_udp.obj
 0002:00027c50       _pjsip_tcp_transport_cfg_default 00490c50 f   pjsip-core-i386-win32-vc8-debug:sip_transport_tcp.obj
 0002:00027cc0       _pjsip_tcp_transport_start 00490cc0 f   pjsip-core-i386-win32-vc8-debug:sip_transport_tcp.obj
 0002:00027d00       _pjsip_tcp_transport_start2 00490d00 f   pjsip-core-i386-win32-vc8-debug:sip_transport_tcp.obj
 0002:00027dd0       _pjsip_tcp_transport_start3 00490dd0 f   pjsip-core-i386-win32-vc8-debug:sip_transport_tcp.obj
 0002:0002c210       _pjsip_rdata_get_tsx       00495210 f   pjsip-core-i386-win32-vc8-debug:sip_transaction.obj
 0002:0002c240       _pjsip_role_name           00495240 f   pjsip-core-i386-win32-vc8-debug:sip_transaction.obj
 0002:0002c260       _pjsip_tsx_create_key      00495260 f   pjsip-core-i386-win32-vc8-debug:sip_transaction.obj
 0002:0002c300       _pjsip_tsx_create_uac      00495300 f   pjsip-core-i386-win32-vc8-debug:sip_transaction.obj
 0002:0002c330       _pjsip_tsx_create_uac2     00495330 f   pjsip-core-i386-win32-vc8-debug:sip_transaction.obj
 0002:0002c800       _pjsip_tsx_create_uas      00495800 f   pjsip-core-i386-win32-vc8-debug:sip_transaction.obj
 0002:0002c830       _pjsip_tsx_create_uas2     00495830 f   pjsip-core-i386-win32-vc8-debug:sip_transaction.obj
 0002:0002cd10       _pjsip_tsx_layer_destroy   00495d10 f   pjsip-core-i386-win32-vc8-debug:sip_transaction.obj
 0002:0002cd90       _pjsip_tsx_layer_dump      00495d90 f   pjsip-core-i386-win32-vc8-debug:sip_transaction.obj
 0002:0002cf60       _pjsip_tsx_layer_find_tsx  00495f60 f   pjsip-core-i386-win32-vc8-debug:sip_transaction.obj
 0002:0002d030       _pjsip_tsx_layer_get_tsx_count 00496030 f   pjsip-core-i386-win32-vc8-debug:sip_transaction.obj
 0002:0002d0d0       _pjsip_tsx_layer_init_module 004960d0 f   pjsip-core-i386-win32-vc8-debug:sip_transaction.obj
 0002:0002d380       _pjsip_tsx_layer_instance  00496380 f   pjsip-core-i386-win32-vc8-debug:sip_transaction.obj
 0002:0002d3a0       _pjsip_tsx_recv_msg        004963a0 f   pjsip-core-i386-win32-vc8-debug:sip_transaction.obj
 0002:0002d480       _pjsip_tsx_retransmit_no_state 00496480 f   pjsip-core-i386-win32-vc8-debug:sip_transaction.obj
 0002:0002d510       _pjsip_tsx_send_msg        00496510 f   pjsip-core-i386-win32-vc8-debug:sip_transaction.obj
 0002:0002d660       _pjsip_tsx_set_timeout     00496660 f   pjsip-core-i386-win32-vc8-debug:sip_transaction.obj
 0002:0002d7d0       _pjsip_tsx_set_transport   004967d0 f   pjsip-core-i386-win32-vc8-debug:sip_transaction.obj
 0002:0002d8b0       _pjsip_tsx_state_str       004968b0 f   pjsip-core-i386-win32-vc8-debug:sip_transaction.obj
 0002:0002d8d0       _pjsip_tsx_stop_retransmit 004968d0 f   pjsip-core-i386-win32-vc8-debug:sip_transaction.obj
 0002:0002da00       _pjsip_tsx_terminate       00496a00 f   pjsip-core-i386-win32-vc8-debug:sip_transaction.obj
 0002:000304e0       _pjsip_rdata_get_dlg       004994e0 f   pjsip-core-i386-win32-vc8-debug:sip_ua_layer.obj
 0002:00030510       _pjsip_tsx_get_dlg         00499510 f   pjsip-core-i386-win32-vc8-debug:sip_ua_layer.obj
 0002:00030540       _pjsip_ua_destroy          00499540 f   pjsip-core-i386-win32-vc8-debug:sip_ua_layer.obj
 0002:000305c0       _pjsip_ua_dump             004995c0 f   pjsip-core-i386-win32-vc8-debug:sip_ua_layer.obj
 0002:00030840       _pjsip_ua_find_dialog      00499840 f   pjsip-core-i386-win32-vc8-debug:sip_ua_layer.obj
 0002:00030a70       _pjsip_ua_get_dlg_set_count 00499a70 f   pjsip-core-i386-win32-vc8-debug:sip_ua_layer.obj
 0002:00030b10       _pjsip_ua_get_endpt        00499b10 f   pjsip-core-i386-win32-vc8-debug:sip_ua_layer.obj
 0002:00030b60       _pjsip_ua_init_module      00499b60 f   pjsip-core-i386-win32-vc8-debug:sip_ua_layer.obj
 0002:00030c00       _pjsip_ua_instance         00499c00 f   pjsip-core-i386-win32-vc8-debug:sip_ua_layer.obj
 0002:00030c20       _pjsip_ua_register_dlg     00499c20 f   pjsip-core-i386-win32-vc8-debug:sip_ua_layer.obj
 0002:00030f20       _pjsip_ua_unregister_dlg   00499f20 f   pjsip-core-i386-win32-vc8-debug:sip_ua_layer.obj
 0002:00031c90       _pjsip_dlg_add_usage       0049ac90 f   pjsip-core-i386-win32-vc8-debug:sip_dialog.obj
 0002:00031f50       _pjsip_dlg_create_request  0049af50 f   pjsip-core-i386-win32-vc8-debug:sip_dialog.obj
 0002:000320e0       _pjsip_dlg_create_response 0049b0e0 f   pjsip-core-i386-win32-vc8-debug:sip_dialog.obj
 0002:00032180       _pjsip_dlg_create_uac      0049b180 f   pjsip-core-i386-win32-vc8-debug:sip_dialog.obj
 0002:00032910       _pjsip_dlg_create_uas      0049b910 f   pjsip-core-i386-win32-vc8-debug:sip_dialog.obj
 0002:00033260       _pjsip_dlg_dec_lock        0049c260 f   pjsip-core-i386-win32-vc8-debug:sip_dialog.obj
 0002:00033380       _pjsip_dlg_dec_session     0049c380 f   pjsip-core-i386-win32-vc8-debug:sip_dialog.obj
 0002:00033470       _pjsip_dlg_fork            0049c470 f   pjsip-core-i386-win32-vc8-debug:sip_dialog.obj
 0002:00033a40       _pjsip_dlg_get_mod_data    0049ca40 f   pjsip-core-i386-win32-vc8-debug:sip_dialog.obj
 0002:00033af0       _pjsip_dlg_get_remote_cap_hdr 0049caf0 f   pjsip-core-i386-win32-vc8-debug:sip_dialog.obj
 0002:00033c50       _pjsip_dlg_has_usage       0049cc50 f   pjsip-core-i386-win32-vc8-debug:sip_dialog.obj
 0002:00033ce0       _pjsip_dlg_inc_lock        0049cce0 f   pjsip-core-i386-win32-vc8-debug:sip_dialog.obj
 0002:00033d40       _pjsip_dlg_inc_session     0049cd40 f   pjsip-core-i386-win32-vc8-debug:sip_dialog.obj
 0002:00033e40       _pjsip_dlg_modify_response 0049ce40 f   pjsip-core-i386-win32-vc8-debug:sip_dialog.obj
 0002:000340a0       _pjsip_dlg_on_rx_request   0049d0a0 f   pjsip-core-i386-win32-vc8-debug:sip_dialog.obj
 0002:00034590       _pjsip_dlg_on_rx_response  0049d590 f   pjsip-core-i386-win32-vc8-debug:sip_dialog.obj
 0002:00034bc0       _pjsip_dlg_on_tsx_state    0049dbc0 f   pjsip-core-i386-win32-vc8-debug:sip_dialog.obj
 0002:00034d50       _pjsip_dlg_remote_has_cap  0049dd50 f   pjsip-core-i386-win32-vc8-debug:sip_dialog.obj
 0002:00034e70       _pjsip_dlg_remove_remote_cap_hdr 0049de70 f   pjsip-core-i386-win32-vc8-debug:sip_dialog.obj
 0002:00034fa0       _pjsip_dlg_respond         0049dfa0 f   pjsip-core-i386-win32-vc8-debug:sip_dialog.obj
 0002:00035220       _pjsip_dlg_send_request    0049e220 f   pjsip-core-i386-win32-vc8-debug:sip_dialog.obj
 0002:00035620       _pjsip_dlg_send_response   0049e620 f   pjsip-core-i386-win32-vc8-debug:sip_dialog.obj
 0002:000359b0       _pjsip_dlg_set_mod_data    0049e9b0 f   pjsip-core-i386-win32-vc8-debug:sip_dialog.obj
 0002:00035a70       _pjsip_dlg_set_remote_cap_hdr 0049ea70 f   pjsip-core-i386-win32-vc8-debug:sip_dialog.obj
 0002:00035c40       _pjsip_dlg_set_route_set   0049ec40 f   pjsip-core-i386-win32-vc8-debug:sip_dialog.obj
 0002:00035d50       _pjsip_dlg_set_transport   0049ed50 f   pjsip-core-i386-win32-vc8-debug:sip_dialog.obj
 0002:00035e20       _pjsip_dlg_set_via_sent_by 0049ee20 f   pjsip-core-i386-win32-vc8-debug:sip_dialog.obj
 0002:00035f00       _pjsip_dlg_terminate       0049ef00 f   pjsip-core-i386-win32-vc8-debug:sip_dialog.obj
 0002:00035fc0       _pjsip_dlg_try_inc_lock    0049efc0 f   pjsip-core-i386-win32-vc8-debug:sip_dialog.obj
 0002:00036040       _pjsip_dlg_update_remote_cap 0049f040 f   pjsip-core-i386-win32-vc8-debug:sip_dialog.obj
 0002:000362a0       _pjsip_method_creates_dialog 0049f2a0 f   pjsip-core-i386-win32-vc8-debug:sip_dialog.obj
 0002:00036e90       _pjsip_auth_clt_clone      0049fe90 f   pjsip-core-i386-win32-vc8-debug:sip_auth_client.obj
 0002:00037090       _pjsip_auth_clt_get_prefs  004a0090 f   pjsip-core-i386-win32-vc8-debug:sip_auth_client.obj
 0002:00037110       _pjsip_auth_clt_init       004a0110 f   pjsip-core-i386-win32-vc8-debug:sip_auth_client.obj
 0002:000371e0       _pjsip_auth_clt_init_req   004a01e0 f   pjsip-core-i386-win32-vc8-debug:sip_auth_client.obj
 0002:00037570       _pjsip_auth_clt_pref_dup   004a0570 f   pjsip-core-i386-win32-vc8-debug:sip_auth_client.obj
 0002:000375c0       _pjsip_auth_clt_reinit_req 004a05c0 f   pjsip-core-i386-win32-vc8-debug:sip_auth_client.obj
 0002:00037a30       _pjsip_auth_clt_set_credentials 004a0a30 f   pjsip-core-i386-win32-vc8-debug:sip_auth_client.obj
 0002:00037eb0       _pjsip_auth_clt_set_prefs  004a0eb0 f   pjsip-core-i386-win32-vc8-debug:sip_auth_client.obj
 0002:00037f60       _pjsip_auth_create_digest  004a0f60 f   pjsip-core-i386-win32-vc8-debug:sip_auth_client.obj
 0002:000383a0       _pjsip_cred_info_cmp       004a13a0 f   pjsip-core-i386-win32-vc8-debug:sip_auth_client.obj
 0002:00038530       _pjsip_cred_info_dup       004a1530 f   pjsip-core-i386-win32-vc8-debug:sip_auth_client.obj
 0002:00038f60       _deinit_sip_parser         004a1f60 f   pjsip-core-i386-win32-vc8-debug:sip_parser.obj
 0002:0003a5d0       _init_sip_parser           004a35d0 f   pjsip-core-i386-win32-vc8-debug:sip_parser.obj
 0002:0003da10       _pjsip_concat_param_imp    004a6a10 f   pjsip-core-i386-win32-vc8-debug:sip_parser.obj
 0002:0003db50       _pjsip_find_msg            004a6b50 f   pjsip-core-i386-win32-vc8-debug:sip_parser.obj
 0002:0003ded0       _pjsip_parse_end_hdr_imp   004a6ed0 f   pjsip-core-i386-win32-vc8-debug:sip_parser.obj
 0002:0003df00       _pjsip_parse_generic_array_hdr_imp 004a6f00 f   pjsip-core-i386-win32-vc8-debug:sip_parser.obj
 0002:0003df30       _pjsip_parse_hdr           004a6f30 f   pjsip-core-i386-win32-vc8-debug:sip_parser.obj
 0002:0003e0a0       _pjsip_parse_headers       004a70a0 f   pjsip-core-i386-win32-vc8-debug:sip_parser.obj
 0002:0003e3b0       _pjsip_parse_msg           004a73b0 f   pjsip-core-i386-win32-vc8-debug:sip_parser.obj
 0002:0003e430       _pjsip_parse_param_imp     004a7430 f   pjsip-core-i386-win32-vc8-debug:sip_parser.obj
 0002:0003e480       _pjsip_parse_rdata         004a7480 f   pjsip-core-i386-win32-vc8-debug:sip_parser.obj
 0002:0003e510       _pjsip_parse_status_line   004a7510 f   pjsip-core-i386-win32-vc8-debug:sip_parser.obj
 0002:0003e610       _pjsip_parse_uri           004a7610 f   pjsip-core-i386-win32-vc8-debug:sip_parser.obj
 0002:0003e730       _pjsip_parse_uri_param_imp 004a7730 f   pjsip-core-i386-win32-vc8-debug:sip_parser.obj
 0002:0003e780       _pjsip_parser_const        004a7780 f   pjsip-core-i386-win32-vc8-debug:sip_parser.obj
 0002:0003e7a0       _pjsip_register_hdr_parser 004a77a0 f   pjsip-core-i386-win32-vc8-debug:sip_parser.obj
 0002:0003e920       _pjsip_register_uri_parser 004a7920 f   pjsip-core-i386-win32-vc8-debug:sip_parser.obj
 0002:0003f5a0       _pjsip_multipart_add_part  004a85a0 f   pjsip-core-i386-win32-vc8-debug:sip_multipart.obj
 0002:0003f6f0       _pjsip_multipart_clone_part 004a86f0 f   pjsip-core-i386-win32-vc8-debug:sip_multipart.obj
 0002:0003f790       _pjsip_multipart_create    004a8790 f   pjsip-core-i386-win32-vc8-debug:sip_multipart.obj
 0002:0003f980       _pjsip_multipart_create_part 004a8980 f   pjsip-core-i386-win32-vc8-debug:sip_multipart.obj
 0002:0003f9c0       _pjsip_multipart_find_part 004a89c0 f   pjsip-core-i386-win32-vc8-debug:sip_multipart.obj
 0002:0003fae0       _pjsip_multipart_get_first_part 004a8ae0 f   pjsip-core-i386-win32-vc8-debug:sip_multipart.obj
 0002:0003fbb0       _pjsip_multipart_get_next_part 004a8bb0 f   pjsip-core-i386-win32-vc8-debug:sip_multipart.obj
 0002:0003fcf0       _pjsip_multipart_parse     004a8cf0 f   pjsip-core-i386-win32-vc8-debug:sip_multipart.obj
 0002:000415e0       _pjsip_name_addr_assign    004aa5e0 f   pjsip-core-i386-win32-vc8-debug:sip_uri.obj
 0002:00041640       _pjsip_name_addr_create    004aa640 f   pjsip-core-i386-win32-vc8-debug:sip_uri.obj
 0002:00041680       _pjsip_name_addr_init      004aa680 f   pjsip-core-i386-win32-vc8-debug:sip_uri.obj
 0002:000416d0       _pjsip_other_uri_create    004aa6d0 f   pjsip-core-i386-win32-vc8-debug:sip_uri.obj
 0002:00041710       _pjsip_param_clone         004aa710 f   pjsip-core-i386-win32-vc8-debug:sip_uri.obj
 0002:000417d0       _pjsip_param_cmp           004aa7d0 f   pjsip-core-i386-win32-vc8-debug:sip_uri.obj
 0002:000418b0       _pjsip_param_find          004aa8b0 f   pjsip-core-i386-win32-vc8-debug:sip_uri.obj
 0002:00041910       _pjsip_param_print_on      004aa910 f   pjsip-core-i386-win32-vc8-debug:sip_uri.obj
 0002:00041ac0       _pjsip_param_shallow_clone 004aaac0 f   pjsip-core-i386-win32-vc8-debug:sip_uri.obj
 0002:00041b60       _pjsip_sip_uri_assign      004aab60 f   pjsip-core-i386-win32-vc8-debug:sip_uri.obj
 0002:00041cd0       _pjsip_sip_uri_create      004aacd0 f   pjsip-core-i386-win32-vc8-debug:sip_uri.obj
 0002:00041d20       _pjsip_sip_uri_init        004aad20 f   pjsip-core-i386-win32-vc8-debug:sip_uri.obj
 0002:00041d90       _pjsip_sip_uri_set_secure  004aad90 f   pjsip-core-i386-win32-vc8-debug:sip_uri.obj
 0002:00042210       _pjsip_resolve             004ab210 f   pjsip-core-i386-win32-vc8-debug:sip_resolve.obj
 0002:00042cb0       _pjsip_resolver_create     004abcb0 f   pjsip-core-i386-win32-vc8-debug:sip_resolve.obj
 0002:00042d40       _pjsip_resolver_destroy    004abd40 f   pjsip-core-i386-win32-vc8-debug:sip_resolve.obj
 0002:00042d80       _pjsip_resolver_get_resolver 004abd80 f   pjsip-core-i386-win32-vc8-debug:sip_resolve.obj
 0002:00042da0       _pjsip_resolver_set_resolver 004abda0 f   pjsip-core-i386-win32-vc8-debug:sip_resolve.obj
 0002:00043030       _pjsip_strerror            004ac030 f   pjsip-core-i386-win32-vc8-debug:sip_errno.obj
 0002:00043a40       _pjsip_tel_nb_cmp          004aca40 f   pjsip-core-i386-win32-vc8-debug:sip_tel_uri.obj
 0002:00043c00       _pjsip_tel_uri_create      004acc00 f   pjsip-core-i386-win32-vc8-debug:sip_tel_uri.obj
 0002:00043c50       _pjsip_tel_uri_subsys_init 004acc50 f   pjsip-core-i386-win32-vc8-debug:sip_tel_uri.obj
 0002:00044ea0       _pjsip_authorization_hdr_create 004adea0 f   pjsip-core-i386-win32-vc8-debug:sip_auth_msg.obj
 0002:00044f00       _pjsip_proxy_authenticate_hdr_create 004adf00 f   pjsip-core-i386-win32-vc8-debug:sip_auth_msg.obj
 0002:00044f60       _pjsip_proxy_authorization_hdr_create 004adf60 f   pjsip-core-i386-win32-vc8-debug:sip_auth_msg.obj
 0002:00044fc0       _pjsip_www_authenticate_hdr_create 004adfc0 f   pjsip-core-i386-win32-vc8-debug:sip_auth_msg.obj
 0002:00046a10       _pjsip_auth_deinit_parser  004afa10 f   pjsip-core-i386-win32-vc8-debug:sip_auth_parser.obj
 0002:00046a30       _pjsip_auth_init_parser    004afa30 f   pjsip-core-i386-win32-vc8-debug:sip_auth_parser.obj
 0002:00047890       _pjmedia_sdp_attr_add      004b0890 f   pjmedia-i386-win32-vc8-debug:sdp.obj
 0002:00047970       _pjmedia_sdp_attr_clone    004b0970 f   pjmedia-i386-win32-vc8-debug:sdp.obj
 0002:00047a20       _pjmedia_sdp_attr_create   004b0a20 f   pjmedia-i386-win32-vc8-debug:sdp.obj
 0002:00047af0       _pjmedia_sdp_attr_create_rtcp 004b0af0 f   pjmedia-i386-win32-vc8-debug:sdp.obj
 0002:00047c70       _pjmedia_sdp_attr_find     004b0c70 f   pjmedia-i386-win32-vc8-debug:sdp.obj
 0002:00047d40       _pjmedia_sdp_attr_find2    004b0d40 f   pjmedia-i386-win32-vc8-debug:sdp.obj
 0002:00047d90       _pjmedia_sdp_attr_get_fmtp 004b0d90 f   pjmedia-i386-win32-vc8-debug:sdp.obj
 0002:00047ed0       _pjmedia_sdp_attr_get_rtcp 004b0ed0 f   pjmedia-i386-win32-vc8-debug:sdp.obj
 0002:000480e0       _pjmedia_sdp_attr_get_rtpmap 004b10e0 f   pjmedia-i386-win32-vc8-debug:sdp.obj
 0002:00048450       _pjmedia_sdp_attr_remove   004b1450 f   pjmedia-i386-win32-vc8-debug:sdp.obj
 0002:00048560       _pjmedia_sdp_attr_remove_all 004b1560 f   pjmedia-i386-win32-vc8-debug:sdp.obj
 0002:00048680       _pjmedia_sdp_attr_to_rtpmap 004b1680 f   pjmedia-i386-win32-vc8-debug:sdp.obj
 0002:00048770       _pjmedia_sdp_bandw_clone   004b1770 f   pjmedia-i386-win32-vc8-debug:sdp.obj
 0002:000487e0       _pjmedia_sdp_conn_clone    004b17e0 f   pjmedia-i386-win32-vc8-debug:sdp.obj
 0002:000488a0       _pjmedia_sdp_media_add_attr 004b18a0 f   pjmedia-i386-win32-vc8-debug:sdp.obj
 0002:000488e0       _pjmedia_sdp_media_clone   004b18e0 f   pjmedia-i386-win32-vc8-debug:sdp.obj
 0002:00048c40       _pjmedia_sdp_media_clone_deactivate 004b1c40 f   pjmedia-i386-win32-vc8-debug:sdp.obj
 0002:00048ed0       _pjmedia_sdp_media_deactivate 004b1ed0 f   pjmedia-i386-win32-vc8-debug:sdp.obj
 0002:00048f40       _pjmedia_sdp_media_find_attr 004b1f40 f   pjmedia-i386-win32-vc8-debug:sdp.obj
 0002:00048fd0       _pjmedia_sdp_media_find_attr2 004b1fd0 f   pjmedia-i386-win32-vc8-debug:sdp.obj
 0002:00049060       _pjmedia_sdp_media_remove_all_attr 004b2060 f   pjmedia-i386-win32-vc8-debug:sdp.obj
 0002:000490a0       _pjmedia_sdp_media_remove_attr 004b20a0 f   pjmedia-i386-win32-vc8-debug:sdp.obj
 0002:000490e0       _pjmedia_sdp_parse         004b20e0 f   pjmedia-i386-win32-vc8-debug:sdp.obj
 0002:00049760       _pjmedia_sdp_print         004b2760 f   pjmedia-i386-win32-vc8-debug:sdp.obj
 0002:00049790       _pjmedia_sdp_rtpmap_to_attr 004b2790 f   pjmedia-i386-win32-vc8-debug:sdp.obj
 0002:00049a10       _pjmedia_sdp_session_add_attr 004b2a10 f   pjmedia-i386-win32-vc8-debug:sdp.obj
 0002:00049a50       _pjmedia_sdp_session_clone 004b2a50 f   pjmedia-i386-win32-vc8-debug:sdp.obj
 0002:00049d90       _pjmedia_sdp_transport_cmp 004b2d90 f   pjmedia-i386-win32-vc8-debug:sdp.obj
 0002:00049e40       _pjmedia_sdp_validate      004b2e40 f   pjmedia-i386-win32-vc8-debug:sdp.obj
 0002:00049e70       _pjmedia_sdp_validate2     004b2e70 f   pjmedia-i386-win32-vc8-debug:sdp.obj
 0002:0004c050       _pjmedia_sdp_neg_cancel_offer 004b5050 f   pjmedia-i386-win32-vc8-debug:sdp_neg.obj
 0002:0004c160       _pjmedia_sdp_neg_create_w_local_offer 004b5160 f   pjmedia-i386-win32-vc8-debug:sdp_neg.obj
 0002:0004c310       _pjmedia_sdp_neg_create_w_remote_offer 004b5310 f   pjmedia-i386-win32-vc8-debug:sdp_neg.obj
 0002:0004c510       _pjmedia_sdp_neg_fmt_match 004b5510 f   pjmedia-i386-win32-vc8-debug:sdp_neg.obj
 0002:0004c6e0       _pjmedia_sdp_neg_get_active_local 004b56e0 f   pjmedia-i386-win32-vc8-debug:sdp_neg.obj
 0002:0004c7a0       _pjmedia_sdp_neg_get_active_remote 004b57a0 f   pjmedia-i386-win32-vc8-debug:sdp_neg.obj
 0002:0004c860       _pjmedia_sdp_neg_get_neg_local 004b5860 f   pjmedia-i386-win32-vc8-debug:sdp_neg.obj
 0002:0004c920       _pjmedia_sdp_neg_get_neg_remote 004b5920 f   pjmedia-i386-win32-vc8-debug:sdp_neg.obj
 0002:0004c9e0       _pjmedia_sdp_neg_get_state 004b59e0 f   pjmedia-i386-win32-vc8-debug:sdp_neg.obj
 0002:0004ca40       _pjmedia_sdp_neg_has_local_answer 004b5a40 f   pjmedia-i386-win32-vc8-debug:sdp_neg.obj
 0002:0004cab0       _pjmedia_sdp_neg_modify_local_offer 004b5ab0 f   pjmedia-i386-win32-vc8-debug:sdp_neg.obj
 0002:0004cae0       _pjmedia_sdp_neg_modify_local_offer2 004b5ae0 f   pjmedia-i386-win32-vc8-debug:sdp_neg.obj
 0002:0004cf20       _pjmedia_sdp_neg_negotiate 004b5f20 f   pjmedia-i386-win32-vc8-debug:sdp_neg.obj
 0002:0004d170       _pjmedia_sdp_neg_register_fmt_match_cb 004b6170 f   pjmedia-i386-win32-vc8-debug:sdp_neg.obj
 0002:0004d300       _pjmedia_sdp_neg_send_local_offer 004b6300 f   pjmedia-i386-win32-vc8-debug:sdp_neg.obj
 0002:0004d470       _pjmedia_sdp_neg_set_answer_multiple_codecs 004b6470 f   pjmedia-i386-win32-vc8-debug:sdp_neg.obj
 0002:0004d4d0       _pjmedia_sdp_neg_set_local_answer 004b64d0 f   pjmedia-i386-win32-vc8-debug:sdp_neg.obj
 0002:0004d670       _pjmedia_sdp_neg_set_prefer_remote_codec_order 004b6670 f   pjmedia-i386-win32-vc8-debug:sdp_neg.obj
 0002:0004d6d0       _pjmedia_sdp_neg_set_remote_answer 004b66d0 f   pjmedia-i386-win32-vc8-debug:sdp_neg.obj
 0002:0004d7c0       _pjmedia_sdp_neg_set_remote_offer 004b67c0 f   pjmedia-i386-win32-vc8-debug:sdp_neg.obj
 0002:0004d8a0       _pjmedia_sdp_neg_state_str 004b68a0 f   pjmedia-i386-win32-vc8-debug:sdp_neg.obj
 0002:0004d8e0       _pjmedia_sdp_neg_was_answer_remote 004b68e0 f   pjmedia-i386-win32-vc8-debug:sdp_neg.obj
 0002:0004e8b0       _pjlib_util_init           004b78b0 f   pjlib-util-i386-win32-vc8-debug:errno.obj
 0002:0004e910       _pjlib_util_strerror       004b7910 f   pjlib-util-i386-win32-vc8-debug:errno.obj
 0002:0004fab0       _pj_getopt                 004b8ab0 f   pjlib-util-i386-win32-vc8-debug:getopt.obj
 0002:0004faf0       _pj_getopt_long            004b8af0 f   pjlib-util-i386-win32-vc8-debug:getopt.obj
 0002:0004fb60       _pj_cis_add_alpha          004b8b60 f   pjlib-util-i386-win32-vc8-debug:scanner.obj
 0002:0004fba0       _pj_cis_add_cis            004b8ba0 f   pjlib-util-i386-win32-vc8-debug:scanner.obj
 0002:0004fc30       _pj_cis_add_num            004b8c30 f   pjlib-util-i386-win32-vc8-debug:scanner.obj
 0002:0004fc60       _pj_cis_add_range          004b8c60 f   pjlib-util-i386-win32-vc8-debug:scanner.obj
 0002:0004fce0       _pj_cis_add_str            004b8ce0 f   pjlib-util-i386-win32-vc8-debug:scanner.obj
 0002:0004fd50       _pj_cis_buf_init           004b8d50 f   pjlib-util-i386-win32-vc8-debug:scanner.obj
 0002:0004fd90       _pj_cis_del_range          004b8d90 f   pjlib-util-i386-win32-vc8-debug:scanner.obj
 0002:0004fdf0       _pj_cis_del_str            004b8df0 f   pjlib-util-i386-win32-vc8-debug:scanner.obj
 0002:0004fe60       _pj_cis_dup                004b8e60 f   pjlib-util-i386-win32-vc8-debug:scanner.obj
 0002:0004ff50       _pj_cis_init               004b8f50 f   pjlib-util-i386-win32-vc8-debug:scanner.obj
 0002:0004fff0       _pj_cis_invert             004b8ff0 f   pjlib-util-i386-win32-vc8-debug:scanner.obj
 0002:000501b0       _pj_scan_advance_n         004b91b0 f   pjlib-util-i386-win32-vc8-debug:scanner.obj
 0002:00050230       _pj_scan_fini              004b9230 f   pjlib-util-i386-win32-vc8-debug:scanner.obj
 0002:00050260       _pj_scan_get               004b9260 f   pjlib-util-i386-win32-vc8-debug:scanner.obj
 0002:00050360       _pj_scan_get_char          004b9360 f   pjlib-util-i386-win32-vc8-debug:scanner.obj
 0002:000503e0       _pj_scan_get_n             004b93e0 f   pjlib-util-i386-win32-vc8-debug:scanner.obj
 0002:00050480       _pj_scan_get_newline       004b9480 f   pjlib-util-i386-win32-vc8-debug:scanner.obj
 0002:00050540       _pj_scan_get_quote         004b9540 f   pjlib-util-i386-win32-vc8-debug:scanner.obj
 0002:00050590       _pj_scan_get_quotes        004b9590 f   pjlib-util-i386-win32-vc8-debug:scanner.obj
 0002:000507b0       _pj_scan_get_unescape      004b97b0 f   pjlib-util-i386-win32-vc8-debug:scanner.obj
 0002:00050a60       _pj_scan_get_until         004b9a60 f   pjlib-util-i386-win32-vc8-debug:scanner.obj
 0002:00050b30       _pj_scan_get_until_ch      004b9b30 f   pjlib-util-i386-win32-vc8-debug:scanner.obj
 0002:00050bf0       _pj_scan_get_until_chr     004b9bf0 f   pjlib-util-i386-win32-vc8-debug:scanner.obj
 0002:00050ce0       _pj_scan_init              004b9ce0 f   pjlib-util-i386-win32-vc8-debug:scanner.obj
 0002:00050d80       _pj_scan_peek              004b9d80 f   pjlib-util-i386-win32-vc8-debug:scanner.obj
 0002:00050e20       _pj_scan_peek_n            004b9e20 f   pjlib-util-i386-win32-vc8-debug:scanner.obj
 0002:00050e90       _pj_scan_peek_until        004b9e90 f   pjlib-util-i386-win32-vc8-debug:scanner.obj
 0002:00050f30       _pj_scan_restore_state     004b9f30 f   pjlib-util-i386-win32-vc8-debug:scanner.obj
 0002:00050f70       _pj_scan_save_state        004b9f70 f   pjlib-util-i386-win32-vc8-debug:scanner.obj
 0002:00050fb0       _pj_scan_skip_line         004b9fb0 f   pjlib-util-i386-win32-vc8-debug:scanner.obj
 0002:00051030       _pj_scan_skip_whitespace   004ba030 f   pjlib-util-i386-win32-vc8-debug:scanner.obj
 0002:00051290       _pj_scan_strcmp            004ba290 f   pjlib-util-i386-win32-vc8-debug:scanner.obj
 0002:000512f0       _pj_scan_stricmp           004ba2f0 f   pjlib-util-i386-win32-vc8-debug:scanner.obj
 0002:00051350       _pj_scan_stricmp_alnum     004ba350 f   pjlib-util-i386-win32-vc8-debug:scanner.obj
 0002:00051510       _pj_str_unescape           004ba510 f   pjlib-util-i386-win32-vc8-debug:string.obj
 0002:000516b0       _pj_strcpy_unescape        004ba6b0 f   pjlib-util-i386-win32-vc8-debug:string.obj
 0002:000517a0       _pj_strncpy2_escape        004ba7a0 f   pjlib-util-i386-win32-vc8-debug:string.obj
 0002:000518e0       _pj_strncpy_escape         004ba8e0 f   pjlib-util-i386-win32-vc8-debug:string.obj
 0002:000528d0       _pj_dns_parse_a_response   004bb8d0 f   pjlib-util-i386-win32-vc8-debug:resolver.obj
 0002:00052d50       _pj_dns_resolver_add_entry 004bbd50 f   pjlib-util-i386-win32-vc8-debug:resolver.obj
 0002:000530b0       _pj_dns_resolver_cancel_query 004bc0b0 f   pjlib-util-i386-win32-vc8-debug:resolver.obj
 0002:00053180       _pj_dns_resolver_create    004bc180 f   pjlib-util-i386-win32-vc8-debug:resolver.obj
 0002:00053410       _pj_dns_resolver_destroy   004bc410 f   pjlib-util-i386-win32-vc8-debug:resolver.obj
 0002:00053700       _pj_dns_resolver_dump      004bc700 f   pjlib-util-i386-win32-vc8-debug:resolver.obj
 0002:00053b90       _pj_dns_resolver_get_cached_count 004bcb90 f   pjlib-util-i386-win32-vc8-debug:resolver.obj
 0002:00053c30       _pj_dns_resolver_get_settings 004bcc30 f   pjlib-util-i386-win32-vc8-debug:resolver.obj
 0002:00053ce0       _pj_dns_resolver_handle_events 004bcce0 f   pjlib-util-i386-win32-vc8-debug:resolver.obj
 0002:00053d80       _pj_dns_resolver_set_ns    004bcd80 f   pjlib-util-i386-win32-vc8-debug:resolver.obj
 0002:00053f90       _pj_dns_resolver_set_settings 004bcf90 f   pjlib-util-i386-win32-vc8-debug:resolver.obj
 0002:00054040       _pj_dns_resolver_start_query 004bd040 f   pjlib-util-i386-win32-vc8-debug:resolver.obj
 0002:000546d0       _pj_dns_settings_default   004bd6d0 f   pjlib-util-i386-win32-vc8-debug:resolver.obj
 0002:00056c50       _pj_md5_final              004bfc50 f   pjlib-util-i386-win32-vc8-debug:md5.obj
 0002:00056da0       _pj_md5_init               004bfda0 f   pjlib-util-i386-win32-vc8-debug:md5.obj
 0002:00056e40       _pj_md5_update             004bfe40 f   pjlib-util-i386-win32-vc8-debug:md5.obj
 0002:00057e20       _pj_dns_get_type_name      004c0e20 f   pjlib-util-i386-win32-vc8-debug:dns.obj
 0002:00057f20       _pj_dns_init_a_rr          004c0f20 f   pjlib-util-i386-win32-vc8-debug:dns.obj
 0002:00057f90       _pj_dns_init_cname_rr      004c0f90 f   pjlib-util-i386-win32-vc8-debug:dns.obj
 0002:00058010       _pj_dns_init_srv_rr        004c1010 f   pjlib-util-i386-win32-vc8-debug:dns.obj
 0002:000580b0       _pj_dns_make_query         004c10b0 f   pjlib-util-i386-win32-vc8-debug:dns.obj
 0002:00058320       _pj_dns_packet_dup         004c1320 f   pjlib-util-i386-win32-vc8-debug:dns.obj
 0002:00058770       _pj_dns_parse_packet       004c1770 f   pjlib-util-i386-win32-vc8-debug:dns.obj
 0002:0005a1c0       _pj_dns_srv_cancel_query   004c31c0 f   pjlib-util-i386-win32-vc8-debug:srv_resolver.obj
 0002:0005a2e0       _pj_dns_srv_resolve        004c32e0 f   pjlib-util-i386-win32-vc8-debug:srv_resolver.obj
 0002:0005a8a0       _pj_atexit                 004c38a0 f   pjlib-i386-win32-vc8-debug:os_core_win32.obj
 0002:0005a8f0       _pj_atomic_add             004c38f0 f   pjlib-i386-win32-vc8-debug:os_core_win32.obj
 0002:0005a910       _pj_atomic_add_and_get     004c3910 f   pjlib-i386-win32-vc8-debug:os_core_win32.obj
 0002:0005a940       _pj_atomic_create          004c3940 f   pjlib-i386-win32-vc8-debug:os_core_win32.obj
 0002:0005a990       _pj_atomic_dec             004c3990 f   pjlib-i386-win32-vc8-debug:os_core_win32.obj
 0002:0005a9c0       _pj_atomic_dec_and_get     004c39c0 f   pjlib-i386-win32-vc8-debug:os_core_win32.obj
 0002:0005aa00       _pj_atomic_destroy         004c3a00 f   pjlib-i386-win32-vc8-debug:os_core_win32.obj
 0002:0005aa60       _pj_atomic_get             004c3a60 f   pjlib-i386-win32-vc8-debug:os_core_win32.obj
 0002:0005aad0       _pj_atomic_inc             004c3ad0 f   pjlib-i386-win32-vc8-debug:os_core_win32.obj
 0002:0005ab00       _pj_atomic_inc_and_get     004c3b00 f   pjlib-i386-win32-vc8-debug:os_core_win32.obj
 0002:0005ab50       _pj_atomic_set             004c3b50 f   pjlib-i386-win32-vc8-debug:os_core_win32.obj
 0002:0005ac40       _pj_enter_critical_section 004c3c40 f   pjlib-i386-win32-vc8-debug:os_core_win32.obj
 0002:0005ac70       _pj_event_create           004c3c70 f   pjlib-i386-win32-vc8-debug:os_core_win32.obj
 0002:0005ae60       _pj_event_destroy          004c3e60 f   pjlib-i386-win32-vc8-debug:os_core_win32.obj
 0002:0005af50       _pj_event_pulse            004c3f50 f   pjlib-i386-win32-vc8-debug:os_core_win32.obj
 0002:0005b040       _pj_event_reset            004c4040 f   pjlib-i386-win32-vc8-debug:os_core_win32.obj
 0002:0005b130       _pj_event_set              004c4130 f   pjlib-i386-win32-vc8-debug:os_core_win32.obj
 0002:0005b220       _pj_event_trywait          004c4220 f   pjlib-i386-win32-vc8-debug:os_core_win32.obj
 0002:0005b290       _pj_event_wait             004c4290 f   pjlib-i386-win32-vc8-debug:os_core_win32.obj
 0002:0005b430       _pj_getpid                 004c4430 f   pjlib-i386-win32-vc8-debug:os_core_win32.obj
 0002:0005b470       _pj_init                   004c4470 f   pjlib-i386-win32-vc8-debug:os_core_win32.obj
 0002:0005b6d0       _pj_leave_critical_section 004c46d0 f   pjlib-i386-win32-vc8-debug:os_core_win32.obj
 0002:0005b700       _pj_mutex_create           004c4700 f   pjlib-i386-win32-vc8-debug:os_core_win32.obj
 0002:0005b7c0       _pj_mutex_create_recursive 004c47c0 f   pjlib-i386-win32-vc8-debug:os_core_win32.obj
 0002:0005b7f0       _pj_mutex_create_simple    004c47f0 f   pjlib-i386-win32-vc8-debug:os_core_win32.obj
 0002:0005b820       _pj_mutex_destroy          004c4820 f   pjlib-i386-win32-vc8-debug:os_core_win32.obj
 0002:0005b8b0       _pj_mutex_is_locked        004c48b0 f   pjlib-i386-win32-vc8-debug:os_core_win32.obj
 0002:0005b8f0       _pj_mutex_lock             004c48f0 f   pjlib-i386-win32-vc8-debug:os_core_win32.obj
 0002:0005b9c0       _pj_mutex_trylock          004c49c0 f   pjlib-i386-win32-vc8-debug:os_core_win32.obj
 0002:0005bab0       _pj_mutex_unlock           004c4ab0 f   pjlib-i386-win32-vc8-debug:os_core_win32.obj
 0002:0005bbb0       _pj_run_app                004c4bb0 f   pjlib-i386-win32-vc8-debug:os_core_win32.obj
 0002:0005bbe0       _pj_rwmutex_create         004c4be0 f   pjlib-i386-win32-vc8-debug:os_core_win32.obj
 0002:0005bcf0       _pj_rwmutex_destroy        004c4cf0 f   pjlib-i386-win32-vc8-debug:os_core_win32.obj
 0002:0005bd70       _pj_rwmutex_lock_read      004c4d70 f   pjlib-i386-win32-vc8-debug:os_core_win32.obj
 0002:0005bea0       _pj_rwmutex_lock_write     004c4ea0 f   pjlib-i386-win32-vc8-debug:os_core_win32.obj
 0002:0005bf10       _pj_rwmutex_unlock_read    004c4f10 f   pjlib-i386-win32-vc8-debug:os_core_win32.obj
 0002:0005c030       _pj_rwmutex_unlock_write   004c5030 f   pjlib-i386-win32-vc8-debug:os_core_win32.obj
 0002:0005c0d0       _pj_sem_create             004c50d0 f   pjlib-i386-win32-vc8-debug:os_core_win32.obj
 0002:0005c270       _pj_sem_destroy            004c5270 f   pjlib-i386-win32-vc8-debug:os_core_win32.obj
 0002:0005c360       _pj_sem_post               004c5360 f   pjlib-i386-win32-vc8-debug:os_core_win32.obj
 0002:0005c450       _pj_sem_trywait            004c5450 f   pjlib-i386-win32-vc8-debug:os_core_win32.obj
 0002:0005c4d0       _pj_sem_wait               004c54d0 f   pjlib-i386-win32-vc8-debug:os_core_win32.obj
 0002:0005c680       _pj_shutdown               004c5680 f   pjlib-i386-win32-vc8-debug:os_core_win32.obj
 0002:0005c810       _pj_term_get_color         004c5810 f   pjlib-i386-win32-vc8-debug:os_core_win32.obj
 0002:0005c880       _pj_term_set_color         004c5880 f   pjlib-i386-win32-vc8-debug:os_core_win32.obj
 0002:0005c950       _pj_thread_check_stack     004c5950 f   pjlib-i386-win32-vc8-debug:os_core_win32.obj
 0002:0005ca50       _pj_thread_create          004c5a50 f   pjlib-i386-win32-vc8-debug:os_core_win32.obj
 0002:0005cc90       _pj_thread_destroy         004c5c90 f   pjlib-i386-win32-vc8-debug:os_core_win32.obj
 0002:0005cd70       _pj_thread_get_name        004c5d70 f   pjlib-i386-win32-vc8-debug:os_core_win32.obj
 0002:0005cdf0       _pj_thread_get_os_handle   004c5df0 f   pjlib-i386-win32-vc8-debug:os_core_win32.obj
 0002:0005ce50       _pj_thread_get_prio        004c5e50 f   pjlib-i386-win32-vc8-debug:os_core_win32.obj
 0002:0005ce80       _pj_thread_get_prio_max    004c5e80 f   pjlib-i386-win32-vc8-debug:os_core_win32.obj
 0002:0005cea0       _pj_thread_get_prio_min    004c5ea0 f   pjlib-i386-win32-vc8-debug:os_core_win32.obj
 0002:0005cec0       _pj_thread_get_stack_info  004c5ec0 f   pjlib-i386-win32-vc8-debug:os_core_win32.obj
 0002:0005cf20       _pj_thread_get_stack_max_usage 004c5f20 f   pjlib-i386-win32-vc8-debug:os_core_win32.obj
 0002:0005cf40       _pj_thread_init            004c5f40 f   pjlib-i386-win32-vc8-debug:os_core_win32.obj
 0002:0005cfa0       _pj_thread_is_registered   004c5fa0 f   pjlib-i386-win32-vc8-debug:os_core_win32.obj
 0002:0005cff0       _pj_thread_join            004c5ff0 f   pjlib-i386-win32-vc8-debug:os_core_win32.obj
 0002:0005d120       _pj_thread_local_alloc     004c6120 f   pjlib-i386-win32-vc8-debug:os_core_win32.obj
 0002:0005d1e0       _pj_thread_local_free      004c61e0 f   pjlib-i386-win32-vc8-debug:os_core_win32.obj
 0002:0005d220       _pj_thread_local_get       004c6220 f   pjlib-i386-win32-vc8-debug:os_core_win32.obj
 0002:0005d240       _pj_thread_local_set       004c6240 f   pjlib-i386-win32-vc8-debug:os_core_win32.obj
 0002:0005d2d0       _pj_thread_register        004c62d0 f   pjlib-i386-win32-vc8-debug:os_core_win32.obj
 0002:0005d440       _pj_thread_resume          004c6440 f   pjlib-i386-win32-vc8-debug:os_core_win32.obj
 0002:0005d520       _pj_thread_set_prio        004c6520 f   pjlib-i386-win32-vc8-debug:os_core_win32.obj
 0002:0005d630       _pj_thread_sleep           004c6630 f   pjlib-i386-win32-vc8-debug:os_core_win32.obj
 0002:0005d670       _pj_thread_this            004c6670 f   pjlib-i386-win32-vc8-debug:os_core_win32.obj
 0002:0005d850       _pj_errno_clear_handlers   004c6850 f   pjlib-i386-win32-vc8-debug:errno.obj
 0002:0005d8c0       _pj_perror                 004c68c0 f   pjlib-i386-win32-vc8-debug:errno.obj
 0002:0005d910       _pj_perror_1               004c6910 f   pjlib-i386-win32-vc8-debug:errno.obj
 0002:0005d960       _pj_perror_2               004c6960 f   pjlib-i386-win32-vc8-debug:errno.obj
 0002:0005d9b0       _pj_perror_3               004c69b0 f   pjlib-i386-win32-vc8-debug:errno.obj
 0002:0005da00       _pj_perror_4               004c6a00 f   pjlib-i386-win32-vc8-debug:errno.obj
 0002:0005da50       _pj_perror_5               004c6a50 f   pjlib-i386-win32-vc8-debug:errno.obj
 0002:0005db70       _pj_register_strerror      004c6b70 f   pjlib-i386-win32-vc8-debug:errno.obj
 0002:0005dda0       _pj_strerror               004c6da0 f   pjlib-i386-win32-vc8-debug:errno.obj
 0002:0005e100       _pj_list_erase             004c7100 f   pjlib-i386-win32-vc8-debug:list.obj
 0002:0005e140       _pj_list_find_node         004c7140 f   pjlib-i386-win32-vc8-debug:list.obj
 0002:0005e1e0       _pj_list_insert_after      004c71e0 f   pjlib-i386-win32-vc8-debug:list.obj
 0002:0005e230       _pj_list_insert_before     004c7230 f   pjlib-i386-win32-vc8-debug:list.obj
 0002:0005e260       _pj_list_insert_nodes_after 004c7260 f   pjlib-i386-win32-vc8-debug:list.obj
 0002:0005e2c0       _pj_list_insert_nodes_before 004c72c0 f   pjlib-i386-win32-vc8-debug:list.obj
 0002:0005e2f0       _pj_list_merge_first       004c72f0 f   pjlib-i386-win32-vc8-debug:list.obj
 0002:0005e360       _pj_list_merge_last        004c7360 f   pjlib-i386-win32-vc8-debug:list.obj
 0002:0005e3d0       _pj_list_search            004c73d0 f   pjlib-i386-win32-vc8-debug:list.obj
 0002:0005e440       _pj_list_size              004c7440 f   pjlib-i386-win32-vc8-debug:list.obj
 0002:0005e4c0       _pj_getdefaultipinterface  004c74c0 f   pjlib-i386-win32-vc8-debug:sock_common.obj
 0002:0005e540       _pj_gethostaddr            004c7540 f   pjlib-i386-win32-vc8-debug:sock_common.obj
 0002:0005e590       _pj_gethostip              004c7590 f   pjlib-i386-win32-vc8-debug:sock_common.obj
 0002:0005f270       _pj_getipinterface         004c8270 f   pjlib-i386-win32-vc8-debug:sock_common.obj
 0002:0005f4c0       _pj_inet_addr              004c84c0 f   pjlib-i386-win32-vc8-debug:sock_common.obj
 0002:0005f4f0       _pj_inet_addr2             004c84f0 f   pjlib-i386-win32-vc8-debug:sock_common.obj
 0002:0005f530       _pj_inet_ntop2             004c8530 f   pjlib-i386-win32-vc8-debug:sock_common.obj
 0002:0005f620       _pj_sock_bind_random       004c8620 f   pjlib-i386-win32-vc8-debug:sock_common.obj
 0002:0005f7a0       _pj_sock_setsockopt_sobuf  004c87a0 f   pjlib-i386-win32-vc8-debug:sock_common.obj
 0002:0005f9d0       _pj_sockaddr_cmp           004c89d0 f   pjlib-i386-win32-vc8-debug:sock_common.obj
 0002:0005fae0       _pj_sockaddr_copy_addr     004c8ae0 f   pjlib-i386-win32-vc8-debug:sock_common.obj
 0002:0005fb40       _pj_sockaddr_cp            004c8b40 f   pjlib-i386-win32-vc8-debug:sock_common.obj
 0002:0005fb80       _pj_sockaddr_get_addr      004c8b80 f   pjlib-i386-win32-vc8-debug:sock_common.obj
 0002:0005fc50       _pj_sockaddr_get_addr_len  004c8c50 f   pjlib-i386-win32-vc8-debug:sock_common.obj
 0002:0005fd20       _pj_sockaddr_get_len       004c8d20 f   pjlib-i386-win32-vc8-debug:sock_common.obj
 0002:0005fdf0       _pj_sockaddr_get_port      004c8df0 f   pjlib-i386-win32-vc8-debug:sock_common.obj
 0002:0005fee0       _pj_sockaddr_has_addr      004c8ee0 f   pjlib-i386-win32-vc8-debug:sock_common.obj
 0002:0005ffd0       _pj_sockaddr_in_get_addr   004c8fd0 f   pjlib-i386-win32-vc8-debug:sock_common.obj
 0002:00060000       _pj_sockaddr_in_get_port   004c9000 f   pjlib-i386-win32-vc8-debug:sock_common.obj
 0002:00060030       _pj_sockaddr_in_init       004c9030 f   pjlib-i386-win32-vc8-debug:sock_common.obj
 0002:000600e0       _pj_sockaddr_in_set_addr   004c90e0 f   pjlib-i386-win32-vc8-debug:sock_common.obj
 0002:00060110       _pj_sockaddr_in_set_port   004c9110 f   pjlib-i386-win32-vc8-debug:sock_common.obj
 0002:00060140       _pj_sockaddr_in_set_str_addr 004c9140 f   pjlib-i386-win32-vc8-debug:sock_common.obj
 0002:000602a0       _pj_sockaddr_init          004c92a0 f   pjlib-i386-win32-vc8-debug:sock_common.obj
 0002:000603a0       _pj_sockaddr_parse         004c93a0 f   pjlib-i386-win32-vc8-debug:sock_common.obj
 0002:00060540       _pj_sockaddr_parse2        004c9540 f   pjlib-i386-win32-vc8-debug:sock_common.obj
 0002:000609e0       _pj_sockaddr_print         004c99e0 f   pjlib-i386-win32-vc8-debug:sock_common.obj
 0002:00060b40       _pj_sockaddr_set_port      004c9b40 f   pjlib-i386-win32-vc8-debug:sock_common.obj
 0002:00060c20       _pj_sockaddr_set_str_addr  004c9c20 f   pjlib-i386-win32-vc8-debug:sock_common.obj
 0002:00060dd0       _pj_NO_MEMORY_EXCEPTION    004c9dd0 f   pjlib-i386-win32-vc8-debug:pool.obj
 0002:00060e50       _pj_pool_alloc             004c9e50 f   pjlib-i386-win32-vc8-debug:pool.obj
 0002:00060eb0       _pj_pool_alloc_from_block  004c9eb0 f   pjlib-i386-win32-vc8-debug:pool.obj
 0002:00060f20       _pj_pool_allocate_find     004c9f20 f   pjlib-i386-win32-vc8-debug:pool.obj
 0002:000610b0       _pj_pool_calloc            004ca0b0 f   pjlib-i386-win32-vc8-debug:pool.obj
 0002:00061110       _pj_pool_create            004ca110 f   pjlib-i386-win32-vc8-debug:pool.obj
 0002:00061270       _pj_pool_create_int        004ca270 f   pjlib-i386-win32-vc8-debug:pool.obj
 0002:000613f0       _pj_pool_destroy_int       004ca3f0 f   pjlib-i386-win32-vc8-debug:pool.obj
 0002:00061470       _pj_pool_get_capacity      004ca470 f   pjlib-i386-win32-vc8-debug:pool.obj
 0002:00061490       _pj_pool_get_used_size     004ca490 f   pjlib-i386-win32-vc8-debug:pool.obj
 0002:00061500       _pj_pool_getobjname        004ca500 f   pjlib-i386-win32-vc8-debug:pool.obj
 0002:00061520       _pj_pool_init_int          004ca520 f   pjlib-i386-win32-vc8-debug:pool.obj
 0002:000615f0       _pj_pool_release           004ca5f0 f   pjlib-i386-win32-vc8-debug:pool.obj
 0002:00061640       _pj_pool_reset             004ca640 f   pjlib-i386-win32-vc8-debug:pool.obj
 0002:00061e90       _pj_caching_pool_destroy   004cae90 f   pjlib-i386-win32-vc8-debug:pool_caching.obj
 0002:00062000       _pj_caching_pool_init      004cb000 f   pjlib-i386-win32-vc8-debug:pool_caching.obj
 0002:000621f0       _pj_create_random_string   004cb1f0 f   pjlib-i386-win32-vc8-debug:string.obj
 0002:000624c0       _pj_str                    004cb4c0 f   pjlib-i386-win32-vc8-debug:string.obj
 0002:00062510       _pj_strassign              004cb510 f   pjlib-i386-win32-vc8-debug:string.obj
 0002:00062550       _pj_strcat                 004cb550 f   pjlib-i386-win32-vc8-debug:string.obj
 0002:000625b0       _pj_strcat2                004cb5b0 f   pjlib-i386-win32-vc8-debug:string.obj
 0002:00062630       _pj_strcmp                 004cb630 f   pjlib-i386-win32-vc8-debug:string.obj
 0002:00062750       _pj_strcmp2                004cb750 f   pjlib-i386-win32-vc8-debug:string.obj
 0002:000627b0       _pj_strcpy                 004cb7b0 f   pjlib-i386-win32-vc8-debug:string.obj
 0002:00062810       _pj_strcpy2                004cb810 f   pjlib-i386-win32-vc8-debug:string.obj
 0002:00062890       _pj_strdup                 004cb890 f   pjlib-i386-win32-vc8-debug:string.obj
 0002:00062920       _pj_strdup2                004cb920 f   pjlib-i386-win32-vc8-debug:string.obj
 0002:000629c0       _pj_strdup2_with_null      004cb9c0 f   pjlib-i386-win32-vc8-debug:string.obj
 0002:00062a70       _pj_strdup3                004cba70 f   pjlib-i386-win32-vc8-debug:string.obj
 0002:00062ab0       _pj_strdup_with_null       004cbab0 f   pjlib-i386-win32-vc8-debug:string.obj
 0002:00062b40       _pj_stricmp                004cbb40 f   pjlib-i386-win32-vc8-debug:string.obj
 0002:00062c60       _pj_stricmp2               004cbc60 f   pjlib-i386-win32-vc8-debug:string.obj
 0002:00062cc0       _pj_stristr                004cbcc0 f   pjlib-i386-win32-vc8-debug:string.obj
 0002:00062d60       _pj_strltrim               004cbd60 f   pjlib-i386-win32-vc8-debug:string.obj
 0002:00062df0       _pj_strncmp                004cbdf0 f   pjlib-i386-win32-vc8-debug:string.obj
 0002:00062e70       _pj_strncmp2               004cbe70 f   pjlib-i386-win32-vc8-debug:string.obj
 0002:00062ed0       _pj_strncpy                004cbed0 f   pjlib-i386-win32-vc8-debug:string.obj
 0002:00062f30       _pj_strncpy_with_null      004cbf30 f   pjlib-i386-win32-vc8-debug:string.obj
 0002:00062fb0       _pj_strnicmp               004cbfb0 f   pjlib-i386-win32-vc8-debug:string.obj
 0002:00063030       _pj_strnicmp2              004cc030 f   pjlib-i386-win32-vc8-debug:string.obj
 0002:00063090       _pj_strrtrim               004cc090 f   pjlib-i386-win32-vc8-debug:string.obj
 0002:00063120       _pj_strstr                 004cc120 f   pjlib-i386-win32-vc8-debug:string.obj
 0002:000631c0       _pj_strtof                 004cc1c0 f   pjlib-i386-win32-vc8-debug:string.obj
 0002:00063390       _pj_strtol                 004cc390 f   pjlib-i386-win32-vc8-debug:string.obj
 0002:00063490       _pj_strtoul                004cc490 f   pjlib-i386-win32-vc8-debug:string.obj
 0002:00063540       _pj_strtoul2               004cc540 f   pjlib-i386-win32-vc8-debug:string.obj
 0002:000636d0       _pj_strtrim                004cc6d0 f   pjlib-i386-win32-vc8-debug:string.obj
 0002:00063710       _pj_utoa                   004cc710 f   pjlib-i386-win32-vc8-debug:string.obj
 0002:00063740       _pj_utoa_pad               004cc740 f   pjlib-i386-win32-vc8-debug:string.obj
 0002:000638a0       _pj_array_erase            004cc8a0 f   pjlib-i386-win32-vc8-debug:array.obj
 0002:00063930       _pj_array_find             004cc930 f   pjlib-i386-win32-vc8-debug:array.obj
 0002:000639b0       _pj_array_insert           004cc9b0 f   pjlib-i386-win32-vc8-debug:array.obj
 0002:00063c00       _pj_log                    004ccc00 f   pjlib-i386-win32-vc8-debug:log.obj
 0002:000644b0       _pj_log_1                  004cd4b0 f   pjlib-i386-win32-vc8-debug:log.obj
 0002:000644f0       _pj_log_2                  004cd4f0 f   pjlib-i386-win32-vc8-debug:log.obj
 0002:00064530       _pj_log_3                  004cd530 f   pjlib-i386-win32-vc8-debug:log.obj
 0002:00064570       _pj_log_4                  004cd570 f   pjlib-i386-win32-vc8-debug:log.obj
 0002:000645b0       _pj_log_5                  004cd5b0 f   pjlib-i386-win32-vc8-debug:log.obj
 0002:000645f0       _pj_log_add_indent         004cd5f0 f   pjlib-i386-win32-vc8-debug:log.obj
 0002:00064620       _pj_log_get_color          004cd620 f   pjlib-i386-win32-vc8-debug:log.obj
 0002:000646c0       _pj_log_get_decor          004cd6c0 f   pjlib-i386-win32-vc8-debug:log.obj
 0002:000646e0       _pj_log_get_level          004cd6e0 f   pjlib-i386-win32-vc8-debug:log.obj
 0002:00064700       _pj_log_get_log_func       004cd700 f   pjlib-i386-win32-vc8-debug:log.obj
 0002:00064720       _pj_log_init               004cd720 f   pjlib-i386-win32-vc8-debug:log.obj
 0002:000647c0       _pj_log_pop_indent         004cd7c0 f   pjlib-i386-win32-vc8-debug:log.obj
 0002:000647e0       _pj_log_push_indent        004cd7e0 f   pjlib-i386-win32-vc8-debug:log.obj
 0002:00064800       _pj_log_set_color          004cd800 f   pjlib-i386-win32-vc8-debug:log.obj
 0002:00064930       _pj_log_set_decor          004cd930 f   pjlib-i386-win32-vc8-debug:log.obj
 0002:00064950       _pj_log_set_level          004cd950 f   pjlib-i386-win32-vc8-debug:log.obj
 0002:00064970       _pj_log_set_log_func       004cd970 f   pjlib-i386-win32-vc8-debug:log.obj
 0002:00064aa0       _pj_gethostname            004cdaa0 f   pjlib-i386-win32-vc8-debug:sock_bsd.obj
 0002:00064b50       _pj_htonl                  004cdb50 f   pjlib-i386-win32-vc8-debug:sock_bsd.obj
 0002:00064b70       _pj_htons                  004cdb70 f   pjlib-i386-win32-vc8-debug:sock_bsd.obj
 0002:00064ba0       _pj_inet_aton              004cdba0 f   pjlib-i386-win32-vc8-debug:sock_bsd.obj
 0002:00064cd0       _pj_inet_ntoa              004cdcd0 f   pjlib-i386-win32-vc8-debug:sock_bsd.obj
 0002:00064cf0       _pj_inet_ntop              004cdcf0 f   pjlib-i386-win32-vc8-debug:sock_bsd.obj
 0002:00064f30       _pj_inet_pton              004cdf30 f   pjlib-i386-win32-vc8-debug:sock_bsd.obj
 0002:000651e0       _pj_ntohl                  004ce1e0 f   pjlib-i386-win32-vc8-debug:sock_bsd.obj
 0002:00065200       _pj_ntohs                  004ce200 f   pjlib-i386-win32-vc8-debug:sock_bsd.obj
 0002:00065230       _pj_sock_accept            004ce230 f   pjlib-i386-win32-vc8-debug:sock_bsd.obj
 0002:00065320       _pj_sock_bind              004ce320 f   pjlib-i386-win32-vc8-debug:sock_bsd.obj
 0002:00065410       _pj_sock_bind_in           004ce410 f   pjlib-i386-win32-vc8-debug:sock_bsd.obj
 0002:000654c0       _pj_sock_close             004ce4c0 f   pjlib-i386-win32-vc8-debug:sock_bsd.obj
 0002:00065560       _pj_sock_connect           004ce560 f   pjlib-i386-win32-vc8-debug:sock_bsd.obj
 0002:00065600       _pj_sock_getpeername       004ce600 f   pjlib-i386-win32-vc8-debug:sock_bsd.obj
 0002:000656a0       _pj_sock_getsockname       004ce6a0 f   pjlib-i386-win32-vc8-debug:sock_bsd.obj
 0002:00065740       _pj_sock_getsockopt        004ce740 f   pjlib-i386-win32-vc8-debug:sock_bsd.obj
 0002:00065840       _pj_sock_listen            004ce840 f   pjlib-i386-win32-vc8-debug:sock_bsd.obj
 0002:000658e0       _pj_sock_recv              004ce8e0 f   pjlib-i386-win32-vc8-debug:sock_bsd.obj
 0002:000659e0       _pj_sock_recvfrom          004ce9e0 f   pjlib-i386-win32-vc8-debug:sock_bsd.obj
 0002:00065af0       _pj_sock_send              004ceaf0 f   pjlib-i386-win32-vc8-debug:sock_bsd.obj
 0002:00065be0       _pj_sock_sendto            004cebe0 f   pjlib-i386-win32-vc8-debug:sock_bsd.obj
 0002:00065ce0       _pj_sock_setsockopt        004cece0 f   pjlib-i386-win32-vc8-debug:sock_bsd.obj
 0002:00065d90       _pj_sock_shutdown          004ced90 f   pjlib-i386-win32-vc8-debug:sock_bsd.obj
 0002:00065e30       _pj_sock_socket            004cee30 f   pjlib-i386-win32-vc8-debug:sock_bsd.obj
 0002:00066650       _pj_grp_lock_acquire       004cf650 f   pjlib-i386-win32-vc8-debug:lock.obj
 0002:00066680       _pj_grp_lock_add_handler   004cf680 f   pjlib-i386-win32-vc8-debug:lock.obj
 0002:00066710       _pj_grp_lock_add_ref       004cf710 f   pjlib-i386-win32-vc8-debug:lock.obj
 0002:00066740       _pj_grp_lock_chain_lock    004cf740 f   pjlib-i386-win32-vc8-debug:lock.obj
 0002:00066830       _pj_grp_lock_config_default 004cf830 f   pjlib-i386-win32-vc8-debug:lock.obj
 0002:00066860       _pj_grp_lock_create        004cf860 f   pjlib-i386-win32-vc8-debug:lock.obj
 0002:00066a40       _pj_grp_lock_dec_ref       004cfa40 f   pjlib-i386-win32-vc8-debug:lock.obj
 0002:00066a70       _pj_grp_lock_del_handler   004cfa70 f   pjlib-i386-win32-vc8-debug:lock.obj
 0002:00066b10       _pj_grp_lock_destroy       004cfb10 f   pjlib-i386-win32-vc8-debug:lock.obj
 0002:00066b40       _pj_grp_lock_dump          004cfb40 f   pjlib-i386-win32-vc8-debug:lock.obj
 0002:00066b60       _pj_grp_lock_get_ref       004cfb60 f   pjlib-i386-win32-vc8-debug:lock.obj
 0002:00066b90       _pj_grp_lock_release       004cfb90 f   pjlib-i386-win32-vc8-debug:lock.obj
 0002:00066bc0       _pj_grp_lock_replace       004cfbc0 f   pjlib-i386-win32-vc8-debug:lock.obj
 0002:00066c70       _pj_grp_lock_tryacquire    004cfc70 f   pjlib-i386-win32-vc8-debug:lock.obj
 0002:00066ca0       _pj_grp_lock_unchain_lock  004cfca0 f   pjlib-i386-win32-vc8-debug:lock.obj
 0002:00066dd0       _pj_lock_acquire           004cfdd0 f   pjlib-i386-win32-vc8-debug:lock.obj
 0002:00066e40       _pj_lock_create_null_mutex 004cfe40 f   pjlib-i386-win32-vc8-debug:lock.obj
 0002:00066ea0       _pj_lock_create_recursive_mutex 004cfea0 f   pjlib-i386-win32-vc8-debug:lock.obj
 0002:00066ed0       _pj_lock_create_semaphore  004cfed0 f   pjlib-i386-win32-vc8-debug:lock.obj
 0002:00066fc0       _pj_lock_create_simple_mutex 004cffc0 f   pjlib-i386-win32-vc8-debug:lock.obj
 0002:00066ff0       _pj_lock_destroy           004cfff0 f   pjlib-i386-win32-vc8-debug:lock.obj
 0002:00067060       _pj_lock_release           004d0060 f   pjlib-i386-win32-vc8-debug:lock.obj
 0002:000670d0       _pj_lock_tryacquire        004d00d0 f   pjlib-i386-win32-vc8-debug:lock.obj
 0002:000671a0       _pj_rand                   004d01a0 f   pjlib-i386-win32-vc8-debug:rand.obj
 0002:000671e0       _pj_srand                  004d01e0 f   pjlib-i386-win32-vc8-debug:rand.obj
 0002:00067260       _pj_time_val_normalize     004d0260 f   pjlib-i386-win32-vc8-debug:types.obj
 0002:00067810       _pj_timer_entry_init       004d0810 f   pjlib-i386-win32-vc8-debug:timer.obj
 0002:000678a0       _pj_timer_entry_running    004d08a0 f   pjlib-i386-win32-vc8-debug:timer.obj
 0002:000678e0       _pj_timer_heap_cancel      004d08e0 f   pjlib-i386-win32-vc8-debug:timer.obj
 0002:00067910       _pj_timer_heap_cancel_if_active 004d0910 f   pjlib-i386-win32-vc8-debug:timer.obj
 0002:00067940       _pj_timer_heap_count       004d0940 f   pjlib-i386-win32-vc8-debug:timer.obj
 0002:000679a0       _pj_timer_heap_create      004d09a0 f   pjlib-i386-win32-vc8-debug:timer.obj
 0002:00067b50       _pj_timer_heap_destroy     004d0b50 f   pjlib-i386-win32-vc8-debug:timer.obj
 0002:00067ba0       _pj_timer_heap_earliest_time 004d0ba0 f   pjlib-i386-win32-vc8-debug:timer.obj
 0002:00067c40       _pj_timer_heap_mem_size    004d0c40 f   pjlib-i386-win32-vc8-debug:timer.obj
 0002:00067c60       _pj_timer_heap_poll        004d0c60 f   pjlib-i386-win32-vc8-debug:timer.obj
 0002:00067f10       _pj_timer_heap_schedule    004d0f10 f   pjlib-i386-win32-vc8-debug:timer.obj
 0002:00067f50       _pj_timer_heap_schedule_w_grp_lock 004d0f50 f   pjlib-i386-win32-vc8-debug:timer.obj
[...]
 0004:00003034       __pwctype                  0056e034     LIBCMTD:ctype.obj
 0004:00003040       __d_inf                    0056e040     LIBCMTD:util.obj
 0004:00003048       __d_ind                    0056e048     LIBCMTD:util.obj
 0004:00003050       __d_max                    0056e050     LIBCMTD:util.obj
 0004:00003058       __d_min                    0056e058     LIBCMTD:util.obj
 0004:00003060       __d_mzero                  0056e060     LIBCMTD:util.obj
 0004:00003094       __matherr_flag             0056e094     LIBCMTD:matherr.obj
 0004:000030a0       __HUGE                     0056e0a0     LIBCMTD:huge.obj
 0004:000030e8       __confh                    0056e0e8     LIBCMTD:initcon.obj
 0004:000030f0       __pow10pos                 0056e0f0     LIBCMTD:constpow.obj
 0004:00003250       __pow10neg                 0056e250     LIBCMTD:constpow.obj
 0004:00003710       ??_R0?AVbad_exception@std@@@8 0056e710     LIBCMTD:frame.obj
 0004:00003738       ??_R0?AVexception@std@@@8  0056e738     LIBCMTD:frame.obj
 0004:0000375c       ??_R0?AVtype_info@@@8      0056e75c     LIBCMTD:typinfo.obj
 0004:00003778       ??_R0?AVbad_cast@std@@@8   0056e778     LIBCMTD:stdexcpt.obj
 0004:00003798       ??_R0?AVbad_typeid@std@@@8 0056e798     LIBCMTD:stdexcpt.obj
 0004:000037bc       ??_R0?AV__non_rtti_object@std@@@8 0056e7bc     LIBCMTD:stdexcpt.obj
 0004:000037e8       ??_R0?AVDNameNode@@@8      0056e7e8     LIBCMTD:undname.obj
 0004:00003804       ??_R0?AVcharNode@@@8       0056e804     LIBCMTD:undname.obj
 0004:00003820       ??_R0?AVpcharNode@@@8      0056e820     LIBCMTD:undname.obj
 0004:0000383c       ??_R0?AVpDNameNode@@@8     0056e83c     LIBCMTD:undname.obj
 0004:0000385c       ??_R0?AVDNameStatusNode@@@8 0056e85c     LIBCMTD:undname.obj
 0004:00003880       ??_R0?AVpairNode@@@8       0056e880     LIBCMTD:undname.obj
 0004:00003c30       _pjsip_use_compact_form    0056ec30     pjsip-core-i386-win32-vc8-debug:sip_msg.obj
 0004:000081a8       _pj_optarg                 005731a8     pjlib-util-i386-win32-vc8-debug:getopt.obj
 0004:00008604       __cflush                   00573604     LIBCMTD:_file.obj
 0004:0000860c       __aenvptr                  0057360c     LIBCMTD:crt0.obj
 0004:00008610       __wenvptr                  00573610     LIBCMTD:crt0.obj
 0004:000089d8       ___fastflag                005739d8     LIBCMTD:fpinit.obj
 0004:000089dc       ___isa_available           005739dc     LIBCMTD:cpu_disp.obj
 0004:000089e0       ___favor                   005739e0     LIBCMTD:cpu_disp.obj
 0004:00008b98       ___crtDebugCheckCount      00573b98     LIBCMTD:dbgheap.obj
 0004:00008ba0       ?_pfnDumpClient@@3P6AXPAXI@ZA 00573ba0     LIBCMTD:dbgheap.obj
 0004:00008bc4       __umaskval                 00573bc4     LIBCMTD:crt0dat.obj
 0004:00008bc8       __exitflag                 00573bc8     LIBCMTD:crt0dat.obj
 0004:00008bcc       __C_Termination_Done       00573bcc     LIBCMTD:crt0dat.obj
 0004:00008bd0       ___winitenv                00573bd0     LIBCMTD:crt0dat.obj
 0004:00008bd4       ___initenv                 00573bd4     LIBCMTD:crt0dat.obj
 0004:00008bd8       ___argc                    00573bd8     LIBCMTD:crt0dat.obj
 0004:00008bdc       ___argv                    00573bdc     LIBCMTD:crt0dat.obj
 0004:00008be0       ___wargv                   00573be0     LIBCMTD:crt0dat.obj
 0004:00008be4       __environ                  00573be4     LIBCMTD:crt0dat.obj
 0004:00008be8       __wenviron                 00573be8     LIBCMTD:crt0dat.obj
 0004:00008bec       __pgmptr                   00573bec     LIBCMTD:crt0dat.obj
 0004:00008bf0       __wpgmptr                  00573bf0     LIBCMTD:crt0dat.obj
 0004:00008bf4       __C_Exit_Done              00573bf4     LIBCMTD:crt0dat.obj
 0004:00008c04       ___pInvalidArgHandler      00573c04     LIBCMTD:invarg.obj
 0004:00008c08       ___pioinfo                 00573c08     LIBCMTD:ioinit.obj
 0004:00008d3c       __stdbuf                   00573d3c     LIBCMTD:_sftbuf.obj
 0004:00008d48       ___mbcodepage              00573d48     LIBCMTD:mbctype.obj
 0004:00008d4c       ___ismbcodepage            00573d4c     LIBCMTD:mbctype.obj
 0004:00008d50       ___mbulinfo                00573d50     LIBCMTD:mbctype.obj
 0004:00008d5c       ___mblocalename            00573d5c     LIBCMTD:mbctype.obj
 0004:00008d6c       ___locale_changed          00573d6c     LIBCMTD:wsetloca.obj
 0004:00008d70       __crtheap                  00573d70     LIBCMTD:heapinit.obj
 0004:00008eb8       ___app_type                00573eb8     LIBCMTD:crt0msg.obj
 0004:00009624       ___error_mode              00574624     LIBCMTD:errmode.obj
 0004:00009658       __newmode                  00574658     LIBCMTD:_newmode.obj
 0004:0000965c       ?_pnhHeap@@3P6AHI@ZA       0057465c     LIBCMTD:handler.obj
 0004:00009660       ?__pInconsistency@@3P6AXXZA 00574660     LIBCMTD:hooks.obj
 0004:00009664       ___pPurecall               00574664     LIBCMTD:inithelp.obj
 0004:0000966c       ___lconv_static_null       0057466c     LIBCMTD:lconv.obj
 0004:00009670       ___lconv_static_W_null     00574670     LIBCMTD:lconv.obj
 0004:00009674       ?g_OutOfMemoryExceptionCallback@@3P6GPAXXZA 00574674     LIBCMTD:frame.obj
 0004:0000967c       __outputformat             0057467c     LIBCMTD:outputformat.obj
 0004:0000968c       ?pArgList@UnDecorator@@0PAVReplicator@@A 0057468c     LIBCMTD:undname.obj
 0004:00009690       ?pZNameList@UnDecorator@@0PAVReplicator@@A 00574690     LIBCMTD:undname.obj
 0004:00009694       ?pTemplateArgList@UnDecorator@@0PAVReplicator@@A 00574694     LIBCMTD:undname.obj
 0004:00009698       ?gName@UnDecorator@@0PBDB  00574698     LIBCMTD:undname.obj
 0004:0000969c       ?name@UnDecorator@@0PBDB   0057469c     LIBCMTD:undname.obj
 0004:000096a0       ?outputString@UnDecorator@@0PADA 005746a0     LIBCMTD:undname.obj
 0004:000096a4       ?maxStringLength@UnDecorator@@0HA 005746a4     LIBCMTD:undname.obj
 0004:000096a8       ?disableFlags@UnDecorator@@0KA 005746a8     LIBCMTD:undname.obj
 0004:000096ac       ?fExplicitTemplateParams@UnDecorator@@0_NA 005746ac     LIBCMTD:undname.obj
 0004:000096ad       ?fGetTemplateArgumentList@UnDecorator@@0_NA 005746ad     LIBCMTD:undname.obj
 0004:000096b0       ?m_pGetParameter@UnDecorator@@0P6APADJ@ZA 005746b0     LIBCMTD:undname.obj
 0004:00009738       ?nodes@?1??make@DNameStatusNode@@SAPAV2@W4DNameStatus@@@Z@4PAV2@A 00574738     LIBCMTD:undname.obj
 0004:00009774       ??_B?1??make@DNameStatusNode@@SAPAV1@W4DNameStatus@@@Z@51 00574774     LIBCMTD:undname.obj
 0004:00009778       _pjsip_dlg_lock_tls_id     00574778     <common>
 0004:00009784       _PJ_NO_MEMORY_EXCEPTION    00574784     <common>
 0004:00009790       __pReportHookListW         00574790     <common>
 0004:000097a0       __pReportHookList          005747a0     <common>
 0004:000097a4       __pfnReportHook            005747a4     <common>
 0004:000097c0       _encodedKERNEL32Functions  005747c0     <common>
 0004:00009868       __debugger_hook_dummy      00574868     <common>
 0004:00009874       ___unguarded_readlc_active 00574874     <common>
 0004:00009884       ___setlc_active            00574884     <common>
 0004:00009888       __nhandle                  00574888     <common>
 0004:00009894       ___dyn_tls_init_callback   00574894     <common>
 0004:000098a4       ___onexitend               005748a4     <common>
 0004:000098a8       ___onexitbegin             005748a8     <common>
 0004:000098ac       ___mbctype_initialized     005748ac     <common>
 0004:000098b0       ___env_initialized         005748b0     <common>
 0004:000098b4       __setjmpexused             005748b4     <common>
 0004:000098c0       __acmdln                   005748c0     <common>
 0004:000098e0       __bufin                    005748e0     <common>
 0004:0000ac1c       ___piob                    00575c1c     <common>
 0004:0000ac20       __nstream                  00575c20     <common>
 0005:00000000       __imp__SetLastError@4      00576000     kernel32:KERNEL32.dll
 0005:00000004       __imp__CreateFileW@28      00576004     kernel32:KERNEL32.dll
 0005:00000008       __imp__SetStdHandle@8      00576008     kernel32:KERNEL32.dll
 0005:0000000c       __imp__LCMapStringW@24     0057600c     kernel32:KERNEL32.dll
 0005:00000010       __imp__CompareStringW@24   00576010     kernel32:KERNEL32.dll
 0005:00000014       __imp__GetTimeFormatW@24   00576014     kernel32:KERNEL32.dll
 0005:00000018       __imp__GetDateFormatW@24   00576018     kernel32:KERNEL32.dll
 0005:0000001c       __imp__EnumSystemLocalesW@8 0057601c     kernel32:KERNEL32.dll
 0005:00000020       __imp__GetUserDefaultLCID@0 00576020     kernel32:KERNEL32.dll
 0005:00000024       __imp__IsValidLocale@8     00576024     kernel32:KERNEL32.dll
 0005:00000028       __imp__GetLocaleInfoW@16   00576028     kernel32:KERNEL32.dll
 0005:0000002c       __imp__GetStringTypeW@16   0057602c     kernel32:KERNEL32.dll
 0005:00000030       __imp__SetFilePointerEx@20 00576030     kernel32:KERNEL32.dll
 0005:00000034       __imp__OutputDebugStringA@4 00576034     kernel32:KERNEL32.dll
 0005:00000038       __imp__ReadConsoleW@20     00576038     kernel32:KERNEL32.dll
 0005:0000003c       __imp__ReadFile@20         0057603c     kernel32:KERNEL32.dll
 0005:00000040       __imp__HeapAlloc@12        00576040     kernel32:KERNEL32.dll
 0005:00000044       __imp__HeapQueryInformation@20 00576044     kernel32:KERNEL32.dll
 0005:00000048       __imp__HeapSize@12         00576048     kernel32:KERNEL32.dll
 0005:0000004c       __imp__HeapReAlloc@16      0057604c     kernel32:KERNEL32.dll
 0005:00000050       __imp__HeapFree@12         00576050     kernel32:KERNEL32.dll
 0005:00000054       __imp__GetConsoleMode@8    00576054     kernel32:KERNEL32.dll
 0005:00000058       __imp__GetConsoleCP@0      00576058     kernel32:KERNEL32.dll
 0005:0000005c       __imp__FlushFileBuffers@4  0057605c     kernel32:KERNEL32.dll
 0005:00000060       __imp__RaiseException@16   00576060     kernel32:KERNEL32.dll
 0005:00000064       __imp__CreateSemaphoreW@16 00576064     kernel32:KERNEL32.dll
 0005:00000068       __imp__GetModuleHandleW@4  00576068     kernel32:KERNEL32.dll
 0005:0000006c       __imp__GetTickCount@0      0057606c     kernel32:KERNEL32.dll
 0005:00000070       __imp__TerminateProcess@8  00576070     kernel32:KERNEL32.dll
 0005:00000074       __imp__GetCurrentProcess@0 00576074     kernel32:KERNEL32.dll
 0005:00000078       __imp__CreateEventW@16     00576078     kernel32:KERNEL32.dll
 0005:0000007c       __imp__InitializeCriticalSectionAndSpinCount@8 0057607c     kernel32:KERNEL32.dll
 0005:00000080       __imp__SetUnhandledExceptionFilter@4 00576080     kernel32:KERNEL32.dll
 0005:00000084       __imp__UnhandledExceptionFilter@4 00576084     kernel32:KERNEL32.dll
 0005:00000088       __imp__LoadLibraryExW@12   00576088     kernel32:KERNEL32.dll
 0005:0000008c       __imp__WaitForSingleObjectEx@12 0057608c     kernel32:KERNEL32.dll
 0005:00000090       __imp__GetStdHandle@4      00576090     kernel32:KERNEL32.dll
 0005:00000094       __imp__CloseHandle@4       00576094     kernel32:KERNEL32.dll
 0005:00000098       __imp__GetLastError@0      00576098     kernel32:KERNEL32.dll
 0005:0000009c       __imp__InitializeCriticalSection@4 0057609c     kernel32:KERNEL32.dll
 0005:000000a0       __imp__EnterCriticalSection@4 005760a0     kernel32:KERNEL32.dll
 0005:000000a4       __imp__LeaveCriticalSection@4 005760a4     kernel32:KERNEL32.dll
 0005:000000a8       __imp__TryEnterCriticalSection@4 005760a8     kernel32:KERNEL32.dll
 0005:000000ac       __imp__DeleteCriticalSection@4 005760ac     kernel32:KERNEL32.dll
 0005:000000b0       __imp__SetEvent@4          005760b0     kernel32:KERNEL32.dll
 0005:000000b4       __imp__ResetEvent@4        005760b4     kernel32:KERNEL32.dll
 0005:000000b8       __imp__ReleaseSemaphore@12 005760b8     kernel32:KERNEL32.dll
 0005:000000bc       __imp__WaitForSingleObject@8 005760bc     kernel32:KERNEL32.dll
 0005:000000c0       __imp__CreateEventA@16     005760c0     kernel32:KERNEL32.dll
 0005:000000c4       __imp__Sleep@4             005760c4     kernel32:KERNEL32.dll
 0005:000000c8       __imp__GetCurrentProcessId@0 005760c8     kernel32:KERNEL32.dll
 0005:000000cc       __imp__CreateThread@24     005760cc     kernel32:KERNEL32.dll
 0005:000000d0       __imp__GetCurrentThread@0  005760d0     kernel32:KERNEL32.dll
 0005:000000d4       __imp__GetCurrentThreadId@0 005760d4     kernel32:KERNEL32.dll
 0005:000000d8       __imp__SetThreadPriority@8 005760d8     kernel32:KERNEL32.dll
 0005:000000dc       __imp__GetThreadPriority@4 005760dc     kernel32:KERNEL32.dll
 0005:000000e0       __imp__ResumeThread@4      005760e0     kernel32:KERNEL32.dll
 0005:000000e4       __imp__TlsAlloc@0          005760e4     kernel32:KERNEL32.dll
 0005:000000e8       __imp__TlsGetValue@4       005760e8     kernel32:KERNEL32.dll
 0005:000000ec       __imp__TlsSetValue@8       005760ec     kernel32:KERNEL32.dll
 0005:000000f0       __imp__TlsFree@4           005760f0     kernel32:KERNEL32.dll
 0005:000000f4       __imp__PulseEvent@4        005760f4     kernel32:KERNEL32.dll
 0005:000000f8       __imp__CreateSemaphoreA@16 005760f8     kernel32:KERNEL32.dll
 0005:000000fc       __imp__GetConsoleScreenBufferInfo@8 005760fc     kernel32:KERNEL32.dll
 0005:00000100       __imp__SetConsoleTextAttribute@8 00576100     kernel32:KERNEL32.dll
 0005:00000104       __imp__GetLocalTime@4      00576104     kernel32:KERNEL32.dll
 0005:00000108       __imp__FileTimeToSystemTime@8 00576108     kernel32:KERNEL32.dll
 0005:0000010c       __imp__SystemTimeToFileTime@8 0057610c     kernel32:KERNEL32.dll
 0005:00000110       __imp__QueryPerformanceCounter@4 00576110     kernel32:KERNEL32.dll
 0005:00000114       __imp__QueryPerformanceFrequency@4 00576114     kernel32:KERNEL32.dll
 0005:00000118       __imp__FormatMessageA@28   00576118     kernel32:KERNEL32.dll
 0005:0000011c       __imp__FreeLibrary@4       0057611c     kernel32:KERNEL32.dll
 0005:00000120       __imp__GetProcAddress@8    00576120     kernel32:KERNEL32.dll
 0005:00000124       __imp__LoadLibraryA@4      00576124     kernel32:KERNEL32.dll
 0005:00000128       __imp__GetCommandLineA@0   00576128     kernel32:KERNEL32.dll
 0005:0000012c       __imp__GetFileType@4       0057612c     kernel32:KERNEL32.dll
 0005:00000130       __imp__GetModuleFileNameW@12 00576130     kernel32:KERNEL32.dll
 0005:00000134       __imp__GetModuleHandleExW@12 00576134     kernel32:KERNEL32.dll
 0005:00000138       __imp__WriteConsoleW@20    00576138     kernel32:KERNEL32.dll
 0005:0000013c       __imp__IsDebuggerPresent@0 0057613c     kernel32:KERNEL32.dll
 0005:00000140       __imp__IsProcessorFeaturePresent@4 00576140     kernel32:KERNEL32.dll
 0005:00000144       __imp__RtlUnwind@16        00576144     kernel32:KERNEL32.dll
 0005:00000148       __imp__FatalAppExitA@8     00576148     kernel32:KERNEL32.dll
 0005:0000014c       __imp__HeapValidate@12     0057614c     kernel32:KERNEL32.dll
 0005:00000150       __imp__GetSystemInfo@4     00576150     kernel32:KERNEL32.dll
 0005:00000154       __imp__EncodePointer@4     00576154     kernel32:KERNEL32.dll
 0005:00000158       __imp__DecodePointer@4     00576158     kernel32:KERNEL32.dll
 0005:0000015c       __imp__ExitProcess@4       0057615c     kernel32:KERNEL32.dll
 0005:00000160       __imp__AreFileApisANSI@0   00576160     kernel32:KERNEL32.dll
 0005:00000164       __imp__MultiByteToWideChar@24 00576164     kernel32:KERNEL32.dll
 0005:00000168       __imp__WideCharToMultiByte@32 00576168     kernel32:KERNEL32.dll
 0005:0000016c       __imp__GetStartupInfoW@4   0057616c     kernel32:KERNEL32.dll
 0005:00000170       __imp__IsValidCodePage@4   00576170     kernel32:KERNEL32.dll
 0005:00000174       __imp__GetACP@0            00576174     kernel32:KERNEL32.dll
 0005:00000178       __imp__GetOEMCP@0          00576178     kernel32:KERNEL32.dll
 0005:0000017c       __imp__GetCPInfo@8         0057617c     kernel32:KERNEL32.dll
 0005:00000180       __imp__GetProcessHeap@0    00576180     kernel32:KERNEL32.dll
 0005:00000184       __imp__GetModuleFileNameA@12 00576184     kernel32:KERNEL32.dll
 0005:00000188       __imp__WriteFile@20        00576188     kernel32:KERNEL32.dll
 0005:0000018c       __imp__GetSystemTimeAsFileTime@4 0057618c     kernel32:KERNEL32.dll
 0005:00000190       __imp__GetEnvironmentStringsW@0 00576190     kernel32:KERNEL32.dll
 0005:00000194       __imp__FreeEnvironmentStringsW@4 00576194     kernel32:KERNEL32.dll
 0005:00000198       __imp__SetConsoleCtrlHandler@8 00576198     kernel32:KERNEL32.dll
 0005:0000019c       __imp__OutputDebugStringW@4 0057619c     kernel32:KERNEL32.dll
 0005:000001a0       \177KERNEL32_NULL_THUNK_DATA 005761a0     kernel32:KERNEL32.dll
 0005:0000021c       __imp__select@20           0057621c     ws2_32:WS2_32.dll
 0005:00000220       __imp____WSAFDIsSet@8      00576220     ws2_32:WS2_32.dll
 0005:00000224       __imp__gethostbyname@4     00576224     ws2_32:WS2_32.dll
 0005:00000228       __imp__WSASetLastError@4   00576228     ws2_32:WS2_32.dll
 0005:0000022c       __imp__ioctlsocket@12      0057622c     ws2_32:WS2_32.dll
 0005:00000230       __imp__WSAStringToAddressA@20 00576230     ws2_32:WS2_32.dll
 0005:00000234       __imp__WSAAddressToStringA@20 00576234     ws2_32:WS2_32.dll
 0005:00000238       __imp__WSASocketA@24       00576238     ws2_32:WS2_32.dll
 0005:0000023c       __imp__WSAIoctl@36         0057623c     ws2_32:WS2_32.dll
 0005:00000240       __imp__gethostname@8       00576240     ws2_32:WS2_32.dll
 0005:00000244       __imp__shutdown@8          00576244     ws2_32:WS2_32.dll
 0005:00000248       __imp__setsockopt@20       00576248     ws2_32:WS2_32.dll
 0005:0000024c       __imp__sendto@24           0057624c     ws2_32:WS2_32.dll
 0005:00000250       __imp__send@16             00576250     ws2_32:WS2_32.dll
 0005:00000254       __imp__recvfrom@24         00576254     ws2_32:WS2_32.dll
 0005:00000258       __imp__recv@16             00576258     ws2_32:WS2_32.dll
 0005:0000025c       __imp__ntohs@4             0057625c     ws2_32:WS2_32.dll
 0005:00000260       __imp__ntohl@4             00576260     ws2_32:WS2_32.dll
 0005:00000264       __imp__listen@8            00576264     ws2_32:WS2_32.dll
 0005:00000268       __imp__inet_ntoa@4         00576268     ws2_32:WS2_32.dll
 0005:0000026c       __imp__inet_addr@4         0057626c     ws2_32:WS2_32.dll
 0005:00000270       __imp__htons@4             00576270     ws2_32:WS2_32.dll
 0005:00000274       __imp__htonl@4             00576274     ws2_32:WS2_32.dll
 0005:00000278       __imp__getsockopt@20       00576278     ws2_32:WS2_32.dll
 0005:0000027c       __imp__getsockname@12      0057627c     ws2_32:WS2_32.dll
 0005:00000280       __imp__getpeername@12      00576280     ws2_32:WS2_32.dll
 0005:00000284       __imp__connect@12          00576284     ws2_32:WS2_32.dll
 0005:00000288       __imp__closesocket@4       00576288     ws2_32:WS2_32.dll
 0005:0000028c       __imp__bind@12             0057628c     ws2_32:WS2_32.dll
 0005:00000290       __imp__accept@12           00576290     ws2_32:WS2_32.dll
 0005:00000294       __imp__WSAGetLastError@0   00576294     ws2_32:WS2_32.dll
 0005:00000298       __imp__WSACleanup@0        00576298     ws2_32:WS2_32.dll
 0005:0000029c       __imp__WSAStartup@8        0057629c     ws2_32:WS2_32.dll
 0005:000002a0       \177WS2_32_NULL_THUNK_DATA 005762a0     ws2_32:WS2_32.dll
 0005:000002e4       __imp__CoCreateGuid@4      005762e4     ole32:ole32.dll
 0005:000002e8       \177ole32_NULL_THUNK_DATA  005762e8     ole32:ole32.dll
 0005:00000314       __IMPORT_DESCRIPTOR_ole32  00576314     ole32:ole32.dll
 0005:00000328       __IMPORT_DESCRIPTOR_WS2_32 00576328     ws2_32:WS2_32.dll
 0005:0000033c       __IMPORT_DESCRIPTOR_KERNEL32 0057633c     kernel32:KERNEL32.dll
 0005:00000350       __NULL_IMPORT_DESCRIPTOR   00576350     ole32:ole32.dll
