 streamutil

 Timestamp is 54dd9840 (Fri Feb 13 14:22:56 2015)

 Preferred load address is 00400000

 Start         Length     Name                   Class
 0001:00000000 00080599H .textbss                DATA
 0002:00000000 00106c46H .text$mn                CODE
 0002:00106c50 00001161H .text$x                 CODE
 0003:00000000 00000104H .CRT$XCA                DATA
 0003:00000104 00000104H .CRT$XCZ                DATA
 0003:00000208 00000104H .CRT$XIA                DATA
 0003:0000030c 0000011cH .CRT$XIC                DATA
 0003:00000428 00000104H .CRT$XIY                DATA
 0003:0000052c 00000104H .CRT$XIZ                DATA
 0003:00000630 00000104H .CRT$XPA                DATA
 0003:00000734 00000109H .CRT$XPX                DATA
 0003:00000840 00000104H .CRT$XPXA               DATA
 0003:00000944 00000104H .CRT$XPZ                DATA
 0003:00000a48 00000104H .CRT$XTA                DATA
 0003:00000b4c 00000104H .CRT$XTZ                DATA
 0003:00000c50 0003faf1H .rdata                  DATA
 0003:00040744 000001c9H .rdata$debug            DATA
 0003:00040910 00000563H .rdata$r                DATA
 0003:00040e74 00000104H .rtc$IAA                DATA
 0003:00040f78 00000104H .rtc$IZZ                DATA
 0003:0004107c 00000104H .rtc$TAA                DATA
 0003:00041180 00000104H .rtc$TZZ                DATA
 0003:00041288 00000e96H .xdata$x                DATA
 0003:0004211e 00000000H .edata                  DATA
 0004:00000000 0000a8d3H .data                   DATA
 0004:0000a8d4 00000293H .data$r                 DATA
 0004:0000ab80 00004744H .bss                    DATA
 0005:00000000 000003d8H .idata$5                DATA
 0005:000003d8 00000050H .idata$2                DATA
 0005:00000428 00000014H .idata$3                DATA
 0005:0000043c 000003d8H .idata$4                DATA
 0005:00000814 00000c81H .idata$6                DATA

  Address         Publics by Value              Rva+Base       Lib:Object

 0000:00000000       ___safe_se_handler_count   00000000     <absolute>
 0000:00000000       ___guard_fids_count        00000000     <absolute>
 0000:00000000       ___guard_fids_table        00000000     <absolute>
 0000:00000000       ___safe_se_handler_table   00000000     <absolute>
 0000:00000000       ___guard_flags             00000000     <absolute>
 0000:00000000       __except_list              00000000     <absolute>
 0000:00000000       ___ImageBase               00400000     <linker-defined>
 0001:00000000       __enc$textbss$begin        00401000     <linker-defined>
 0001:00080599       __enc$textbss$end          00481599     <linker-defined>
 0002:00005dd0       _get_snd_options           00487dd0 f   streamutil.obj
 0002:00006130       _dump_pool_usage           00488130 f   streamutil.obj
 0002:00006df0       _main                      00488df0 f   streamutil.obj
 0002:00008840       _pjmedia_audio_codec_config_default 0048a840 f   pjmedia-codec-i386-win32-vc8-debug:audio_codecs.obj
 0002:000088b0       _pjmedia_codec_register_audio_codecs 0048a8b0 f   pjmedia-codec-i386-win32-vc8-debug:audio_codecs.obj
 0002:000099e0       _pjmedia_codec_l16_deinit  0048b9e0 f   pjmedia-codec-i386-win32-vc8-debug:l16.obj
 0002:00009b70       _pjmedia_codec_l16_init    0048bb70 f   pjmedia-codec-i386-win32-vc8-debug:l16.obj
 0002:0000ab50       _pjmedia_codec_gsm_deinit  0048cb50 f   pjmedia-codec-i386-win32-vc8-debug:gsm.obj
 0002:0000ad80       _pjmedia_codec_gsm_init    0048cd80 f   pjmedia-codec-i386-win32-vc8-debug:gsm.obj
 0002:0000aef0       _pjmedia_codec_speex_deinit 0048cef0 f   pjmedia-codec-i386-win32-vc8-debug:speex_codec.obj
 0002:0000c2f0       _pjmedia_codec_speex_init  0048e2f0 f   pjmedia-codec-i386-win32-vc8-debug:speex_codec.obj
 0002:0000c770       _pjmedia_codec_speex_init_default 0048e770 f   pjmedia-codec-i386-win32-vc8-debug:speex_codec.obj
 0002:0000c7a0       _pjmedia_codec_speex_set_param 0048e7a0 f   pjmedia-codec-i386-win32-vc8-debug:speex_codec.obj
 0002:0000cbf0       _pjmedia_codec_ilbc_deinit 0048ebf0 f   pjmedia-codec-i386-win32-vc8-debug:ilbc.obj
 0002:0000e0c0       _pjmedia_codec_ilbc_init   004900c0 f   pjmedia-codec-i386-win32-vc8-debug:ilbc.obj
 0002:0000e230       _pjmedia_codec_g722_deinit 00490230 f   pjmedia-codec-i386-win32-vc8-debug:g722.obj
 0002:0000f440       _pjmedia_codec_g722_init   00491440 f   pjmedia-codec-i386-win32-vc8-debug:g722.obj
 0002:0000f590       _pjmedia_codec_g722_set_pcm_shift 00491590 f   pjmedia-codec-i386-win32-vc8-debug:g722.obj
 0002:00010ef0       _g722_enc_deinit           00492ef0 f   pjmedia-codec-i386-win32-vc8-debug:g722_enc.obj
 0002:00010f20       _g722_enc_encode           00492f20 f   pjmedia-codec-i386-win32-vc8-debug:g722_enc.obj
 0002:000111f0       _g722_enc_init             004931f0 f   pjmedia-codec-i386-win32-vc8-debug:g722_enc.obj
 0002:00012c70       _g722_dec_decode           00494c70 f   pjmedia-codec-i386-win32-vc8-debug:g722_dec.obj
 0002:00012f20       _g722_dec_deinit           00494f20 f   pjmedia-codec-i386-win32-vc8-debug:g722_dec.obj
 0002:00012f50       _g722_dec_init             00494f50 f   pjmedia-codec-i386-win32-vc8-debug:g722_dec.obj
 0002:000133d0       _pjmedia_port_destroy      004953d0 f   pjmedia-i386-win32-vc8-debug:port.obj
 0002:00013460       _pjmedia_port_get_clock_src 00495460 f   pjmedia-i386-win32-vc8-debug:port.obj
 0002:000134b0       _pjmedia_port_get_frame    004954b0 f   pjmedia-i386-win32-vc8-debug:port.obj
 0002:00013550       _pjmedia_port_info_init    00495550 f   pjmedia-i386-win32-vc8-debug:port.obj
 0002:00013620       _pjmedia_port_info_init2   00495620 f   pjmedia-i386-win32-vc8-debug:port.obj
 0002:00013690       _pjmedia_port_put_frame    00495690 f   pjmedia-i386-win32-vc8-debug:port.obj
 0002:00013810       _pjmedia_codec_info_to_id  00495810 f   pjmedia-i386-win32-vc8-debug:codec.obj
 0002:000138f0       _pjmedia_codec_mgr_alloc_codec 004958f0 f   pjmedia-i386-win32-vc8-debug:codec.obj
 0002:00013a30       _pjmedia_codec_mgr_dealloc_codec 00495a30 f   pjmedia-i386-win32-vc8-debug:codec.obj
 0002:00013ac0       _pjmedia_codec_mgr_destroy 00495ac0 f   pjmedia-i386-win32-vc8-debug:codec.obj
 0002:00013c30       _pjmedia_codec_mgr_enum_codecs 00495c30 f   pjmedia-i386-win32-vc8-debug:codec.obj
 0002:00013d80       _pjmedia_codec_mgr_find_codecs_by_id 00495d80 f   pjmedia-i386-win32-vc8-debug:codec.obj
 0002:00013f20       _pjmedia_codec_mgr_get_codec_info 00495f20 f   pjmedia-i386-win32-vc8-debug:codec.obj
 0002:00014040       _pjmedia_codec_mgr_get_default_param 00496040 f   pjmedia-i386-win32-vc8-debug:codec.obj
 0002:000142c0       _pjmedia_codec_mgr_init    004962c0 f   pjmedia-i386-win32-vc8-debug:codec.obj
 0002:000143d0       _pjmedia_codec_mgr_register_factory 004963d0 f   pjmedia-i386-win32-vc8-debug:codec.obj
 0002:00014690       _pjmedia_codec_mgr_set_codec_priority 00496690 f   pjmedia-i386-win32-vc8-debug:codec.obj
 0002:000147e0       _pjmedia_codec_mgr_set_default_param 004967e0 f   pjmedia-i386-win32-vc8-debug:codec.obj
 0002:00014a90       _pjmedia_codec_mgr_unregister_factory 00496a90 f   pjmedia-i386-win32-vc8-debug:codec.obj
 0002:00014c50       _pjmedia_codec_param_clone 00496c50 f   pjmedia-i386-win32-vc8-debug:codec.obj
 0002:00015420       _pjmedia_endpt_atexit      00497420 f   pjmedia-i386-win32-vc8-debug:endpoint.obj
 0002:000154f0       _pjmedia_endpt_create      004974f0 f   pjmedia-i386-win32-vc8-debug:endpoint.obj
 0002:000158a0       _pjmedia_endpt_create_audio_sdp 004978a0 f   pjmedia-i386-win32-vc8-debug:endpoint.obj
 0002:00016110       _pjmedia_endpt_create_base_sdp 00498110 f   pjmedia-i386-win32-vc8-debug:endpoint.obj
 0002:000163a0       _pjmedia_endpt_create_pool 004983a0 f   pjmedia-i386-win32-vc8-debug:endpoint.obj
 0002:00016410       _pjmedia_endpt_create_sdp  00498410 f   pjmedia-i386-win32-vc8-debug:endpoint.obj
 0002:000165a0       _pjmedia_endpt_destroy     004985a0 f   pjmedia-i386-win32-vc8-debug:endpoint.obj
 0002:00016690       _pjmedia_endpt_dump        00498690 f   pjmedia-i386-win32-vc8-debug:endpoint.obj
 0002:00016a20       _pjmedia_endpt_get_codec_mgr 00498a20 f   pjmedia-i386-win32-vc8-debug:endpoint.obj
 0002:00016a40       _pjmedia_endpt_get_flag    00498a40 f   pjmedia-i386-win32-vc8-debug:endpoint.obj
 0002:00016ad0       _pjmedia_endpt_get_ioqueue 00498ad0 f   pjmedia-i386-win32-vc8-debug:endpoint.obj
 0002:00016b30       _pjmedia_endpt_get_thread  00498b30 f   pjmedia-i386-win32-vc8-debug:endpoint.obj
 0002:00016be0       _pjmedia_endpt_get_thread_count 00498be0 f   pjmedia-i386-win32-vc8-debug:endpoint.obj
 0002:00016c40       _pjmedia_endpt_set_flag    00498c40 f   pjmedia-i386-win32-vc8-debug:endpoint.obj
 0002:00016cd0       _pjmedia_endpt_stop_threads 00498cd0 f   pjmedia-i386-win32-vc8-debug:endpoint.obj
 0002:00017180       _pjmedia_master_port_create 00499180 f   pjmedia-i386-win32-vc8-debug:master_port.obj
 0002:000174d0       _pjmedia_master_port_destroy 004994d0 f   pjmedia-i386-win32-vc8-debug:master_port.obj
 0002:000175f0       _pjmedia_master_port_get_dport 004995f0 f   pjmedia-i386-win32-vc8-debug:master_port.obj
 0002:00017650       _pjmedia_master_port_get_uport 00499650 f   pjmedia-i386-win32-vc8-debug:master_port.obj
 0002:000176b0       _pjmedia_master_port_set_dport 004996b0 f   pjmedia-i386-win32-vc8-debug:master_port.obj
 0002:00017820       _pjmedia_master_port_set_uport 00499820 f   pjmedia-i386-win32-vc8-debug:master_port.obj
 0002:00017990       _pjmedia_master_port_start 00499990 f   pjmedia-i386-win32-vc8-debug:master_port.obj
 0002:00017a70       _pjmedia_master_port_stop  00499a70 f   pjmedia-i386-win32-vc8-debug:master_port.obj
 0002:00017af0       _pjmedia_master_port_wait  00499af0 f   pjmedia-i386-win32-vc8-debug:master_port.obj
 0002:00017c90       _pjmedia_snd_port_connect  00499c90 f   pjmedia-i386-win32-vc8-debug:sound_port.obj
 0002:00017da0       _pjmedia_snd_port_create   00499da0 f   pjmedia-i386-win32-vc8-debug:sound_port.obj
 0002:00017e70       _pjmedia_snd_port_create2  00499e70 f   pjmedia-i386-win32-vc8-debug:sound_port.obj
 0002:000180c0       _pjmedia_snd_port_create_player 0049a0c0 f   pjmedia-i386-win32-vc8-debug:sound_port.obj
 0002:00018180       _pjmedia_snd_port_create_rec 0049a180 f   pjmedia-i386-win32-vc8-debug:sound_port.obj
 0002:00018240       _pjmedia_snd_port_destroy  0049a240 f   pjmedia-i386-win32-vc8-debug:sound_port.obj
 0002:000182b0       _pjmedia_snd_port_disconnect 0049a2b0 f   pjmedia-i386-win32-vc8-debug:sound_port.obj
 0002:00018320       _pjmedia_snd_port_get_clock_src 0049a320 f   pjmedia-i386-win32-vc8-debug:sound_port.obj
 0002:00018360       _pjmedia_snd_port_get_ec_tail 0049a360 f   pjmedia-i386-win32-vc8-debug:sound_port.obj
 0002:000184b0       _pjmedia_snd_port_get_port 0049a4b0 f   pjmedia-i386-win32-vc8-debug:sound_port.obj
 0002:00018510       _pjmedia_snd_port_get_snd_stream 0049a510 f   pjmedia-i386-win32-vc8-debug:sound_port.obj
 0002:00018570       _pjmedia_snd_port_param_default 0049a570 f   pjmedia-i386-win32-vc8-debug:sound_port.obj
 0002:000185a0       _pjmedia_snd_port_set_ec   0049a5a0 f   pjmedia-i386-win32-vc8-debug:sound_port.obj
 0002:0001b670       _pjmedia_stream_check_dtmf 0049d670 f   pjmedia-i386-win32-vc8-debug:stream.obj
 0002:0001b6b0       _pjmedia_stream_create     0049d6b0 f   pjmedia-i386-win32-vc8-debug:stream.obj
 0002:0001c5b0       _pjmedia_stream_destroy    0049e5b0 f   pjmedia-i386-win32-vc8-debug:stream.obj
 0002:0001c8d0       _pjmedia_stream_dial_dtmf  0049e8d0 f   pjmedia-i386-win32-vc8-debug:stream.obj
 0002:0001cb10       _pjmedia_stream_get_dtmf   0049eb10 f   pjmedia-i386-win32-vc8-debug:stream.obj
 0002:0001cc90       _pjmedia_stream_get_info   0049ec90 f   pjmedia-i386-win32-vc8-debug:stream.obj
 0002:0001cd20       _pjmedia_stream_get_last_jb_frame_type 0049ed20 f   pjmedia-i386-win32-vc8-debug:stream.obj
 0002:0001cd40       _pjmedia_stream_get_port   0049ed40 f   pjmedia-i386-win32-vc8-debug:stream.obj
 0002:0001cd70       _pjmedia_stream_get_stat   0049ed70 f   pjmedia-i386-win32-vc8-debug:stream.obj
 0002:0001ce00       _pjmedia_stream_get_stat_jbuf 0049ee00 f   pjmedia-i386-win32-vc8-debug:stream.obj
 0002:0001ce80       _pjmedia_stream_get_transport 0049ee80 f   pjmedia-i386-win32-vc8-debug:stream.obj
 0002:0001cea0       _pjmedia_stream_pause      0049eea0 f   pjmedia-i386-win32-vc8-debug:stream.obj
 0002:0001d000       _pjmedia_stream_reset_stat 0049f000 f   pjmedia-i386-win32-vc8-debug:stream.obj
 0002:0001d070       _pjmedia_stream_resume     0049f070 f   pjmedia-i386-win32-vc8-debug:stream.obj
 0002:0001d180       _pjmedia_stream_send_rtcp_bye 0049f180 f   pjmedia-i386-win32-vc8-debug:stream.obj
 0002:0001d210       _pjmedia_stream_send_rtcp_sdes 0049f210 f   pjmedia-i386-win32-vc8-debug:stream.obj
 0002:0001d280       _pjmedia_stream_set_dtmf_callback 0049f280 f   pjmedia-i386-win32-vc8-debug:stream.obj
 0002:0001d320       _pjmedia_stream_start      0049f320 f   pjmedia-i386-win32-vc8-debug:stream.obj
 0002:00020370       _get_libsrtp_errstr        004a2370 f   pjmedia-i386-win32-vc8-debug:transport_srtp.obj
 0002:000208e0       _pjmedia_srtp_init_lib     004a28e0 f   pjmedia-i386-win32-vc8-debug:transport_srtp.obj
 0002:000209b0       _pjmedia_srtp_setting_default 004a29b0 f   pjmedia-i386-win32-vc8-debug:transport_srtp.obj
 0002:00020d60       _pjmedia_transport_srtp_create 004a2d60 f   pjmedia-i386-win32-vc8-debug:transport_srtp.obj
 0002:00021140       _pjmedia_transport_srtp_decrypt_pkt 004a3140 f   pjmedia-i386-win32-vc8-debug:transport_srtp.obj
 0002:00021390       _pjmedia_transport_srtp_get_member 004a3390 f   pjmedia-i386-win32-vc8-debug:transport_srtp.obj
 0002:00021400       _pjmedia_transport_srtp_start 004a3400 f   pjmedia-i386-win32-vc8-debug:transport_srtp.obj
 0002:00021ea0       _pjmedia_transport_srtp_stop 004a3ea0 f   pjmedia-i386-win32-vc8-debug:transport_srtp.obj
 0002:00023820       _pjmedia_transport_udp_attach 004a5820 f   pjmedia-i386-win32-vc8-debug:transport_udp.obj
 0002:00023d90       _pjmedia_transport_udp_create 004a5d90 f   pjmedia-i386-win32-vc8-debug:transport_udp.obj
 0002:00023dd0       _pjmedia_transport_udp_create2 004a5dd0 f   pjmedia-i386-win32-vc8-debug:transport_udp.obj
 0002:00023e20       _pjmedia_transport_udp_create3 004a5e20 f   pjmedia-i386-win32-vc8-debug:transport_udp.obj
 0002:00024a70       _pjmedia_wav_player_get_info 004a6a70 f   pjmedia-i386-win32-vc8-debug:wav_player.obj
 0002:00024c20       _pjmedia_wav_player_get_len 004a6c20 f   pjmedia-i386-win32-vc8-debug:wav_player.obj
 0002:00024cf0       _pjmedia_wav_player_port_create 004a6cf0 f   pjmedia-i386-win32-vc8-debug:wav_player.obj
 0002:000254f0       _pjmedia_wav_player_port_get_pos 004a74f0 f   pjmedia-i386-win32-vc8-debug:wav_player.obj
 0002:00025610       _pjmedia_wav_player_port_set_pos 004a7610 f   pjmedia-i386-win32-vc8-debug:wav_player.obj
 0002:000257c0       _pjmedia_wav_player_set_eof_cb 004a77c0 f   pjmedia-i386-win32-vc8-debug:wav_player.obj
 0002:00026010       _pjmedia_wav_writer_port_create 004a8010 f   pjmedia-i386-win32-vc8-debug:wav_writer.obj
 0002:000265d0       _pjmedia_wav_writer_port_get_pos 004a85d0 f   pjmedia-i386-win32-vc8-debug:wav_writer.obj
 0002:00026680       _pjmedia_wav_writer_port_set_cb 004a8680 f   pjmedia-i386-win32-vc8-debug:wav_writer.obj
 0002:000274f0       _pjmedia_codec_g711_deinit 004a94f0 f   pjmedia-i386-win32-vc8-debug:g711.obj
 0002:000276f0       _pjmedia_codec_g711_init   004a96f0 f   pjmedia-i386-win32-vc8-debug:g711.obj
 0002:000279e0       _pjmedia_plc_create        004a99e0 f   pjmedia-i386-win32-vc8-debug:plc_common.obj
 0002:00027b00       _pjmedia_plc_generate      004a9b00 f   pjmedia-i386-win32-vc8-debug:plc_common.obj
 0002:00027b90       _pjmedia_plc_save          004a9b90 f   pjmedia-i386-win32-vc8-debug:plc_common.obj
 0002:00027c50       _pjmedia_calc_avg_signal   004a9c50 f   pjmedia-i386-win32-vc8-debug:silencedet.obj
 0002:00027cf0       _pjmedia_silence_det_apply 004a9cf0 f   pjmedia-i386-win32-vc8-debug:silencedet.obj
 0002:000280c0       _pjmedia_silence_det_create 004aa0c0 f   pjmedia-i386-win32-vc8-debug:silencedet.obj
 0002:000281c0       _pjmedia_silence_det_detect 004aa1c0 f   pjmedia-i386-win32-vc8-debug:silencedet.obj
 0002:00028220       _pjmedia_silence_det_disable 004aa220 f   pjmedia-i386-win32-vc8-debug:silencedet.obj
 0002:00028290       _pjmedia_silence_det_set_adaptive 004aa290 f   pjmedia-i386-win32-vc8-debug:silencedet.obj
 0002:00028310       _pjmedia_silence_det_set_fixed 004aa310 f   pjmedia-i386-win32-vc8-debug:silencedet.obj
 0002:00028390       _pjmedia_silence_det_set_name 004aa390 f   pjmedia-i386-win32-vc8-debug:silencedet.obj
 0002:00028430       _pjmedia_silence_det_set_params 004aa430 f   pjmedia-i386-win32-vc8-debug:silencedet.obj
 0002:00028510       _pjmedia_format_copy       004aa510 f   pjmedia-i386-win32-vc8-debug:format.obj
 0002:00028540       _pjmedia_format_get_audio_format_detail 004aa540 f   pjmedia-i386-win32-vc8-debug:format.obj
 0002:00029280       _pjmedia_sdp_attr_add      004ab280 f   pjmedia-i386-win32-vc8-debug:sdp.obj
 0002:00029360       _pjmedia_sdp_attr_clone    004ab360 f   pjmedia-i386-win32-vc8-debug:sdp.obj
 0002:00029410       _pjmedia_sdp_attr_create   004ab410 f   pjmedia-i386-win32-vc8-debug:sdp.obj
 0002:000294e0       _pjmedia_sdp_attr_create_rtcp 004ab4e0 f   pjmedia-i386-win32-vc8-debug:sdp.obj
 0002:00029660       _pjmedia_sdp_attr_find     004ab660 f   pjmedia-i386-win32-vc8-debug:sdp.obj
 0002:00029730       _pjmedia_sdp_attr_find2    004ab730 f   pjmedia-i386-win32-vc8-debug:sdp.obj
 0002:00029780       _pjmedia_sdp_attr_get_fmtp 004ab780 f   pjmedia-i386-win32-vc8-debug:sdp.obj
 0002:000298c0       _pjmedia_sdp_attr_get_rtcp 004ab8c0 f   pjmedia-i386-win32-vc8-debug:sdp.obj
 0002:00029ad0       _pjmedia_sdp_attr_get_rtpmap 004abad0 f   pjmedia-i386-win32-vc8-debug:sdp.obj
 0002:00029e40       _pjmedia_sdp_attr_remove   004abe40 f   pjmedia-i386-win32-vc8-debug:sdp.obj
 0002:00029f50       _pjmedia_sdp_attr_remove_all 004abf50 f   pjmedia-i386-win32-vc8-debug:sdp.obj
 0002:0002a070       _pjmedia_sdp_attr_to_rtpmap 004ac070 f   pjmedia-i386-win32-vc8-debug:sdp.obj
 0002:0002a160       _pjmedia_sdp_bandw_clone   004ac160 f   pjmedia-i386-win32-vc8-debug:sdp.obj
 0002:0002a1d0       _pjmedia_sdp_conn_clone    004ac1d0 f   pjmedia-i386-win32-vc8-debug:sdp.obj
 0002:0002a290       _pjmedia_sdp_media_add_attr 004ac290 f   pjmedia-i386-win32-vc8-debug:sdp.obj
 0002:0002a2d0       _pjmedia_sdp_media_clone   004ac2d0 f   pjmedia-i386-win32-vc8-debug:sdp.obj
 0002:0002a630       _pjmedia_sdp_media_clone_deactivate 004ac630 f   pjmedia-i386-win32-vc8-debug:sdp.obj
 0002:0002a8c0       _pjmedia_sdp_media_deactivate 004ac8c0 f   pjmedia-i386-win32-vc8-debug:sdp.obj
 0002:0002a930       _pjmedia_sdp_media_find_attr 004ac930 f   pjmedia-i386-win32-vc8-debug:sdp.obj
 0002:0002a9c0       _pjmedia_sdp_media_find_attr2 004ac9c0 f   pjmedia-i386-win32-vc8-debug:sdp.obj
 0002:0002aa50       _pjmedia_sdp_media_remove_all_attr 004aca50 f   pjmedia-i386-win32-vc8-debug:sdp.obj
 0002:0002aa90       _pjmedia_sdp_media_remove_attr 004aca90 f   pjmedia-i386-win32-vc8-debug:sdp.obj
 0002:0002aad0       _pjmedia_sdp_parse         004acad0 f   pjmedia-i386-win32-vc8-debug:sdp.obj
 0002:0002b150       _pjmedia_sdp_print         004ad150 f   pjmedia-i386-win32-vc8-debug:sdp.obj
 0002:0002b180       _pjmedia_sdp_rtpmap_to_attr 004ad180 f   pjmedia-i386-win32-vc8-debug:sdp.obj
 0002:0002b400       _pjmedia_sdp_session_add_attr 004ad400 f   pjmedia-i386-win32-vc8-debug:sdp.obj
 0002:0002b440       _pjmedia_sdp_session_clone 004ad440 f   pjmedia-i386-win32-vc8-debug:sdp.obj
 0002:0002b780       _pjmedia_sdp_transport_cmp 004ad780 f   pjmedia-i386-win32-vc8-debug:sdp.obj
 0002:0002b830       _pjmedia_sdp_validate      004ad830 f   pjmedia-i386-win32-vc8-debug:sdp.obj
 0002:0002b860       _pjmedia_sdp_validate2     004ad860 f   pjmedia-i386-win32-vc8-debug:sdp.obj
 0002:0002c750       _pjmedia_strerror          004ae750 f   pjmedia-i386-win32-vc8-debug:errno.obj
 0002:0002cc30       _pjmedia_clock_create      004aec30 f   pjmedia-i386-win32-vc8-debug:clock_thread.obj
 0002:0002ccb0       _pjmedia_clock_create2     004aecb0 f   pjmedia-i386-win32-vc8-debug:clock_thread.obj
 0002:0002cf00       _pjmedia_clock_destroy     004aef00 f   pjmedia-i386-win32-vc8-debug:clock_thread.obj
 0002:0002d010       _pjmedia_clock_modify      004af010 f   pjmedia-i386-win32-vc8-debug:clock_thread.obj
 0002:0002d090       _pjmedia_clock_src_get_current_timestamp 004af090 f   pjmedia-i386-win32-vc8-debug:clock_thread.obj
 0002:0002d170       _pjmedia_clock_src_get_time_msec 004af170 f   pjmedia-i386-win32-vc8-debug:clock_thread.obj
 0002:0002d210       _pjmedia_clock_src_init    004af210 f   pjmedia-i386-win32-vc8-debug:clock_thread.obj
 0002:0002d2b0       _pjmedia_clock_src_update  004af2b0 f   pjmedia-i386-win32-vc8-debug:clock_thread.obj
 0002:0002d340       _pjmedia_clock_start       004af340 f   pjmedia-i386-win32-vc8-debug:clock_thread.obj
 0002:0002d470       _pjmedia_clock_stop        004af470 f   pjmedia-i386-win32-vc8-debug:clock_thread.obj
 0002:0002d540       _pjmedia_clock_wait        004af540 f   pjmedia-i386-win32-vc8-debug:clock_thread.obj
 0002:0002d890       _pjmedia_echo_cancel       004af890 f   pjmedia-i386-win32-vc8-debug:echo_common.obj
 0002:0002d8e0       _pjmedia_echo_capture      004af8e0 f   pjmedia-i386-win32-vc8-debug:echo_common.obj
 0002:0002da40       _pjmedia_echo_create       004afa40 f   pjmedia-i386-win32-vc8-debug:echo_common.obj
 0002:0002da90       _pjmedia_echo_create2      004afa90 f   pjmedia-i386-win32-vc8-debug:echo_common.obj
 0002:0002de50       _pjmedia_echo_destroy      004afe50 f   pjmedia-i386-win32-vc8-debug:echo_common.obj
 0002:0002dec0       _pjmedia_echo_playback     004afec0 f   pjmedia-i386-win32-vc8-debug:echo_common.obj
 0002:0002e020       _pjmedia_echo_reset        004b0020 f   pjmedia-i386-win32-vc8-debug:echo_common.obj
 0002:0002f600       _pjmedia_jbuf_create       004b1600 f   pjmedia-i386-win32-vc8-debug:jbuf.obj
 0002:0002f7c0       _pjmedia_jbuf_destroy      004b17c0 f   pjmedia-i386-win32-vc8-debug:jbuf.obj
 0002:0002f900       _pjmedia_jbuf_get_frame    004b1900 f   pjmedia-i386-win32-vc8-debug:jbuf.obj
 0002:0002f940       _pjmedia_jbuf_get_frame2   004b1940 f   pjmedia-i386-win32-vc8-debug:jbuf.obj
 0002:0002f980       _pjmedia_jbuf_get_frame3   004b1980 f   pjmedia-i386-win32-vc8-debug:jbuf.obj
 0002:0002fb10       _pjmedia_jbuf_get_state    004b1b10 f   pjmedia-i386-win32-vc8-debug:jbuf.obj
 0002:0002fc80       _pjmedia_jbuf_is_full      004b1c80 f   pjmedia-i386-win32-vc8-debug:jbuf.obj
 0002:0002fcc0       _pjmedia_jbuf_peek_frame   004b1cc0 f   pjmedia-i386-win32-vc8-debug:jbuf.obj
 0002:0002fd40       _pjmedia_jbuf_put_frame    004b1d40 f   pjmedia-i386-win32-vc8-debug:jbuf.obj
 0002:0002fd80       _pjmedia_jbuf_put_frame2   004b1d80 f   pjmedia-i386-win32-vc8-debug:jbuf.obj
 0002:0002fdc0       _pjmedia_jbuf_put_frame3   004b1dc0 f   pjmedia-i386-win32-vc8-debug:jbuf.obj
 0002:0002fff0       _pjmedia_jbuf_remove_frame 004b1ff0 f   pjmedia-i386-win32-vc8-debug:jbuf.obj
 0002:00030090       _pjmedia_jbuf_reset        004b2090 f   pjmedia-i386-win32-vc8-debug:jbuf.obj
 0002:00030140       _pjmedia_jbuf_set_adaptive 004b2140 f   pjmedia-i386-win32-vc8-debug:jbuf.obj
 0002:00030240       _pjmedia_jbuf_set_discard  004b2240 f   pjmedia-i386-win32-vc8-debug:jbuf.obj
 0002:00030330       _pjmedia_jbuf_set_fixed    004b2330 f   pjmedia-i386-win32-vc8-debug:jbuf.obj
 0002:00030440       _pjmedia_rtp_decode_rtp    004b2440 f   pjmedia-i386-win32-vc8-debug:rtp.obj
 0002:00030590       _pjmedia_rtp_encode_rtp    004b2590 f   pjmedia-i386-win32-vc8-debug:rtp.obj
 0002:000306a0       _pjmedia_rtp_seq_init      004b26a0 f   pjmedia-i386-win32-vc8-debug:rtp.obj
 0002:00030740       _pjmedia_rtp_seq_update    004b2740 f   pjmedia-i386-win32-vc8-debug:rtp.obj
 0002:00030970       _pjmedia_rtp_session_init  004b2970 f   pjmedia-i386-win32-vc8-debug:rtp.obj
 0002:00030b50       _pjmedia_rtp_session_init2 004b2b50 f   pjmedia-i386-win32-vc8-debug:rtp.obj
 0002:00030c20       _pjmedia_rtp_session_update 004b2c20 f   pjmedia-i386-win32-vc8-debug:rtp.obj
 0002:00030c50       _pjmedia_rtp_session_update2 004b2c50 f   pjmedia-i386-win32-vc8-debug:rtp.obj
 0002:00031810       _pjmedia_rtcp_build_rtcp   004b3810 f   pjmedia-i386-win32-vc8-debug:rtcp.obj
 0002:00031d80       _pjmedia_rtcp_build_rtcp_bye 004b3d80 f   pjmedia-i386-win32-vc8-debug:rtcp.obj
 0002:00031fd0       _pjmedia_rtcp_build_rtcp_sdes 004b3fd0 f   pjmedia-i386-win32-vc8-debug:rtcp.obj
 0002:000325c0       _pjmedia_rtcp_enable_xr    004b45c0 f   pjmedia-i386-win32-vc8-debug:rtcp.obj
 0002:000325e0       _pjmedia_rtcp_fini         004b45e0 f   pjmedia-i386-win32-vc8-debug:rtcp.obj
 0002:00032600       _pjmedia_rtcp_get_ntp_time 004b4600 f   pjmedia-i386-win32-vc8-debug:rtcp.obj
 0002:000328f0       _pjmedia_rtcp_init         004b48f0 f   pjmedia-i386-win32-vc8-debug:rtcp.obj
 0002:00032950       _pjmedia_rtcp_init2        004b4950 f   pjmedia-i386-win32-vc8-debug:rtcp.obj
 0002:00032b70       _pjmedia_rtcp_init_stat    004b4b70 f   pjmedia-i386-win32-vc8-debug:rtcp.obj
 0002:00032c50       _pjmedia_rtcp_rx_rtcp      004b4c50 f   pjmedia-i386-win32-vc8-debug:rtcp.obj
 0002:00032d80       _pjmedia_rtcp_rx_rtp       004b4d80 f   pjmedia-i386-win32-vc8-debug:rtcp.obj
 0002:00032dc0       _pjmedia_rtcp_rx_rtp2      004b4dc0 f   pjmedia-i386-win32-vc8-debug:rtcp.obj
 0002:00033140       _pjmedia_rtcp_session_setting_default 004b5140 f   pjmedia-i386-win32-vc8-debug:rtcp.obj
 0002:00033170       _pjmedia_rtcp_tx_rtp       004b5170 f   pjmedia-i386-win32-vc8-debug:rtcp.obj
 0002:00033220       _pjmedia_wave_hdr_file_to_host 004b5220 f   pjmedia-i386-win32-vc8-debug:wave.obj
 0002:00033250       _pjmedia_wave_hdr_host_to_file 004b5250 f   pjmedia-i386-win32-vc8-debug:wave.obj
 0002:00034510       _pjmedia_wsola_create      004b6510 f   pjmedia-i386-win32-vc8-debug:wsola.obj
 0002:00034950       _pjmedia_wsola_destroy     004b6950 f   pjmedia-i386-win32-vc8-debug:wsola.obj
 0002:00034970       _pjmedia_wsola_discard     004b6970 f   pjmedia-i386-win32-vc8-debug:wsola.obj
 0002:00034e90       _pjmedia_wsola_generate    004b6e90 f   pjmedia-i386-win32-vc8-debug:wsola.obj
 0002:00034fc0       _pjmedia_wsola_reset       004b6fc0 f   pjmedia-i386-win32-vc8-debug:wsola.obj
 0002:00035090       _pjmedia_wsola_save        004b7090 f   pjmedia-i386-win32-vc8-debug:wsola.obj
 0002:000355f0       _pjmedia_wsola_set_max_expand 004b75f0 f   pjmedia-i386-win32-vc8-debug:wsola.obj
 0002:00035900       _echo_supp_cancel_echo     004b7900 f   pjmedia-i386-win32-vc8-debug:echo_suppress.obj
 0002:00035f20       _echo_supp_create          004b7f20 f   pjmedia-i386-win32-vc8-debug:echo_suppress.obj
 0002:00036180       _echo_supp_destroy         004b8180 f   pjmedia-i386-win32-vc8-debug:echo_suppress.obj
 0002:000361a0       _echo_supp_reset           004b81a0 f   pjmedia-i386-win32-vc8-debug:echo_suppress.obj
 0002:00036370       _echo_supp_soft_reset      004b8370 f   pjmedia-i386-win32-vc8-debug:echo_suppress.obj
 0002:00037250       _speex_aec_cancel_echo     004b9250 f   pjmedia-i386-win32-vc8-debug:echo_speex.obj
 0002:00037350       _speex_aec_capture         004b9350 f   pjmedia-i386-win32-vc8-debug:echo_speex.obj
 0002:00037420       _speex_aec_create          004b9420 f   pjmedia-i386-win32-vc8-debug:echo_speex.obj
 0002:00037640       _speex_aec_destroy         004b9640 f   pjmedia-i386-win32-vc8-debug:echo_speex.obj
 0002:00037710       _speex_aec_playback        004b9710 f   pjmedia-i386-win32-vc8-debug:echo_speex.obj
 0002:000377a0       _speex_aec_reset           004b97a0 f   pjmedia-i386-win32-vc8-debug:echo_speex.obj
 0002:00037dd0       _pjmedia_delay_buf_create  004b9dd0 f   pjmedia-i386-win32-vc8-debug:delaybuf.obj
 0002:00038050       _pjmedia_delay_buf_destroy 004ba050 f   pjmedia-i386-win32-vc8-debug:delaybuf.obj
 0002:00038130       _pjmedia_delay_buf_get     004ba130 f   pjmedia-i386-win32-vc8-debug:delaybuf.obj
 0002:000383c0       _pjmedia_delay_buf_put     004ba3c0 f   pjmedia-i386-win32-vc8-debug:delaybuf.obj
 0002:00038610       _pjmedia_delay_buf_reset   004ba610 f   pjmedia-i386-win32-vc8-debug:delaybuf.obj
 0002:00039a80       _pj_getopt                 004bba80 f   pjlib-util-i386-win32-vc8-debug:getopt.obj
 0002:00039ac0       _pj_getopt_long            004bbac0 f   pjlib-util-i386-win32-vc8-debug:getopt.obj
 0002:00039d00       _pj_base64_decode          004bbd00 f   pjlib-util-i386-win32-vc8-debug:base64.obj
 0002:0003a070       _pj_base64_encode          004bc070 f   pjlib-util-i386-win32-vc8-debug:base64.obj
 0002:0003a2d0       _pj_cis_add_alpha          004bc2d0 f   pjlib-util-i386-win32-vc8-debug:scanner.obj
 0002:0003a310       _pj_cis_add_cis            004bc310 f   pjlib-util-i386-win32-vc8-debug:scanner.obj
 0002:0003a3a0       _pj_cis_add_num            004bc3a0 f   pjlib-util-i386-win32-vc8-debug:scanner.obj
 0002:0003a3d0       _pj_cis_add_range          004bc3d0 f   pjlib-util-i386-win32-vc8-debug:scanner.obj
 0002:0003a450       _pj_cis_add_str            004bc450 f   pjlib-util-i386-win32-vc8-debug:scanner.obj
 0002:0003a4c0       _pj_cis_buf_init           004bc4c0 f   pjlib-util-i386-win32-vc8-debug:scanner.obj
 0002:0003a500       _pj_cis_del_range          004bc500 f   pjlib-util-i386-win32-vc8-debug:scanner.obj
 0002:0003a560       _pj_cis_del_str            004bc560 f   pjlib-util-i386-win32-vc8-debug:scanner.obj
 0002:0003a5d0       _pj_cis_dup                004bc5d0 f   pjlib-util-i386-win32-vc8-debug:scanner.obj
 0002:0003a6c0       _pj_cis_init               004bc6c0 f   pjlib-util-i386-win32-vc8-debug:scanner.obj
 0002:0003a760       _pj_cis_invert             004bc760 f   pjlib-util-i386-win32-vc8-debug:scanner.obj
 0002:0003a920       _pj_scan_advance_n         004bc920 f   pjlib-util-i386-win32-vc8-debug:scanner.obj
 0002:0003a9a0       _pj_scan_fini              004bc9a0 f   pjlib-util-i386-win32-vc8-debug:scanner.obj
 0002:0003a9d0       _pj_scan_get               004bc9d0 f   pjlib-util-i386-win32-vc8-debug:scanner.obj
 0002:0003aad0       _pj_scan_get_char          004bcad0 f   pjlib-util-i386-win32-vc8-debug:scanner.obj
 0002:0003ab50       _pj_scan_get_n             004bcb50 f   pjlib-util-i386-win32-vc8-debug:scanner.obj
 0002:0003abf0       _pj_scan_get_newline       004bcbf0 f   pjlib-util-i386-win32-vc8-debug:scanner.obj
 0002:0003acb0       _pj_scan_get_quote         004bccb0 f   pjlib-util-i386-win32-vc8-debug:scanner.obj
 0002:0003ad00       _pj_scan_get_quotes        004bcd00 f   pjlib-util-i386-win32-vc8-debug:scanner.obj
 0002:0003af20       _pj_scan_get_unescape      004bcf20 f   pjlib-util-i386-win32-vc8-debug:scanner.obj
 0002:0003b1d0       _pj_scan_get_until         004bd1d0 f   pjlib-util-i386-win32-vc8-debug:scanner.obj
 0002:0003b2a0       _pj_scan_get_until_ch      004bd2a0 f   pjlib-util-i386-win32-vc8-debug:scanner.obj
 0002:0003b360       _pj_scan_get_until_chr     004bd360 f   pjlib-util-i386-win32-vc8-debug:scanner.obj
 0002:0003b450       _pj_scan_init              004bd450 f   pjlib-util-i386-win32-vc8-debug:scanner.obj
 0002:0003b4f0       _pj_scan_peek              004bd4f0 f   pjlib-util-i386-win32-vc8-debug:scanner.obj
 0002:0003b590       _pj_scan_peek_n            004bd590 f   pjlib-util-i386-win32-vc8-debug:scanner.obj
 0002:0003b600       _pj_scan_peek_until        004bd600 f   pjlib-util-i386-win32-vc8-debug:scanner.obj
 0002:0003b6a0       _pj_scan_restore_state     004bd6a0 f   pjlib-util-i386-win32-vc8-debug:scanner.obj
 0002:0003b6e0       _pj_scan_save_state        004bd6e0 f   pjlib-util-i386-win32-vc8-debug:scanner.obj
 0002:0003b720       _pj_scan_skip_line         004bd720 f   pjlib-util-i386-win32-vc8-debug:scanner.obj
 0002:0003b7a0       _pj_scan_skip_whitespace   004bd7a0 f   pjlib-util-i386-win32-vc8-debug:scanner.obj
 0002:0003ba00       _pj_scan_strcmp            004bda00 f   pjlib-util-i386-win32-vc8-debug:scanner.obj
 0002:0003ba60       _pj_scan_stricmp           004bda60 f   pjlib-util-i386-win32-vc8-debug:scanner.obj
 0002:0003bac0       _pj_scan_stricmp_alnum     004bdac0 f   pjlib-util-i386-win32-vc8-debug:scanner.obj
 0002:0003bd10       _pj_atexit                 004bdd10 f   pjlib-i386-win32-vc8-debug:os_core_win32.obj
 0002:0003bd60       _pj_atomic_add             004bdd60 f   pjlib-i386-win32-vc8-debug:os_core_win32.obj
 0002:0003bd80       _pj_atomic_add_and_get     004bdd80 f   pjlib-i386-win32-vc8-debug:os_core_win32.obj
 0002:0003bdb0       _pj_atomic_create          004bddb0 f   pjlib-i386-win32-vc8-debug:os_core_win32.obj
 0002:0003be00       _pj_atomic_dec             004bde00 f   pjlib-i386-win32-vc8-debug:os_core_win32.obj
 0002:0003be30       _pj_atomic_dec_and_get     004bde30 f   pjlib-i386-win32-vc8-debug:os_core_win32.obj
 0002:0003be70       _pj_atomic_destroy         004bde70 f   pjlib-i386-win32-vc8-debug:os_core_win32.obj
 0002:0003bed0       _pj_atomic_get             004bded0 f   pjlib-i386-win32-vc8-debug:os_core_win32.obj
 0002:0003bf40       _pj_atomic_inc             004bdf40 f   pjlib-i386-win32-vc8-debug:os_core_win32.obj
 0002:0003bf70       _pj_atomic_inc_and_get     004bdf70 f   pjlib-i386-win32-vc8-debug:os_core_win32.obj
 0002:0003bfc0       _pj_atomic_set             004bdfc0 f   pjlib-i386-win32-vc8-debug:os_core_win32.obj
 0002:0003c0b0       _pj_enter_critical_section 004be0b0 f   pjlib-i386-win32-vc8-debug:os_core_win32.obj
 0002:0003c0e0       _pj_event_create           004be0e0 f   pjlib-i386-win32-vc8-debug:os_core_win32.obj
 0002:0003c2d0       _pj_event_destroy          004be2d0 f   pjlib-i386-win32-vc8-debug:os_core_win32.obj
 0002:0003c3c0       _pj_event_pulse            004be3c0 f   pjlib-i386-win32-vc8-debug:os_core_win32.obj
 0002:0003c4b0       _pj_event_reset            004be4b0 f   pjlib-i386-win32-vc8-debug:os_core_win32.obj
 0002:0003c5a0       _pj_event_set              004be5a0 f   pjlib-i386-win32-vc8-debug:os_core_win32.obj
 0002:0003c690       _pj_event_trywait          004be690 f   pjlib-i386-win32-vc8-debug:os_core_win32.obj
 0002:0003c700       _pj_event_wait             004be700 f   pjlib-i386-win32-vc8-debug:os_core_win32.obj
 0002:0003c8a0       _pj_getpid                 004be8a0 f   pjlib-i386-win32-vc8-debug:os_core_win32.obj
 0002:0003c8e0       _pj_init                   004be8e0 f   pjlib-i386-win32-vc8-debug:os_core_win32.obj
 0002:0003cb40       _pj_leave_critical_section 004beb40 f   pjlib-i386-win32-vc8-debug:os_core_win32.obj
 0002:0003cb70       _pj_mutex_create           004beb70 f   pjlib-i386-win32-vc8-debug:os_core_win32.obj
 0002:0003cc30       _pj_mutex_create_recursive 004bec30 f   pjlib-i386-win32-vc8-debug:os_core_win32.obj
 0002:0003cc60       _pj_mutex_create_simple    004bec60 f   pjlib-i386-win32-vc8-debug:os_core_win32.obj
 0002:0003cc90       _pj_mutex_destroy          004bec90 f   pjlib-i386-win32-vc8-debug:os_core_win32.obj
 0002:0003cd20       _pj_mutex_is_locked        004bed20 f   pjlib-i386-win32-vc8-debug:os_core_win32.obj
 0002:0003cd60       _pj_mutex_lock             004bed60 f   pjlib-i386-win32-vc8-debug:os_core_win32.obj
 0002:0003ce30       _pj_mutex_trylock          004bee30 f   pjlib-i386-win32-vc8-debug:os_core_win32.obj
 0002:0003cf20       _pj_mutex_unlock           004bef20 f   pjlib-i386-win32-vc8-debug:os_core_win32.obj
 0002:0003d020       _pj_run_app                004bf020 f   pjlib-i386-win32-vc8-debug:os_core_win32.obj
 0002:0003d050       _pj_rwmutex_create         004bf050 f   pjlib-i386-win32-vc8-debug:os_core_win32.obj
 0002:0003d160       _pj_rwmutex_destroy        004bf160 f   pjlib-i386-win32-vc8-debug:os_core_win32.obj
 0002:0003d1e0       _pj_rwmutex_lock_read      004bf1e0 f   pjlib-i386-win32-vc8-debug:os_core_win32.obj
 0002:0003d310       _pj_rwmutex_lock_write     004bf310 f   pjlib-i386-win32-vc8-debug:os_core_win32.obj
 0002:0003d380       _pj_rwmutex_unlock_read    004bf380 f   pjlib-i386-win32-vc8-debug:os_core_win32.obj
 0002:0003d4a0       _pj_rwmutex_unlock_write   004bf4a0 f   pjlib-i386-win32-vc8-debug:os_core_win32.obj
 0002:0003d540       _pj_sem_create             004bf540 f   pjlib-i386-win32-vc8-debug:os_core_win32.obj
 0002:0003d6e0       _pj_sem_destroy            004bf6e0 f   pjlib-i386-win32-vc8-debug:os_core_win32.obj
 0002:0003d7d0       _pj_sem_post               004bf7d0 f   pjlib-i386-win32-vc8-debug:os_core_win32.obj
 0002:0003d8c0       _pj_sem_trywait            004bf8c0 f   pjlib-i386-win32-vc8-debug:os_core_win32.obj
 0002:0003d940       _pj_sem_wait               004bf940 f   pjlib-i386-win32-vc8-debug:os_core_win32.obj
 0002:0003daf0       _pj_shutdown               004bfaf0 f   pjlib-i386-win32-vc8-debug:os_core_win32.obj
 0002:0003dc80       _pj_term_get_color         004bfc80 f   pjlib-i386-win32-vc8-debug:os_core_win32.obj
 0002:0003dcf0       _pj_term_set_color         004bfcf0 f   pjlib-i386-win32-vc8-debug:os_core_win32.obj
 0002:0003ddc0       _pj_thread_check_stack     004bfdc0 f   pjlib-i386-win32-vc8-debug:os_core_win32.obj
 0002:0003dec0       _pj_thread_create          004bfec0 f   pjlib-i386-win32-vc8-debug:os_core_win32.obj
 0002:0003e100       _pj_thread_destroy         004c0100 f   pjlib-i386-win32-vc8-debug:os_core_win32.obj
 0002:0003e1e0       _pj_thread_get_name        004c01e0 f   pjlib-i386-win32-vc8-debug:os_core_win32.obj
 0002:0003e260       _pj_thread_get_os_handle   004c0260 f   pjlib-i386-win32-vc8-debug:os_core_win32.obj
 0002:0003e2c0       _pj_thread_get_prio        004c02c0 f   pjlib-i386-win32-vc8-debug:os_core_win32.obj
 0002:0003e2f0       _pj_thread_get_prio_max    004c02f0 f   pjlib-i386-win32-vc8-debug:os_core_win32.obj
 0002:0003e310       _pj_thread_get_prio_min    004c0310 f   pjlib-i386-win32-vc8-debug:os_core_win32.obj
 0002:0003e330       _pj_thread_get_stack_info  004c0330 f   pjlib-i386-win32-vc8-debug:os_core_win32.obj
 0002:0003e390       _pj_thread_get_stack_max_usage 004c0390 f   pjlib-i386-win32-vc8-debug:os_core_win32.obj
 0002:0003e3b0       _pj_thread_init            004c03b0 f   pjlib-i386-win32-vc8-debug:os_core_win32.obj
 0002:0003e410       _pj_thread_is_registered   004c0410 f   pjlib-i386-win32-vc8-debug:os_core_win32.obj
 0002:0003e460       _pj_thread_join            004c0460 f   pjlib-i386-win32-vc8-debug:os_core_win32.obj
 0002:0003e590       _pj_thread_local_alloc     004c0590 f   pjlib-i386-win32-vc8-debug:os_core_win32.obj
 0002:0003e650       _pj_thread_local_free      004c0650 f   pjlib-i386-win32-vc8-debug:os_core_win32.obj
 0002:0003e690       _pj_thread_local_get       004c0690 f   pjlib-i386-win32-vc8-debug:os_core_win32.obj
 0002:0003e6b0       _pj_thread_local_set       004c06b0 f   pjlib-i386-win32-vc8-debug:os_core_win32.obj
 0002:0003e740       _pj_thread_register        004c0740 f   pjlib-i386-win32-vc8-debug:os_core_win32.obj
 0002:0003e8b0       _pj_thread_resume          004c08b0 f   pjlib-i386-win32-vc8-debug:os_core_win32.obj
 0002:0003e990       _pj_thread_set_prio        004c0990 f   pjlib-i386-win32-vc8-debug:os_core_win32.obj
 0002:0003eaa0       _pj_thread_sleep           004c0aa0 f   pjlib-i386-win32-vc8-debug:os_core_win32.obj
 0002:0003eae0       _pj_thread_this            004c0ae0 f   pjlib-i386-win32-vc8-debug:os_core_win32.obj
 0002:0003ec40       _pj_time_val_normalize     004c0c40 f   pjlib-i386-win32-vc8-debug:types.obj
 0002:0003edb0       _pj_gethostname            004c0db0 f   pjlib-i386-win32-vc8-debug:sock_bsd.obj
 0002:0003ee60       _pj_htonl                  004c0e60 f   pjlib-i386-win32-vc8-debug:sock_bsd.obj
 0002:0003ee80       _pj_htons                  004c0e80 f   pjlib-i386-win32-vc8-debug:sock_bsd.obj
 0002:0003eeb0       _pj_inet_aton              004c0eb0 f   pjlib-i386-win32-vc8-debug:sock_bsd.obj
 0002:0003efe0       _pj_inet_ntoa              004c0fe0 f   pjlib-i386-win32-vc8-debug:sock_bsd.obj
 0002:0003f000       _pj_inet_ntop              004c1000 f   pjlib-i386-win32-vc8-debug:sock_bsd.obj
 0002:0003f240       _pj_inet_pton              004c1240 f   pjlib-i386-win32-vc8-debug:sock_bsd.obj
 0002:0003f4f0       _pj_ntohl                  004c14f0 f   pjlib-i386-win32-vc8-debug:sock_bsd.obj
 0002:0003f510       _pj_ntohs                  004c1510 f   pjlib-i386-win32-vc8-debug:sock_bsd.obj
 0002:0003f540       _pj_sock_accept            004c1540 f   pjlib-i386-win32-vc8-debug:sock_bsd.obj
 0002:0003f630       _pj_sock_bind              004c1630 f   pjlib-i386-win32-vc8-debug:sock_bsd.obj
 0002:0003f720       _pj_sock_bind_in           004c1720 f   pjlib-i386-win32-vc8-debug:sock_bsd.obj
 0002:0003f7d0       _pj_sock_close             004c17d0 f   pjlib-i386-win32-vc8-debug:sock_bsd.obj
 0002:0003f870       _pj_sock_connect           004c1870 f   pjlib-i386-win32-vc8-debug:sock_bsd.obj
 0002:0003f910       _pj_sock_getpeername       004c1910 f   pjlib-i386-win32-vc8-debug:sock_bsd.obj
 0002:0003f9b0       _pj_sock_getsockname       004c19b0 f   pjlib-i386-win32-vc8-debug:sock_bsd.obj
 0002:0003fa50       _pj_sock_getsockopt        004c1a50 f   pjlib-i386-win32-vc8-debug:sock_bsd.obj
 0002:0003fb50       _pj_sock_listen            004c1b50 f   pjlib-i386-win32-vc8-debug:sock_bsd.obj
 0002:0003fbf0       _pj_sock_recv              004c1bf0 f   pjlib-i386-win32-vc8-debug:sock_bsd.obj
 0002:0003fcf0       _pj_sock_recvfrom          004c1cf0 f   pjlib-i386-win32-vc8-debug:sock_bsd.obj
 0002:0003fe00       _pj_sock_send              004c1e00 f   pjlib-i386-win32-vc8-debug:sock_bsd.obj
 0002:0003fef0       _pj_sock_sendto            004c1ef0 f   pjlib-i386-win32-vc8-debug:sock_bsd.obj
 0002:0003fff0       _pj_sock_setsockopt        004c1ff0 f   pjlib-i386-win32-vc8-debug:sock_bsd.obj
 0002:000400a0       _pj_sock_shutdown          004c20a0 f   pjlib-i386-win32-vc8-debug:sock_bsd.obj
 0002:00040140       _pj_sock_socket            004c2140 f   pjlib-i386-win32-vc8-debug:sock_bsd.obj
 0002:000402e0       _pj_getdefaultipinterface  004c22e0 f   pjlib-i386-win32-vc8-debug:sock_common.obj
 0002:00040360       _pj_gethostaddr            004c2360 f   pjlib-i386-win32-vc8-debug:sock_common.obj
 0002:000403b0       _pj_gethostip              004c23b0 f   pjlib-i386-win32-vc8-debug:sock_common.obj
 0002:00041090       _pj_getipinterface         004c3090 f   pjlib-i386-win32-vc8-debug:sock_common.obj
 0002:000412e0       _pj_inet_addr              004c32e0 f   pjlib-i386-win32-vc8-debug:sock_common.obj
 0002:00041310       _pj_inet_addr2             004c3310 f   pjlib-i386-win32-vc8-debug:sock_common.obj
 0002:00041350       _pj_inet_ntop2             004c3350 f   pjlib-i386-win32-vc8-debug:sock_common.obj
 0002:00041440       _pj_sock_bind_random       004c3440 f   pjlib-i386-win32-vc8-debug:sock_common.obj
 0002:000415c0       _pj_sock_setsockopt_sobuf  004c35c0 f   pjlib-i386-win32-vc8-debug:sock_common.obj
 0002:000417f0       _pj_sockaddr_cmp           004c37f0 f   pjlib-i386-win32-vc8-debug:sock_common.obj
 0002:00041900       _pj_sockaddr_copy_addr     004c3900 f   pjlib-i386-win32-vc8-debug:sock_common.obj
 0002:00041960       _pj_sockaddr_cp            004c3960 f   pjlib-i386-win32-vc8-debug:sock_common.obj
 0002:000419a0       _pj_sockaddr_get_addr      004c39a0 f   pjlib-i386-win32-vc8-debug:sock_common.obj
 0002:00041a70       _pj_sockaddr_get_addr_len  004c3a70 f   pjlib-i386-win32-vc8-debug:sock_common.obj
 0002:00041b40       _pj_sockaddr_get_len       004c3b40 f   pjlib-i386-win32-vc8-debug:sock_common.obj
 0002:00041c10       _pj_sockaddr_get_port      004c3c10 f   pjlib-i386-win32-vc8-debug:sock_common.obj
 0002:00041d00       _pj_sockaddr_has_addr      004c3d00 f   pjlib-i386-win32-vc8-debug:sock_common.obj
 0002:00041df0       _pj_sockaddr_in_get_addr   004c3df0 f   pjlib-i386-win32-vc8-debug:sock_common.obj
 0002:00041e20       _pj_sockaddr_in_get_port   004c3e20 f   pjlib-i386-win32-vc8-debug:sock_common.obj
 0002:00041e50       _pj_sockaddr_in_init       004c3e50 f   pjlib-i386-win32-vc8-debug:sock_common.obj
 0002:00041f00       _pj_sockaddr_in_set_addr   004c3f00 f   pjlib-i386-win32-vc8-debug:sock_common.obj
 0002:00041f30       _pj_sockaddr_in_set_port   004c3f30 f   pjlib-i386-win32-vc8-debug:sock_common.obj
 0002:00041f60       _pj_sockaddr_in_set_str_addr 004c3f60 f   pjlib-i386-win32-vc8-debug:sock_common.obj
 0002:000420c0       _pj_sockaddr_init          004c40c0 f   pjlib-i386-win32-vc8-debug:sock_common.obj
 0002:000421c0       _pj_sockaddr_parse         004c41c0 f   pjlib-i386-win32-vc8-debug:sock_common.obj
 0002:00042360       _pj_sockaddr_parse2        004c4360 f   pjlib-i386-win32-vc8-debug:sock_common.obj
 0002:00042800       _pj_sockaddr_print         004c4800 f   pjlib-i386-win32-vc8-debug:sock_common.obj
 0002:00042960       _pj_sockaddr_set_port      004c4960 f   pjlib-i386-win32-vc8-debug:sock_common.obj
 0002:00042a40       _pj_sockaddr_set_str_addr  004c4a40 f   pjlib-i386-win32-vc8-debug:sock_common.obj
 0002:00042c70       _pj_errno_clear_handlers   004c4c70 f   pjlib-i386-win32-vc8-debug:errno.obj
 0002:00042ce0       _pj_perror                 004c4ce0 f   pjlib-i386-win32-vc8-debug:errno.obj
 0002:00042d30       _pj_perror_1               004c4d30 f   pjlib-i386-win32-vc8-debug:errno.obj
 0002:00042d80       _pj_perror_2               004c4d80 f   pjlib-i386-win32-vc8-debug:errno.obj
 0002:00042dd0       _pj_perror_3               004c4dd0 f   pjlib-i386-win32-vc8-debug:errno.obj
 0002:00042e20       _pj_perror_4               004c4e20 f   pjlib-i386-win32-vc8-debug:errno.obj
 0002:00042e70       _pj_perror_5               004c4e70 f   pjlib-i386-win32-vc8-debug:errno.obj
 0002:00042f90       _pj_register_strerror      004c4f90 f   pjlib-i386-win32-vc8-debug:errno.obj
 0002:000431c0       _pj_strerror               004c51c0 f   pjlib-i386-win32-vc8-debug:errno.obj
 0002:00043650       _pj_log                    004c5650 f   pjlib-i386-win32-vc8-debug:log.obj
 0002:00043f00       _pj_log_1                  004c5f00 f   pjlib-i386-win32-vc8-debug:log.obj
 0002:00043f40       _pj_log_2                  004c5f40 f   pjlib-i386-win32-vc8-debug:log.obj
 0002:00043f80       _pj_log_3                  004c5f80 f   pjlib-i386-win32-vc8-debug:log.obj
 0002:00043fc0       _pj_log_4                  004c5fc0 f   pjlib-i386-win32-vc8-debug:log.obj
 0002:00044000       _pj_log_5                  004c6000 f   pjlib-i386-win32-vc8-debug:log.obj
 0002:00044040       _pj_log_add_indent         004c6040 f   pjlib-i386-win32-vc8-debug:log.obj
 0002:00044070       _pj_log_get_color          004c6070 f   pjlib-i386-win32-vc8-debug:log.obj
 0002:00044110       _pj_log_get_decor          004c6110 f   pjlib-i386-win32-vc8-debug:log.obj
 0002:00044130       _pj_log_get_level          004c6130 f   pjlib-i386-win32-vc8-debug:log.obj
 0002:00044150       _pj_log_get_log_func       004c6150 f   pjlib-i386-win32-vc8-debug:log.obj
 0002:00044170       _pj_log_init               004c6170 f   pjlib-i386-win32-vc8-debug:log.obj
 0002:00044210       _pj_log_pop_indent         004c6210 f   pjlib-i386-win32-vc8-debug:log.obj
 0002:00044230       _pj_log_push_indent        004c6230 f   pjlib-i386-win32-vc8-debug:log.obj
 0002:00044250       _pj_log_set_color          004c6250 f   pjlib-i386-win32-vc8-debug:log.obj
 0002:00044380       _pj_log_set_decor          004c6380 f   pjlib-i386-win32-vc8-debug:log.obj
 0002:000443a0       _pj_log_set_level          004c63a0 f   pjlib-i386-win32-vc8-debug:log.obj
 0002:000443c0       _pj_log_set_log_func       004c63c0 f   pjlib-i386-win32-vc8-debug:log.obj
 0002:000444c0       _pj_create_random_string   004c64c0 f   pjlib-i386-win32-vc8-debug:string.obj
 0002:00044790       _pj_str                    004c6790 f   pjlib-i386-win32-vc8-debug:string.obj
 0002:000447e0       _pj_strassign              004c67e0 f   pjlib-i386-win32-vc8-debug:string.obj
 0002:00044820       _pj_strcat                 004c6820 f   pjlib-i386-win32-vc8-debug:string.obj
 0002:00044880       _pj_strcat2                004c6880 f   pjlib-i386-win32-vc8-debug:string.obj
 0002:00044900       _pj_strcmp                 004c6900 f   pjlib-i386-win32-vc8-debug:string.obj
 0002:00044a20       _pj_strcmp2                004c6a20 f   pjlib-i386-win32-vc8-debug:string.obj
 0002:00044a80       _pj_strcpy                 004c6a80 f   pjlib-i386-win32-vc8-debug:string.obj
 0002:00044ae0       _pj_strcpy2                004c6ae0 f   pjlib-i386-win32-vc8-debug:string.obj
 0002:00044b60       _pj_strdup                 004c6b60 f   pjlib-i386-win32-vc8-debug:string.obj
 0002:00044bf0       _pj_strdup2                004c6bf0 f   pjlib-i386-win32-vc8-debug:string.obj
 0002:00044c90       _pj_strdup2_with_null      004c6c90 f   pjlib-i386-win32-vc8-debug:string.obj
 0002:00044d40       _pj_strdup3                004c6d40 f   pjlib-i386-win32-vc8-debug:string.obj
 0002:00044d80       _pj_strdup_with_null       004c6d80 f   pjlib-i386-win32-vc8-debug:string.obj
 0002:00044e10       _pj_stricmp                004c6e10 f   pjlib-i386-win32-vc8-debug:string.obj
 0002:00044f30       _pj_stricmp2               004c6f30 f   pjlib-i386-win32-vc8-debug:string.obj
 0002:00044f90       _pj_stristr                004c6f90 f   pjlib-i386-win32-vc8-debug:string.obj
 0002:00045030       _pj_strltrim               004c7030 f   pjlib-i386-win32-vc8-debug:string.obj
 0002:000450c0       _pj_strncmp                004c70c0 f   pjlib-i386-win32-vc8-debug:string.obj
 0002:00045140       _pj_strncmp2               004c7140 f   pjlib-i386-win32-vc8-debug:string.obj
 0002:000451a0       _pj_strncpy                004c71a0 f   pjlib-i386-win32-vc8-debug:string.obj
 0002:00045200       _pj_strncpy_with_null      004c7200 f   pjlib-i386-win32-vc8-debug:string.obj
 0002:00045280       _pj_strnicmp               004c7280 f   pjlib-i386-win32-vc8-debug:string.obj
 0002:00045300       _pj_strnicmp2              004c7300 f   pjlib-i386-win32-vc8-debug:string.obj
 0002:00045360       _pj_strrtrim               004c7360 f   pjlib-i386-win32-vc8-debug:string.obj
 0002:000453f0       _pj_strstr                 004c73f0 f   pjlib-i386-win32-vc8-debug:string.obj
 0002:00045490       _pj_strtof                 004c7490 f   pjlib-i386-win32-vc8-debug:string.obj
 0002:00045660       _pj_strtol                 004c7660 f   pjlib-i386-win32-vc8-debug:string.obj
 0002:00045760       _pj_strtoul                004c7760 f   pjlib-i386-win32-vc8-debug:string.obj
 0002:00045810       _pj_strtoul2               004c7810 f   pjlib-i386-win32-vc8-debug:string.obj
 0002:000459a0       _pj_strtrim                004c79a0 f   pjlib-i386-win32-vc8-debug:string.obj
 0002:000459e0       _pj_utoa                   004c79e0 f   pjlib-i386-win32-vc8-debug:string.obj
 0002:00045a10       _pj_utoa_pad               004c7a10 f   pjlib-i386-win32-vc8-debug:string.obj
 0002:00045c70       _pj_gettimeofday           004c7c70 f   pjlib-i386-win32-vc8-debug:os_time_win32.obj
 0002:00045d50       _pj_time_decode            004c7d50 f   pjlib-i386-win32-vc8-debug:os_time_win32.obj
 0002:00045e60       _pj_time_encode            004c7e60 f   pjlib-i386-win32-vc8-debug:os_time_win32.obj
 0002:00045f80       _pj_NO_MEMORY_EXCEPTION    004c7f80 f   pjlib-i386-win32-vc8-debug:pool.obj
 0002:00046000       _pj_pool_alloc             004c8000 f   pjlib-i386-win32-vc8-debug:pool.obj
 0002:00046060       _pj_pool_alloc_from_block  004c8060 f   pjlib-i386-win32-vc8-debug:pool.obj
 0002:000460d0       _pj_pool_allocate_find     004c80d0 f   pjlib-i386-win32-vc8-debug:pool.obj
 0002:00046260       _pj_pool_calloc            004c8260 f   pjlib-i386-win32-vc8-debug:pool.obj
 0002:000462c0       _pj_pool_create            004c82c0 f   pjlib-i386-win32-vc8-debug:pool.obj
 0002:00046420       _pj_pool_create_int        004c8420 f   pjlib-i386-win32-vc8-debug:pool.obj
 0002:000465a0       _pj_pool_destroy_int       004c85a0 f   pjlib-i386-win32-vc8-debug:pool.obj
 0002:00046620       _pj_pool_get_capacity      004c8620 f   pjlib-i386-win32-vc8-debug:pool.obj
 0002:00046640       _pj_pool_get_used_size     004c8640 f   pjlib-i386-win32-vc8-debug:pool.obj
 0002:000466b0       _pj_pool_getobjname        004c86b0 f   pjlib-i386-win32-vc8-debug:pool.obj
 0002:000466d0       _pj_pool_init_int          004c86d0 f   pjlib-i386-win32-vc8-debug:pool.obj
 0002:000467a0       _pj_pool_release           004c87a0 f   pjlib-i386-win32-vc8-debug:pool.obj
 0002:000467f0       _pj_pool_reset             004c87f0 f   pjlib-i386-win32-vc8-debug:pool.obj
 0002:00047040       _pj_caching_pool_destroy   004c9040 f   pjlib-i386-win32-vc8-debug:pool_caching.obj
 0002:000471b0       _pj_caching_pool_init      004c91b0 f   pjlib-i386-win32-vc8-debug:pool_caching.obj
 0002:000473a0       _pj_rand                   004c93a0 f   pjlib-i386-win32-vc8-debug:rand.obj
 0002:000473e0       _pj_srand                  004c93e0 f   pjlib-i386-win32-vc8-debug:rand.obj
 0002:000475c0       _pj_pool_factory_get_default_policy 004c95c0 f   pjlib-i386-win32-vc8-debug:pool_policy_malloc.obj
 0002:00047650       _pj_list_erase             004c9650 f   pjlib-i386-win32-vc8-debug:list.obj
 0002:00047690       _pj_list_find_node         004c9690 f   pjlib-i386-win32-vc8-debug:list.obj
 0002:00047730       _pj_list_insert_after      004c9730 f   pjlib-i386-win32-vc8-debug:list.obj
 0002:00047780       _pj_list_insert_before     004c9780 f   pjlib-i386-win32-vc8-debug:list.obj
 0002:000477b0       _pj_list_insert_nodes_after 004c97b0 f   pjlib-i386-win32-vc8-debug:list.obj
 0002:00047810       _pj_list_insert_nodes_before 004c9810 f   pjlib-i386-win32-vc8-debug:list.obj
 0002:00047840       _pj_list_merge_first       004c9840 f   pjlib-i386-win32-vc8-debug:list.obj
 0002:000478b0       _pj_list_merge_last        004c98b0 f   pjlib-i386-win32-vc8-debug:list.obj
 0002:00047920       _pj_list_search            004c9920 f   pjlib-i386-win32-vc8-debug:list.obj
 0002:00047990       _pj_list_size              004c9990 f   pjlib-i386-win32-vc8-debug:list.obj
 0002:000479e0       _pj_array_erase            004c99e0 f   pjlib-i386-win32-vc8-debug:array.obj
 0002:00047a70       _pj_array_find             004c9a70 f   pjlib-i386-win32-vc8-debug:array.obj
 0002:00047af0       _pj_array_insert           004c9af0 f   pjlib-i386-win32-vc8-debug:array.obj
 0002:00047eb0       _ioqueue_dispatch_exception_event 004c9eb0 f   pjlib-i386-win32-vc8-debug:ioqueue_select.obj
 0002:00048060       _ioqueue_dispatch_read_event 004ca060 f   pjlib-i386-win32-vc8-debug:ioqueue_select.obj
 0002:00048440       _ioqueue_dispatch_write_event 004ca440 f   pjlib-i386-win32-vc8-debug:ioqueue_select.obj
 0002:00048ce0       _pj_ioqueue_accept         004cace0 f   pjlib-i386-win32-vc8-debug:ioqueue_select.obj
 0002:00048f10       _pj_ioqueue_connect        004caf10 f   pjlib-i386-win32-vc8-debug:ioqueue_select.obj
 0002:00049090       _pj_ioqueue_create         004cb090 f   pjlib-i386-win32-vc8-debug:ioqueue_select.obj
 0002:000493b0       _pj_ioqueue_destroy        004cb3b0 f   pjlib-i386-win32-vc8-debug:ioqueue_select.obj
 0002:00049500       _pj_ioqueue_get_user_data  004cb500 f   pjlib-i386-win32-vc8-debug:ioqueue_select.obj
 0002:00049560       _pj_ioqueue_is_pending     004cb560 f   pjlib-i386-win32-vc8-debug:ioqueue_select.obj
 0002:000495a0       _pj_ioqueue_lock_key       004cb5a0 f   pjlib-i386-win32-vc8-debug:ioqueue_select.obj
 0002:000495f0       _pj_ioqueue_name           004cb5f0 f   pjlib-i386-win32-vc8-debug:ioqueue_select.obj
 0002:00049610       _pj_ioqueue_op_key_init    004cb610 f   pjlib-i386-win32-vc8-debug:ioqueue_select.obj
 0002:00049640       _pj_ioqueue_poll           004cb640 f   pjlib-i386-win32-vc8-debug:ioqueue_select.obj
 0002:00049d30       _pj_ioqueue_post_completion 004cbd30 f   pjlib-i386-win32-vc8-debug:ioqueue_select.obj
 0002:00049ef0       _pj_ioqueue_recv           004cbef0 f   pjlib-i386-win32-vc8-debug:ioqueue_select.obj
 0002:0004a0f0       _pj_ioqueue_recvfrom       004cc0f0 f   pjlib-i386-win32-vc8-debug:ioqueue_select.obj
 0002:0004a310       _pj_ioqueue_register_sock  004cc310 f   pjlib-i386-win32-vc8-debug:ioqueue_select.obj
 0002:0004a350       _pj_ioqueue_register_sock2 004cc350 f   pjlib-i386-win32-vc8-debug:ioqueue_select.obj
 0002:0004a5c0       _pj_ioqueue_send           004cc5c0 f   pjlib-i386-win32-vc8-debug:ioqueue_select.obj
 0002:0004a820       _pj_ioqueue_sendto         004cc820 f   pjlib-i386-win32-vc8-debug:ioqueue_select.obj
 0002:0004aaf0       _pj_ioqueue_set_concurrency 004ccaf0 f   pjlib-i386-win32-vc8-debug:ioqueue_select.obj
 0002:0004abb0       _pj_ioqueue_set_default_concurrency 004ccbb0 f   pjlib-i386-win32-vc8-debug:ioqueue_select.obj
 0002:0004ac10       _pj_ioqueue_set_lock       004ccc10 f   pjlib-i386-win32-vc8-debug:ioqueue_select.obj
 0002:0004acb0       _pj_ioqueue_set_user_data  004cccb0 f   pjlib-i386-win32-vc8-debug:ioqueue_select.obj
 0002:0004ad30       _pj_ioqueue_unlock_key     004ccd30 f   pjlib-i386-win32-vc8-debug:ioqueue_select.obj
 0002:0004ad80       _pj_ioqueue_unregister     004ccd80 f   pjlib-i386-win32-vc8-debug:ioqueue_select.obj
 0002:0004b820       _pj_grp_lock_acquire       004cd820 f   pjlib-i386-win32-vc8-debug:lock.obj
 0002:0004b850       _pj_grp_lock_add_handler   004cd850 f   pjlib-i386-win32-vc8-debug:lock.obj
 0002:0004b8e0       _pj_grp_lock_add_ref       004cd8e0 f   pjlib-i386-win32-vc8-debug:lock.obj
 0002:0004b910       _pj_grp_lock_chain_lock    004cd910 f   pjlib-i386-win32-vc8-debug:lock.obj
 0002:0004ba00       _pj_grp_lock_config_default 004cda00 f   pjlib-i386-win32-vc8-debug:lock.obj
 0002:0004ba30       _pj_grp_lock_create        004cda30 f   pjlib-i386-win32-vc8-debug:lock.obj
 0002:0004bc10       _pj_grp_lock_dec_ref       004cdc10 f   pjlib-i386-win32-vc8-debug:lock.obj
 0002:0004bc40       _pj_grp_lock_del_handler   004cdc40 f   pjlib-i386-win32-vc8-debug:lock.obj
 0002:0004bce0       _pj_grp_lock_destroy       004cdce0 f   pjlib-i386-win32-vc8-debug:lock.obj
 0002:0004bd10       _pj_grp_lock_dump          004cdd10 f   pjlib-i386-win32-vc8-debug:lock.obj
 0002:0004bd30       _pj_grp_lock_get_ref       004cdd30 f   pjlib-i386-win32-vc8-debug:lock.obj
 0002:0004bd60       _pj_grp_lock_release       004cdd60 f   pjlib-i386-win32-vc8-debug:lock.obj
 0002:0004bd90       _pj_grp_lock_replace       004cdd90 f   pjlib-i386-win32-vc8-debug:lock.obj
 0002:0004be40       _pj_grp_lock_tryacquire    004cde40 f   pjlib-i386-win32-vc8-debug:lock.obj
 0002:0004be70       _pj_grp_lock_unchain_lock  004cde70 f   pjlib-i386-win32-vc8-debug:lock.obj
 0002:0004bfa0       _pj_lock_acquire           004cdfa0 f   pjlib-i386-win32-vc8-debug:lock.obj
 0002:0004c010       _pj_lock_create_null_mutex 004ce010 f   pjlib-i386-win32-vc8-debug:lock.obj
 0002:0004c070       _pj_lock_create_recursive_mutex 004ce070 f   pjlib-i386-win32-vc8-debug:lock.obj
 0002:0004c0a0       _pj_lock_create_semaphore  004ce0a0 f   pjlib-i386-win32-vc8-debug:lock.obj
 0002:0004c190       _pj_lock_create_simple_mutex 004ce190 f   pjlib-i386-win32-vc8-debug:lock.obj
 0002:0004c1c0       _pj_lock_destroy           004ce1c0 f   pjlib-i386-win32-vc8-debug:lock.obj
 0002:0004c230       _pj_lock_release           004ce230 f   pjlib-i386-win32-vc8-debug:lock.obj
 0002:0004c2a0       _pj_lock_tryacquire        004ce2a0 f   pjlib-i386-win32-vc8-debug:lock.obj
 0002:0004c530       _pj_file_delete            004ce530 f   pjlib-i386-win32-vc8-debug:file_access_win32.obj
 0002:0004c5f0       _pj_file_exists            004ce5f0 f   pjlib-i386-win32-vc8-debug:file_access_win32.obj
 0002:0004c690       _pj_file_getstat           004ce690 f   pjlib-i386-win32-vc8-debug:file_access_win32.obj
 0002:0004c960       _pj_file_move              004ce960 f   pjlib-i386-win32-vc8-debug:file_access_win32.obj
 0002:0004ca40       _pj_file_size              004cea40 f   pjlib-i386-win32-vc8-debug:file_access_win32.obj
 0002:0004cb60       _pj_file_close             004ceb60 f   pjlib-i386-win32-vc8-debug:file_io_win32.obj
 0002:0004cbe0       _pj_file_flush             004cebe0 f   pjlib-i386-win32-vc8-debug:file_io_win32.obj
 0002:0004cc70       _pj_file_getpos            004cec70 f   pjlib-i386-win32-vc8-debug:file_io_win32.obj
 0002:0004cd40       _pj_file_open              004ced40 f   pjlib-i386-win32-vc8-debug:file_io_win32.obj
 0002:0004cf90       _pj_file_read              004cef90 f   pjlib-i386-win32-vc8-debug:file_io_win32.obj
 0002:0004d040       _pj_file_setpos            004cf040 f   pjlib-i386-win32-vc8-debug:file_io_win32.obj
 0002:0004d160       _pj_file_write             004cf160 f   pjlib-i386-win32-vc8-debug:file_io_win32.obj
 0002:0004d280       _pj_exception_id_alloc     004cf280 f   pjlib-i386-win32-vc8-debug:except.obj
 0002:0004d300       _pj_exception_id_free      004cf300 f   pjlib-i386-win32-vc8-debug:except.obj
 0002:0004d390       _pj_exception_id_name      004cf390 f   pjlib-i386-win32-vc8-debug:except.obj
 0002:0004d440       _pj_pop_exception_handler_ 004cf440 f   pjlib-i386-win32-vc8-debug:except.obj
 0002:0004d4a0       _pj_push_exception_handler_ 004cf4a0 f   pjlib-i386-win32-vc8-debug:except.obj
 0002:0004d550       _pj_throw_exception_       004cf550 f   pjlib-i386-win32-vc8-debug:except.obj
 0002:0004d610       _pj_get_timestamp          004cf610 f   pjlib-i386-win32-vc8-debug:os_timestamp_win32.obj
 0002:0004d6a0       _pj_get_timestamp_freq     004cf6a0 f   pjlib-i386-win32-vc8-debug:os_timestamp_win32.obj
 0002:0004d8d0       _pj_elapsed_cycle          004cf8d0 f   pjlib-i386-win32-vc8-debug:os_timestamp_common.obj
 0002:0004d8f0       _pj_elapsed_msec           004cf8f0 f   pjlib-i386-win32-vc8-debug:os_timestamp_common.obj
 0002:0004d930       _pj_elapsed_msec64         004cf930 f   pjlib-i386-win32-vc8-debug:os_timestamp_common.obj
 0002:0004d970       _pj_elapsed_nanosec        004cf970 f   pjlib-i386-win32-vc8-debug:os_timestamp_common.obj
 0002:0004da30       _pj_elapsed_time           004cfa30 f   pjlib-i386-win32-vc8-debug:os_timestamp_common.obj
 0002:0004db10       _pj_elapsed_usec           004cfb10 f   pjlib-i386-win32-vc8-debug:os_timestamp_common.obj
 0002:0004db50       _pj_gettickcount           004cfb50 f   pjlib-i386-win32-vc8-debug:os_timestamp_common.obj
 0002:0004dd30       _pj_GUID_STRING_LENGTH     004cfd30 f   pjlib-i386-win32-vc8-debug:guid_win32.obj
 0002:0004dd50       _pj_generate_unique_string 004cfd50 f   pjlib-i386-win32-vc8-debug:guid_win32.obj
 0002:0004ddc0       _pj_dump_config            004cfdc0 f   pjlib-i386-win32-vc8-debug:config.obj
 0002:0004e3a0       _pj_get_version            004d03a0 f   pjlib-i386-win32-vc8-debug:config.obj
 0002:0004e3c0       _pj_get_netos_error        004d03c0 f   pjlib-i386-win32-vc8-debug:os_error_win32.obj
 0002:0004e410       _pj_get_os_error           004d0410 f   pjlib-i386-win32-vc8-debug:os_error_win32.obj
 0002:0004e490       _pj_set_netos_error        004d0490 f   pjlib-i386-win32-vc8-debug:os_error_win32.obj
 0002:0004e4e0       _pj_set_os_error           004d04e0 f   pjlib-i386-win32-vc8-debug:os_error_win32.obj
 0002:0004e530       _platform_strerror         004d0530 f   pjlib-i386-win32-vc8-debug:os_error_win32.obj
 0002:0004f100       _pj_enum_ip_interface      004d1100 f   pjlib-i386-win32-vc8-debug:ip_helper_win32.obj
 0002:0004f260       _pj_enum_ip_route          004d1260 f   pjlib-i386-win32-vc8-debug:ip_helper_win32.obj
 0002:0004f6d0       _pj_getaddrinfo            004d16d0 f   pjlib-i386-win32-vc8-debug:addr_resolv_sock.obj
 0002:0004fa30       _pj_gethostbyname          004d1a30 f   pjlib-i386-win32-vc8-debug:addr_resolv_sock.obj
 0002:0004fbc0       _pj_log_write              004d1bc0 f   pjlib-i386-win32-vc8-debug:log_writer_stdout.obj
 0002:0004fca0       _pj_pool_create_on_buf     004d1ca0 f   pjlib-i386-win32-vc8-debug:pool_buf.obj
 0002:0004ff10       _PJ_FD_CLR                 004d1f10 f   pjlib-i386-win32-vc8-debug:sock_select.obj
 0002:00050060       _PJ_FD_COUNT               004d2060 f   pjlib-i386-win32-vc8-debug:sock_select.obj
 0002:00050090       _PJ_FD_ISSET               004d2090 f   pjlib-i386-win32-vc8-debug:sock_select.obj
 0002:000500f0       _PJ_FD_SET                 004d20f0 f   pjlib-i386-win32-vc8-debug:sock_select.obj
 0002:00050230       _PJ_FD_ZERO                004d2230 f   pjlib-i386-win32-vc8-debug:sock_select.obj
 0002:00050290       _pj_sock_select            004d2290 f   pjlib-i386-win32-vc8-debug:sock_select.obj
 0002:000503a0       _gsm_create                004d23a0 f   libgsmcodec-i386-win32-vc8-debug:gsm_create.obj
 0002:00050410       _gsm_destroy               004d2410 f   libgsmcodec-i386-win32-vc8-debug:gsm_destroy.obj
 0002:00050440       _gsm_encode                004d2440 f   libgsmcodec-i386-win32-vc8-debug:gsm_encode.obj
 0002:00051170       _gsm_decode                004d3170 f   libgsmcodec-i386-win32-vc8-debug:gsm_decode.obj
 0002:000521f0       _Gsm_Coder                 004d41f0 f   libgsmcodec-i386-win32-vc8-debug:code.obj
 0002:000524b0       _Gsm_Decoder               004d44b0 f   libgsmcodec-i386-win32-vc8-debug:decode.obj
 0002:00053570       _Gsm_Long_Term_Predictor   004d5570 f   libgsmcodec-i386-win32-vc8-debug:long_term.obj
 0002:000536d0       _Gsm_Long_Term_Synthesis_Filtering 004d56d0 f   libgsmcodec-i386-win32-vc8-debug:long_term.obj
 0002:00054ef0       _Gsm_LPC_Analysis          004d6ef0 f   libgsmcodec-i386-win32-vc8-debug:lpc.obj
 0002:000565a0       _Gsm_Preprocess            004d85a0 f   libgsmcodec-i386-win32-vc8-debug:preprocess.obj
 0002:00057b90       _Gsm_Short_Term_Analysis_Filter 004d9b90 f   libgsmcodec-i386-win32-vc8-debug:short_term.obj
 0002:00057d50       _Gsm_Short_Term_Synthesis_Filter 004d9d50 f   libgsmcodec-i386-win32-vc8-debug:short_term.obj
 0002:00058e40       _Gsm_RPE_Decoding          004dae40 f   libgsmcodec-i386-win32-vc8-debug:rpe.obj
 0002:00058ed0       _Gsm_RPE_Encoding          004daed0 f   libgsmcodec-i386-win32-vc8-debug:rpe.obj
 0002:0005a500       _gsm_L_add                 004dc500 f   libgsmcodec-i386-win32-vc8-debug:add.obj
 0002:0005a5c0       _gsm_L_asl                 004dc5c0 f   libgsmcodec-i386-win32-vc8-debug:add.obj
 0002:0005a640       _gsm_L_asr                 004dc640 f   libgsmcodec-i386-win32-vc8-debug:add.obj
 0002:0005a6b0       _gsm_L_mult                004dc6b0 f   libgsmcodec-i386-win32-vc8-debug:add.obj
 0002:0005a720       _gsm_L_sub                 004dc720 f   libgsmcodec-i386-win32-vc8-debug:add.obj
 0002:0005a7e0       _gsm_abs                   004dc7e0 f   libgsmcodec-i386-win32-vc8-debug:add.obj
 0002:0005a840       _gsm_add                   004dc840 f   libgsmcodec-i386-win32-vc8-debug:add.obj
 0002:0005a8b0       _gsm_asl                   004dc8b0 f   libgsmcodec-i386-win32-vc8-debug:add.obj
 0002:0005a930       _gsm_asr                   004dc930 f   libgsmcodec-i386-win32-vc8-debug:add.obj
 0002:0005a9b0       _gsm_div                   004dc9b0 f   libgsmcodec-i386-win32-vc8-debug:add.obj
 0002:0005aa90       _gsm_mult                  004dca90 f   libgsmcodec-i386-win32-vc8-debug:add.obj
 0002:0005ab20       _gsm_mult_r                004dcb20 f   libgsmcodec-i386-win32-vc8-debug:add.obj
 0002:0005ab90       _gsm_norm                  004dcb90 f   libgsmcodec-i386-win32-vc8-debug:add.obj
 0002:0005acb0       _gsm_sub                   004dccb0 f   libgsmcodec-i386-win32-vc8-debug:add.obj
 0002:0005ad20       _iLBC_encode               004dcd20 f   libilbccodec-i386-win32-vc8-debug:iLBC_encode.obj
 0002:0005c700       _initEncode                004de700 f   libilbccodec-i386-win32-vc8-debug:iLBC_encode.obj
 0002:0005c8a0       _Decode                    004de8a0 f   libilbccodec-i386-win32-vc8-debug:iLBC_decode.obj
 0002:0005cfe0       _iLBC_decode               004defe0 f   libilbccodec-i386-win32-vc8-debug:iLBC_decode.obj
 0002:0005e0f0       _initDecode                004e00f0 f   libilbccodec-i386-win32-vc8-debug:iLBC_decode.obj
 0002:0005e3e0       _LPCencode                 004e03e0 f   libilbccodec-i386-win32-vc8-debug:LPCencode.obj
 0002:0005e4b0       _LSFinterpolate2a_enc      004e04b0 f   libilbccodec-i386-win32-vc8-debug:LPCencode.obj
 0002:0005e520       _SimpleAnalysis            004e0520 f   libilbccodec-i386-win32-vc8-debug:LPCencode.obj
 0002:0005e740       _SimpleInterpolateLSF      004e0740 f   libilbccodec-i386-win32-vc8-debug:LPCencode.obj
 0002:0005eaf0       _SimplelsfQ                004e0af0 f   libilbccodec-i386-win32-vc8-debug:LPCencode.obj
 0002:0005eb80       _FrameClassify             004e0b80 f   libilbccodec-i386-win32-vc8-debug:FrameClassify.obj
 0002:0005f0e0       _AbsQuantW                 004e10e0 f   libilbccodec-i386-win32-vc8-debug:StateSearchW.obj
 0002:0005f380       _StateSearchW              004e1380 f   libilbccodec-i386-win32-vc8-debug:StateSearchW.obj
 0002:0005f7c0       _StateConstructW           004e17c0 f   libilbccodec-i386-win32-vc8-debug:StateConstructW.obj
 0002:0005faa0       _dopack                    004e1aa0 f   libilbccodec-i386-win32-vc8-debug:packing.obj
 0002:0005fbd0       _packcombine               004e1bd0 f   libilbccodec-i386-win32-vc8-debug:packing.obj
 0002:0005fc10       _packsplit                 004e1c10 f   libilbccodec-i386-win32-vc8-debug:packing.obj
 0002:0005fc60       _unpack                    004e1c60 f   libilbccodec-i386-win32-vc8-debug:packing.obj
 0002:0005fdc0       _iCBSearch                 004e1dc0 f   libilbccodec-i386-win32-vc8-debug:iCBSearch.obj
 0002:000612c0       _iCBConstruct              004e32c0 f   libilbccodec-i386-win32-vc8-debug:iCBConstruct.obj
 0002:00061550       _index_conv_dec            004e3550 f   libilbccodec-i386-win32-vc8-debug:iCBConstruct.obj
 0002:00061600       _index_conv_enc            004e3600 f   libilbccodec-i386-win32-vc8-debug:iCBConstruct.obj
 0002:000616b0       _hpInput                   004e36b0 f   libilbccodec-i386-win32-vc8-debug:hpInput.obj
 0002:00061900       _anaFilter                 004e3900 f   libilbccodec-i386-win32-vc8-debug:anaFilter.obj
 0002:00061b20       _DecoderInterpolateLSF     004e3b20 f   libilbccodec-i386-win32-vc8-debug:LPCdecode.obj
 0002:00061df0       _LSFinterpolate2a_dec      004e3df0 f   libilbccodec-i386-win32-vc8-debug:LPCdecode.obj
 0002:00061e60       _SimplelsfDEQ              004e3e60 f   libilbccodec-i386-win32-vc8-debug:LPCdecode.obj
 0002:00062030       _compCorr                  004e4030 f   libilbccodec-i386-win32-vc8-debug:doCPLC.obj
 0002:000622b0       _doThePLC                  004e42b0 f   libilbccodec-i386-win32-vc8-debug:doCPLC.obj
 0002:000629a0       _LSF_check                 004e49a0 f   libilbccodec-i386-win32-vc8-debug:helpfun.obj
 0002:00062bd0       _SplitVQ                   004e4bd0 f   libilbccodec-i386-win32-vc8-debug:helpfun.obj
 0002:00062ca0       _autocorr                  004e4ca0 f   libilbccodec-i386-win32-vc8-debug:helpfun.obj
 0002:00062d50       _bwexpand                  004e4d50 f   libilbccodec-i386-win32-vc8-debug:helpfun.obj
 0002:00062df0       _interpolate               004e4df0 f   libilbccodec-i386-win32-vc8-debug:helpfun.obj
 0002:00062e80       _levdurb                   004e4e80 f   libilbccodec-i386-win32-vc8-debug:helpfun.obj
 0002:00063190       _sort_sq                   004e5190 f   libilbccodec-i386-win32-vc8-debug:helpfun.obj
 0002:000632a0       _vq                        004e52a0 f   libilbccodec-i386-win32-vc8-debug:helpfun.obj
 0002:00063420       _window                    004e5420 f   libilbccodec-i386-win32-vc8-debug:helpfun.obj
 0002:00063480       _NearestNeighbor           004e5480 f   libilbccodec-i386-win32-vc8-debug:enhancer.obj
 0002:00063550       _enh_upsample              004e5550 f   libilbccodec-i386-win32-vc8-debug:enhancer.obj
 0002:00063910       _enhancer                  004e5910 f   libilbccodec-i386-win32-vc8-debug:enhancer.obj
 0002:000639a0       _enhancerInterface         004e59a0 f   libilbccodec-i386-win32-vc8-debug:enhancer.obj
 0002:00064280       _getsseq                   004e6280 f   libilbccodec-i386-win32-vc8-debug:enhancer.obj
 0002:00064640       _mycorr1                   004e6640 f   libilbccodec-i386-win32-vc8-debug:enhancer.obj
 0002:000646f0       _refiner                   004e66f0 f   libilbccodec-i386-win32-vc8-debug:enhancer.obj
 0002:00064a10       _smath                     004e6a10 f   libilbccodec-i386-win32-vc8-debug:enhancer.obj
 0002:00065020       _xCorrCoef                 004e7020 f   libilbccodec-i386-win32-vc8-debug:enhancer.obj
 0002:00065100       _hpOutput                  004e7100 f   libilbccodec-i386-win32-vc8-debug:hpOutput.obj
 0002:00065350       _syntFilter                004e7350 f   libilbccodec-i386-win32-vc8-debug:syntFilter.obj
 0002:00065570       _a2lsf                     004e7570 f   libilbccodec-i386-win32-vc8-debug:lsf.obj
 0002:00065d90       _lsf2a                     004e7d90 f   libilbccodec-i386-win32-vc8-debug:lsf.obj
 0002:000663f0       _AllPoleFilter             004e83f0 f   libilbccodec-i386-win32-vc8-debug:filter.obj
 0002:00066490       _AllZeroFilter             004e8490 f   libilbccodec-i386-win32-vc8-debug:filter.obj
 0002:00066570       _DownSample                004e8570 f   libilbccodec-i386-win32-vc8-debug:filter.obj
 0002:00066850       _ZeroPoleFilter            004e8850 f   libilbccodec-i386-win32-vc8-debug:filter.obj
 0002:000668b0       _gaindequant               004e88b0 f   libilbccodec-i386-win32-vc8-debug:gainquant.obj
 0002:00066990       _gainquant                 004e8990 f   libilbccodec-i386-win32-vc8-debug:gainquant.obj
 0002:00066ae0       _createAugmentedVec        004e8ae0 f   libilbccodec-i386-win32-vc8-debug:createCB.obj
 0002:00066c40       _filteredCBvecs            004e8c40 f   libilbccodec-i386-win32-vc8-debug:createCB.obj
 0002:00066dc0       _searchAugmentedCB         004e8dc0 f   libilbccodec-i386-win32-vc8-debug:createCB.obj
 0002:00067240       _getCBvec                  004e9240 f   libilbccodec-i386-win32-vc8-debug:getCBvec.obj
 0002:000679e0       _speex_bits_advance        004e99e0 f   libspeex-i386-win32-vc8-debug:bits.obj
 0002:00067a70       _speex_bits_destroy        004e9a70 f   libspeex-i386-win32-vc8-debug:bits.obj
 0002:00067b50       _speex_bits_init           004e9b50 f   libspeex-i386-win32-vc8-debug:bits.obj
 0002:00067bb0       _speex_bits_init_buffer    004e9bb0 f   libspeex-i386-win32-vc8-debug:bits.obj
 0002:00067c00       _speex_bits_insert_terminator 004e9c00 f   libspeex-i386-win32-vc8-debug:bits.obj
 0002:00067c60       _speex_bits_nbytes         004e9c60 f   libspeex-i386-win32-vc8-debug:bits.obj
 0002:00067c90       _speex_bits_pack           004e9c90 f   libspeex-i386-win32-vc8-debug:bits.obj
 0002:00067e80       _speex_bits_peek           004e9e80 f   libspeex-i386-win32-vc8-debug:bits.obj
 0002:00067f00       _speex_bits_peek_unsigned  004e9f00 f   libspeex-i386-win32-vc8-debug:bits.obj
 0002:00067ff0       _speex_bits_read_from      004e9ff0 f   libspeex-i386-win32-vc8-debug:bits.obj
 0002:00068160       _speex_bits_read_whole_bytes 004ea160 f   libspeex-i386-win32-vc8-debug:bits.obj
 0002:00068310       _speex_bits_remaining      004ea310 f   libspeex-i386-win32-vc8-debug:bits.obj
 0002:00068360       _speex_bits_reset          004ea360 f   libspeex-i386-win32-vc8-debug:bits.obj
 0002:000683c0       _speex_bits_rewind         004ea3c0 f   libspeex-i386-win32-vc8-debug:bits.obj
 0002:00068400       _speex_bits_set_bit_buffer 004ea400 f   libspeex-i386-win32-vc8-debug:bits.obj
 0002:00068470       _speex_bits_unpack_signed  004ea470 f   libspeex-i386-win32-vc8-debug:bits.obj
 0002:000684d0       _speex_bits_unpack_unsigned 004ea4d0 f   libspeex-i386-win32-vc8-debug:bits.obj
 0002:000685c0       _speex_bits_write          004ea5c0 f   libspeex-i386-win32-vc8-debug:bits.obj
 0002:000686a0       _speex_bits_write_whole_bytes 004ea6a0 f   libspeex-i386-win32-vc8-debug:bits.obj
 0002:00068820       _nb_mode_query             004ea820 f   libspeex-i386-win32-vc8-debug:speex.obj
 0002:00068900       _speex_decode              004ea900 f   libspeex-i386-win32-vc8-debug:speex.obj
 0002:00068940       _speex_decode_int          004ea940 f   libspeex-i386-win32-vc8-debug:speex.obj
 0002:00068a90       _speex_decode_native       004eaa90 f   libspeex-i386-win32-vc8-debug:speex.obj
 0002:00068ad0       _speex_decoder_ctl         004eaad0 f   libspeex-i386-win32-vc8-debug:speex.obj
 0002:00068b10       _speex_decoder_destroy     004eab10 f   libspeex-i386-win32-vc8-debug:speex.obj
 0002:00068b40       _speex_decoder_init        004eab40 f   libspeex-i386-win32-vc8-debug:speex.obj
 0002:00068b70       _speex_encode              004eab70 f   libspeex-i386-win32-vc8-debug:speex.obj
 0002:00068bb0       _speex_encode_int          004eabb0 f   libspeex-i386-win32-vc8-debug:speex.obj
 0002:00068c60       _speex_encode_native       004eac60 f   libspeex-i386-win32-vc8-debug:speex.obj
 0002:00068ca0       _speex_encoder_ctl         004eaca0 f   libspeex-i386-win32-vc8-debug:speex.obj
 0002:00068ce0       _speex_encoder_destroy     004eace0 f   libspeex-i386-win32-vc8-debug:speex.obj
 0002:00068d10       _speex_encoder_init        004ead10 f   libspeex-i386-win32-vc8-debug:speex.obj
 0002:00068d40       _speex_lib_ctl             004ead40 f   libspeex-i386-win32-vc8-debug:speex.obj
 0002:00068e30       _speex_mode_query          004eae30 f   libspeex-i386-win32-vc8-debug:modes.obj
 0002:00068e70       _wb_mode_query             004eae70 f   libspeex-i386-win32-vc8-debug:modes_wb.obj
 0002:00068f50       _speex_lib_get_mode        004eaf50 f   libspeex-i386-win32-vc8-debug:modes_wb.obj
 0002:00069700       _speex_echo_cancel         004eb700 f   libspeex-i386-win32-vc8-debug:mdf.obj
 0002:00069740       _speex_echo_cancellation   004eb740 f   libspeex-i386-win32-vc8-debug:mdf.obj
 0002:0006b4b0       _speex_echo_capture        004ed4b0 f   libspeex-i386-win32-vc8-debug:mdf.obj
 0002:0006b650       _speex_echo_ctl            004ed650 f   libspeex-i386-win32-vc8-debug:mdf.obj
 0002:0006b7e0       _speex_echo_get_residual   004ed7e0 f   libspeex-i386-win32-vc8-debug:mdf.obj
 0002:0006b940       _speex_echo_playback       004ed940 f   libspeex-i386-win32-vc8-debug:mdf.obj
 0002:0006bb10       _speex_echo_state_destroy  004edb10 f   libspeex-i386-win32-vc8-debug:mdf.obj
 0002:0006bd00       _speex_echo_state_init     004edd00 f   libspeex-i386-win32-vc8-debug:mdf.obj
 0002:0006c550       _speex_echo_state_reset    004ee550 f   libspeex-i386-win32-vc8-debug:mdf.obj
 0002:0006d830       _speex_preprocess          004ef830 f   libspeex-i386-win32-vc8-debug:preprocess.obj
 0002:0006d860       _speex_preprocess_ctl      004ef860 f   libspeex-i386-win32-vc8-debug:preprocess.obj
 0002:0006e270       _speex_preprocess_estimate_update 004f0270 f   libspeex-i386-win32-vc8-debug:preprocess.obj
 0002:0006e4b0       _speex_preprocess_run      004f04b0 f   libspeex-i386-win32-vc8-debug:preprocess.obj
 0002:0006fcb0       _speex_preprocess_state_destroy 004f1cb0 f   libspeex-i386-win32-vc8-debug:preprocess.obj
 0002:0006fec0       _speex_preprocess_state_init 004f1ec0 f   libspeex-i386-win32-vc8-debug:preprocess.obj
 0002:00070d20       _nb_decode                 004f2d20 f   libspeex-i386-win32-vc8-debug:nb_celp.obj
 0002:000731e0       _nb_decoder_ctl            004f51e0 f   libspeex-i386-win32-vc8-debug:nb_celp.obj
 0002:00073800       _nb_decoder_destroy        004f5800 f   libspeex-i386-win32-vc8-debug:nb_celp.obj
 0002:00073890       _nb_decoder_init           004f5890 f   libspeex-i386-win32-vc8-debug:nb_celp.obj
 0002:00073c30       _nb_encode                 004f5c30 f   libspeex-i386-win32-vc8-debug:nb_celp.obj
 0002:00076750       _nb_encoder_ctl            004f8750 f   libspeex-i386-win32-vc8-debug:nb_celp.obj
[...]
 0004:0000c484       ___wargv                   005d9484     LIBCMTD:crt0dat.obj
 0004:0000c488       __environ                  005d9488     LIBCMTD:crt0dat.obj
 0004:0000c48c       __wenviron                 005d948c     LIBCMTD:crt0dat.obj
 0004:0000c490       __pgmptr                   005d9490     LIBCMTD:crt0dat.obj
 0004:0000c494       __wpgmptr                  005d9494     LIBCMTD:crt0dat.obj
 0004:0000c498       __C_Exit_Done              005d9498     LIBCMTD:crt0dat.obj
 0004:0000c4b4       ___pInvalidArgHandler      005d94b4     LIBCMTD:invarg.obj
 0004:0000c4b8       ___error_mode              005d94b8     LIBCMTD:errmode.obj
 0004:0000c4f0       ___app_type                005d94f0     LIBCMTD:crt0msg.obj
 0004:0000cc5c       ___isa_available           005d9c5c     LIBCMTD:cpu_disp.obj
 0004:0000cc60       ___favor                   005d9c60     LIBCMTD:cpu_disp.obj
 0004:0000ce18       ___crtDebugCheckCount      005d9e18     LIBCMTD:dbgheap.obj
 0004:0000ce20       ?_pfnDumpClient@@3P6AXPAXI@ZA 005d9e20     LIBCMTD:dbgheap.obj
 0004:0000ce48       ___pioinfo                 005d9e48     LIBCMTD:ioinit.obj
 0004:0000cf7c       __stdbuf                   005d9f7c     LIBCMTD:_sftbuf.obj
 0004:0000cf88       ___mbcodepage              005d9f88     LIBCMTD:mbctype.obj
 0004:0000cf8c       ___ismbcodepage            005d9f8c     LIBCMTD:mbctype.obj
 0004:0000cf90       ___mbulinfo                005d9f90     LIBCMTD:mbctype.obj
 0004:0000cf9c       ___mblocalename            005d9f9c     LIBCMTD:mbctype.obj
 0004:0000cfac       ___locale_changed          005d9fac     LIBCMTD:wsetloca.obj
 0004:0000cfb0       __crtheap                  005d9fb0     LIBCMTD:heapinit.obj
 0004:0000d0f4       __newmode                  005da0f4     LIBCMTD:_newmode.obj
 0004:0000d0f8       ?__pInconsistency@@3P6AXXZA 005da0f8     LIBCMTD:hooks.obj
 0004:0000d0fc       ?_pnhHeap@@3P6AHI@ZA       005da0fc     LIBCMTD:handler.obj
 0004:0000d100       ___pPurecall               005da100     LIBCMTD:inithelp.obj
 0004:0000d10c       ___lconv_static_null       005da10c     LIBCMTD:lconv.obj
 0004:0000d110       ___lconv_static_W_null     005da110     LIBCMTD:lconv.obj
 0004:0000d114       ?g_OutOfMemoryExceptionCallback@@3P6GPAXXZA 005da114     LIBCMTD:frame.obj
 0004:0000d11c       __outputformat             005da11c     LIBCMTD:outputformat.obj
 0004:0000d12c       ?pArgList@UnDecorator@@0PAVReplicator@@A 005da12c     LIBCMTD:undname.obj
 0004:0000d130       ?pZNameList@UnDecorator@@0PAVReplicator@@A 005da130     LIBCMTD:undname.obj
 0004:0000d134       ?pTemplateArgList@UnDecorator@@0PAVReplicator@@A 005da134     LIBCMTD:undname.obj
 0004:0000d138       ?gName@UnDecorator@@0PBDB  005da138     LIBCMTD:undname.obj
 0004:0000d13c       ?name@UnDecorator@@0PBDB   005da13c     LIBCMTD:undname.obj
 0004:0000d140       ?outputString@UnDecorator@@0PADA 005da140     LIBCMTD:undname.obj
 0004:0000d144       ?maxStringLength@UnDecorator@@0HA 005da144     LIBCMTD:undname.obj
 0004:0000d148       ?disableFlags@UnDecorator@@0KA 005da148     LIBCMTD:undname.obj
 0004:0000d14c       ?fExplicitTemplateParams@UnDecorator@@0_NA 005da14c     LIBCMTD:undname.obj
 0004:0000d14d       ?fGetTemplateArgumentList@UnDecorator@@0_NA 005da14d     LIBCMTD:undname.obj
 0004:0000d150       ?m_pGetParameter@UnDecorator@@0P6APADJ@ZA 005da150     LIBCMTD:undname.obj
 0004:0000d1d8       ?nodes@?1??make@DNameStatusNode@@SAPAV2@W4DNameStatus@@@Z@4PAV2@A 005da1d8     LIBCMTD:undname.obj
 0004:0000d214       ??_B?1??make@DNameStatusNode@@SAPAV1@W4DNameStatus@@@Z@51 005da214     LIBCMTD:undname.obj
 0004:0000d7f4       _PJ_NO_MEMORY_EXCEPTION    005da7f4     <common>
 0004:0000d800       _ctr_prng                  005da800     <common>
 0004:0000d940       _bit_string                005da940     <common>
 0004:0000de14       __pReportHookListW         005dae14     <common>
 0004:0000de24       __pReportHookList          005dae24     <common>
 0004:0000de28       __pfnReportHook            005dae28     <common>
 0004:0000de2c       __pmatherr                 005dae2c     <common>
 0004:0000de38       ___use_sse2_mathfcns       005dae38     <common>
 0004:0000de60       _encodedKERNEL32Functions  005dae60     <common>
 0004:0000df08       __debugger_hook_dummy      005daf08     <common>
 0004:0000df14       ___unguarded_readlc_active 005daf14     <common>
 0004:0000df24       ___setlc_active            005daf24     <common>
 0004:0000df28       __nhandle                  005daf28     <common>
 0004:0000df34       ___dyn_tls_init_callback   005daf34     <common>
 0004:0000df44       ___onexitend               005daf44     <common>
 0004:0000df48       ___onexitbegin             005daf48     <common>
 0004:0000df4c       ___mbctype_initialized     005daf4c     <common>
 0004:0000df50       ___env_initialized         005daf50     <common>
 0004:0000df54       __setjmpexused             005daf54     <common>
 0004:0000df60       __acmdln                   005daf60     <common>
 0004:0000df80       __bufin                    005daf80     <common>
 0004:0000f2bc       ___piob                    005dc2bc     <common>
 0004:0000f2c0       __nstream                  005dc2c0     <common>
 0005:00000000       __imp__GetModuleHandleExW@12 005dd000     kernel32:KERNEL32.dll
 0005:00000004       __imp__OutputDebugStringA@4 005dd004     kernel32:KERNEL32.dll
 0005:00000008       __imp__ReadConsoleW@20     005dd008     kernel32:KERNEL32.dll
 0005:0000000c       __imp__SetFilePointerEx@20 005dd00c     kernel32:KERNEL32.dll
 0005:00000010       __imp__SetStdHandle@8      005dd010     kernel32:KERNEL32.dll
 0005:00000014       __imp__HeapAlloc@12        005dd014     kernel32:KERNEL32.dll
 0005:00000018       __imp__HeapQueryInformation@20 005dd018     kernel32:KERNEL32.dll
 0005:0000001c       __imp__HeapSize@12         005dd01c     kernel32:KERNEL32.dll
 0005:00000020       __imp__HeapReAlloc@16      005dd020     kernel32:KERNEL32.dll
 0005:00000024       __imp__HeapFree@12         005dd024     kernel32:KERNEL32.dll
 0005:00000028       __imp__CreateSemaphoreW@16 005dd028     kernel32:KERNEL32.dll
 0005:0000002c       __imp__GetModuleHandleW@4  005dd02c     kernel32:KERNEL32.dll
 0005:00000030       __imp__GetTickCount@0      005dd030     kernel32:KERNEL32.dll
 0005:00000034       __imp__TerminateProcess@8  005dd034     kernel32:KERNEL32.dll
 0005:00000038       __imp__GetCurrentProcess@0 005dd038     kernel32:KERNEL32.dll
 0005:0000003c       __imp__CreateEventW@16     005dd03c     kernel32:KERNEL32.dll
 0005:00000040       __imp__InitializeCriticalSectionAndSpinCount@8 005dd040     kernel32:KERNEL32.dll
 0005:00000044       __imp__SetUnhandledExceptionFilter@4 005dd044     kernel32:KERNEL32.dll
 0005:00000048       __imp__UnhandledExceptionFilter@4 005dd048     kernel32:KERNEL32.dll
 0005:0000004c       __imp__FreeEnvironmentStringsW@4 005dd04c     kernel32:KERNEL32.dll
 0005:00000050       __imp__GetEnvironmentStringsW@0 005dd050     kernel32:KERNEL32.dll
 0005:00000054       __imp__GetModuleFileNameA@12 005dd054     kernel32:KERNEL32.dll
 0005:00000058       __imp__GetProcessHeap@0    005dd058     kernel32:KERNEL32.dll
 0005:0000005c       __imp__RaiseException@16   005dd05c     kernel32:KERNEL32.dll
 0005:00000060       __imp__GetCPInfo@8         005dd060     kernel32:KERNEL32.dll
 0005:00000064       __imp__WaitForMultipleObjects@16 005dd064     kernel32:KERNEL32.dll
 0005:00000068       __imp__CreateFileW@28      005dd068     kernel32:KERNEL32.dll
 0005:0000006c       __imp__LCMapStringW@24     005dd06c     kernel32:KERNEL32.dll
 0005:00000070       __imp__CompareStringW@24   005dd070     kernel32:KERNEL32.dll
 0005:00000074       __imp__GetTimeFormatW@24   005dd074     kernel32:KERNEL32.dll
 0005:00000078       __imp__GetDateFormatW@24   005dd078     kernel32:KERNEL32.dll
 0005:0000007c       __imp__EnumSystemLocalesW@8 005dd07c     kernel32:KERNEL32.dll
 0005:00000080       __imp__GetUserDefaultLCID@0 005dd080     kernel32:KERNEL32.dll
 0005:00000084       __imp__IsValidLocale@8     005dd084     kernel32:KERNEL32.dll
 0005:00000088       __imp__GetLocaleInfoW@16   005dd088     kernel32:KERNEL32.dll
 0005:0000008c       __imp__GetStdHandle@4      005dd08c     kernel32:KERNEL32.dll
 0005:00000090       __imp__CloseHandle@4       005dd090     kernel32:KERNEL32.dll
 0005:00000094       __imp__GetLastError@0      005dd094     kernel32:KERNEL32.dll
 0005:00000098       __imp__InitializeCriticalSection@4 005dd098     kernel32:KERNEL32.dll
 0005:0000009c       __imp__EnterCriticalSection@4 005dd09c     kernel32:KERNEL32.dll
 0005:000000a0       __imp__LeaveCriticalSection@4 005dd0a0     kernel32:KERNEL32.dll
 0005:000000a4       __imp__TryEnterCriticalSection@4 005dd0a4     kernel32:KERNEL32.dll
 0005:000000a8       __imp__DeleteCriticalSection@4 005dd0a8     kernel32:KERNEL32.dll
 0005:000000ac       __imp__SetEvent@4          005dd0ac     kernel32:KERNEL32.dll
 0005:000000b0       __imp__ResetEvent@4        005dd0b0     kernel32:KERNEL32.dll
 0005:000000b4       __imp__ReleaseSemaphore@12 005dd0b4     kernel32:KERNEL32.dll
 0005:000000b8       __imp__WaitForSingleObject@8 005dd0b8     kernel32:KERNEL32.dll
 0005:000000bc       __imp__CreateEventA@16     005dd0bc     kernel32:KERNEL32.dll
 0005:000000c0       __imp__Sleep@4             005dd0c0     kernel32:KERNEL32.dll
 0005:000000c4       __imp__GetCurrentProcessId@0 005dd0c4     kernel32:KERNEL32.dll
 0005:000000c8       __imp__CreateThread@24     005dd0c8     kernel32:KERNEL32.dll
 0005:000000cc       __imp__GetCurrentThread@0  005dd0cc     kernel32:KERNEL32.dll
 0005:000000d0       __imp__GetCurrentThreadId@0 005dd0d0     kernel32:KERNEL32.dll
 0005:000000d4       __imp__SetThreadPriority@8 005dd0d4     kernel32:KERNEL32.dll
 0005:000000d8       __imp__GetThreadPriority@4 005dd0d8     kernel32:KERNEL32.dll
 0005:000000dc       __imp__ResumeThread@4      005dd0dc     kernel32:KERNEL32.dll
 0005:000000e0       __imp__TlsAlloc@0          005dd0e0     kernel32:KERNEL32.dll
 0005:000000e4       __imp__TlsGetValue@4       005dd0e4     kernel32:KERNEL32.dll
 0005:000000e8       __imp__TlsSetValue@8       005dd0e8     kernel32:KERNEL32.dll
 0005:000000ec       __imp__TlsFree@4           005dd0ec     kernel32:KERNEL32.dll
 0005:000000f0       __imp__PulseEvent@4        005dd0f0     kernel32:KERNEL32.dll
 0005:000000f4       __imp__CreateSemaphoreA@16 005dd0f4     kernel32:KERNEL32.dll
 0005:000000f8       __imp__GetConsoleScreenBufferInfo@8 005dd0f8     kernel32:KERNEL32.dll
 0005:000000fc       __imp__SetConsoleTextAttribute@8 005dd0fc     kernel32:KERNEL32.dll
 0005:00000100       __imp__GetLocalTime@4      005dd100     kernel32:KERNEL32.dll
 0005:00000104       __imp__FileTimeToSystemTime@8 005dd104     kernel32:KERNEL32.dll
 0005:00000108       __imp__SystemTimeToFileTime@8 005dd108     kernel32:KERNEL32.dll
 0005:0000010c       __imp__CreateFileA@28      005dd10c     kernel32:KERNEL32.dll
 0005:00000110       __imp__DeleteFileA@4       005dd110     kernel32:KERNEL32.dll
 0005:00000114       __imp__FileTimeToLocalFileTime@8 005dd114     kernel32:KERNEL32.dll
 0005:00000118       __imp__GetFileSize@8       005dd118     kernel32:KERNEL32.dll
 0005:0000011c       __imp__GetFileTime@16      005dd11c     kernel32:KERNEL32.dll
 0005:00000120       __imp__MoveFileExA@12      005dd120     kernel32:KERNEL32.dll
 0005:00000124       __imp__FlushFileBuffers@4  005dd124     kernel32:KERNEL32.dll
 0005:00000128       __imp__ReadFile@20         005dd128     kernel32:KERNEL32.dll
 0005:0000012c       __imp__SetFilePointer@16   005dd12c     kernel32:KERNEL32.dll
 0005:00000130       __imp__WriteFile@20        005dd130     kernel32:KERNEL32.dll
 0005:00000134       __imp__QueryPerformanceCounter@4 005dd134     kernel32:KERNEL32.dll
 0005:00000138       __imp__QueryPerformanceFrequency@4 005dd138     kernel32:KERNEL32.dll
 0005:0000013c       __imp__SetLastError@4      005dd13c     kernel32:KERNEL32.dll
 0005:00000140       __imp__FormatMessageA@28   005dd140     kernel32:KERNEL32.dll
 0005:00000144       __imp__FreeLibrary@4       005dd144     kernel32:KERNEL32.dll
 0005:00000148       __imp__GetProcAddress@8    005dd148     kernel32:KERNEL32.dll
 0005:0000014c       __imp__LoadLibraryA@4      005dd14c     kernel32:KERNEL32.dll
 0005:00000150       __imp__GetFileType@4       005dd150     kernel32:KERNEL32.dll
 0005:00000154       __imp__GetModuleFileNameW@12 005dd154     kernel32:KERNEL32.dll
 0005:00000158       __imp__GetOEMCP@0          005dd158     kernel32:KERNEL32.dll
 0005:0000015c       __imp__WriteConsoleW@20    005dd15c     kernel32:KERNEL32.dll
 0005:00000160       __imp__GetCommandLineA@0   005dd160     kernel32:KERNEL32.dll
 0005:00000164       __imp__IsDebuggerPresent@0 005dd164     kernel32:KERNEL32.dll
 0005:00000168       __imp__IsProcessorFeaturePresent@4 005dd168     kernel32:KERNEL32.dll
 0005:0000016c       __imp__RtlUnwind@16        005dd16c     kernel32:KERNEL32.dll
 0005:00000170       __imp__EncodePointer@4     005dd170     kernel32:KERNEL32.dll
 0005:00000174       __imp__DecodePointer@4     005dd174     kernel32:KERNEL32.dll
 0005:00000178       __imp__ExitProcess@4       005dd178     kernel32:KERNEL32.dll
 0005:0000017c       __imp__AreFileApisANSI@0   005dd17c     kernel32:KERNEL32.dll
 0005:00000180       __imp__MultiByteToWideChar@24 005dd180     kernel32:KERNEL32.dll
 0005:00000184       __imp__WideCharToMultiByte@32 005dd184     kernel32:KERNEL32.dll
 0005:00000188       __imp__GetSystemTimeAsFileTime@4 005dd188     kernel32:KERNEL32.dll
 0005:0000018c       __imp__SetConsoleCtrlHandler@8 005dd18c     kernel32:KERNEL32.dll
 0005:00000190       __imp__OutputDebugStringW@4 005dd190     kernel32:KERNEL32.dll
 0005:00000194       __imp__WaitForSingleObjectEx@12 005dd194     kernel32:KERNEL32.dll
 0005:00000198       __imp__LoadLibraryExW@12   005dd198     kernel32:KERNEL32.dll
 0005:0000019c       __imp__FatalAppExitA@8     005dd19c     kernel32:KERNEL32.dll
 0005:000001a0       __imp__HeapValidate@12     005dd1a0     kernel32:KERNEL32.dll
 0005:000001a4       __imp__GetSystemInfo@4     005dd1a4     kernel32:KERNEL32.dll
 0005:000001a8       __imp__GetConsoleCP@0      005dd1a8     kernel32:KERNEL32.dll
 0005:000001ac       __imp__GetConsoleMode@8    005dd1ac     kernel32:KERNEL32.dll
 0005:000001b0       __imp__GetStartupInfoW@4   005dd1b0     kernel32:KERNEL32.dll
 0005:000001b4       __imp__IsValidCodePage@4   005dd1b4     kernel32:KERNEL32.dll
 0005:000001b8       __imp__GetACP@0            005dd1b8     kernel32:KERNEL32.dll
 0005:000001bc       __imp__GetStringTypeW@16   005dd1bc     kernel32:KERNEL32.dll
 0005:000001c0       \177KERNEL32_NULL_THUNK_DATA 005dd1c0     kernel32:KERNEL32.dll
 0005:00000244       __imp__waveOutGetErrorTextA@12 005dd244     winmm:WINMM.dll
 0005:00000248       __imp__waveInGetErrorTextA@12 005dd248     winmm:WINMM.dll
 0005:0000024c       __imp__waveOutGetNumDevs@0 005dd24c     winmm:WINMM.dll
 0005:00000250       __imp__waveOutGetDevCapsA@12 005dd250     winmm:WINMM.dll
 0005:00000254       __imp__waveOutGetVolume@8  005dd254     winmm:WINMM.dll
 0005:00000258       __imp__waveOutSetVolume@8  005dd258     winmm:WINMM.dll
 0005:0000025c       __imp__waveOutOpen@24      005dd25c     winmm:WINMM.dll
 0005:00000260       __imp__waveOutClose@4      005dd260     winmm:WINMM.dll
 0005:00000264       __imp__waveOutPrepareHeader@12 005dd264     winmm:WINMM.dll
 0005:00000268       __imp__waveOutUnprepareHeader@12 005dd268     winmm:WINMM.dll
 0005:0000026c       __imp__waveOutWrite@12     005dd26c     winmm:WINMM.dll
 0005:00000270       __imp__waveOutPause@4      005dd270     winmm:WINMM.dll
 0005:00000274       __imp__waveOutRestart@4    005dd274     winmm:WINMM.dll
 0005:00000278       __imp__waveOutReset@4      005dd278     winmm:WINMM.dll
 0005:0000027c       __imp__waveInGetNumDevs@0  005dd27c     winmm:WINMM.dll
 0005:00000280       __imp__waveInGetDevCapsA@12 005dd280     winmm:WINMM.dll
 0005:00000284       __imp__waveInOpen@24       005dd284     winmm:WINMM.dll
 0005:00000288       __imp__waveInClose@4       005dd288     winmm:WINMM.dll
 0005:0000028c       __imp__waveInPrepareHeader@12 005dd28c     winmm:WINMM.dll
 0005:00000290       __imp__waveInUnprepareHeader@12 005dd290     winmm:WINMM.dll
 0005:00000294       __imp__waveInAddBuffer@12  005dd294     winmm:WINMM.dll
 0005:00000298       __imp__waveInStart@4       005dd298     winmm:WINMM.dll
 0005:0000029c       __imp__waveInStop@4        005dd29c     winmm:WINMM.dll
 0005:000002a0       __imp__waveInReset@4       005dd2a0     winmm:WINMM.dll
 0005:000002a4       \177WINMM_NULL_THUNK_DATA  005dd2a4     winmm:WINMM.dll
 0005:000002e0       __imp__select@20           005dd2e0     ws2_32:WS2_32.dll
 0005:000002e4       __imp____WSAFDIsSet@8      005dd2e4     ws2_32:WS2_32.dll
 0005:000002e8       __imp__gethostbyname@4     005dd2e8     ws2_32:WS2_32.dll
 0005:000002ec       __imp__WSASetLastError@4   005dd2ec     ws2_32:WS2_32.dll
 0005:000002f0       __imp__ioctlsocket@12      005dd2f0     ws2_32:WS2_32.dll
 0005:000002f4       __imp__WSAStringToAddressA@20 005dd2f4     ws2_32:WS2_32.dll
 0005:000002f8       __imp__WSAAddressToStringA@20 005dd2f8     ws2_32:WS2_32.dll
 0005:000002fc       __imp__WSASocketA@24       005dd2fc     ws2_32:WS2_32.dll
 0005:00000300       __imp__WSAIoctl@36         005dd300     ws2_32:WS2_32.dll
 0005:00000304       __imp__gethostname@8       005dd304     ws2_32:WS2_32.dll
 0005:00000308       __imp__shutdown@8          005dd308     ws2_32:WS2_32.dll
 0005:0000030c       __imp__setsockopt@20       005dd30c     ws2_32:WS2_32.dll
 0005:00000310       __imp__sendto@24           005dd310     ws2_32:WS2_32.dll
 0005:00000314       __imp__send@16             005dd314     ws2_32:WS2_32.dll
 0005:00000318       __imp__recvfrom@24         005dd318     ws2_32:WS2_32.dll
 0005:0000031c       __imp__recv@16             005dd31c     ws2_32:WS2_32.dll
 0005:00000320       __imp__ntohs@4             005dd320     ws2_32:WS2_32.dll
 0005:00000324       __imp__ntohl@4             005dd324     ws2_32:WS2_32.dll
 0005:00000328       __imp__listen@8            005dd328     ws2_32:WS2_32.dll
 0005:0000032c       __imp__inet_ntoa@4         005dd32c     ws2_32:WS2_32.dll
 0005:00000330       __imp__inet_addr@4         005dd330     ws2_32:WS2_32.dll
 0005:00000334       __imp__htons@4             005dd334     ws2_32:WS2_32.dll
 0005:00000338       __imp__htonl@4             005dd338     ws2_32:WS2_32.dll
 0005:0000033c       __imp__getsockopt@20       005dd33c     ws2_32:WS2_32.dll
 0005:00000340       __imp__getsockname@12      005dd340     ws2_32:WS2_32.dll
 0005:00000344       __imp__getpeername@12      005dd344     ws2_32:WS2_32.dll
 0005:00000348       __imp__connect@12          005dd348     ws2_32:WS2_32.dll
 0005:0000034c       __imp__closesocket@4       005dd34c     ws2_32:WS2_32.dll
 0005:00000350       __imp__bind@12             005dd350     ws2_32:WS2_32.dll
 0005:00000354       __imp__accept@12           005dd354     ws2_32:WS2_32.dll
 0005:00000358       __imp__WSAGetLastError@0   005dd358     ws2_32:WS2_32.dll
 0005:0000035c       __imp__WSACleanup@0        005dd35c     ws2_32:WS2_32.dll
 0005:00000360       __imp__WSAStartup@8        005dd360     ws2_32:WS2_32.dll
 0005:00000364       \177WS2_32_NULL_THUNK_DATA 005dd364     ws2_32:WS2_32.dll
 0005:000003a8       __imp__CoCreateGuid@4      005dd3a8     ole32:ole32.dll
 0005:000003ac       \177ole32_NULL_THUNK_DATA  005dd3ac     ole32:ole32.dll
 0005:000003d8       __IMPORT_DESCRIPTOR_ole32  005dd3d8     ole32:ole32.dll
 0005:000003ec       __IMPORT_DESCRIPTOR_WS2_32 005dd3ec     ws2_32:WS2_32.dll
 0005:00000400       __IMPORT_DESCRIPTOR_KERNEL32 005dd400     kernel32:KERNEL32.dll
 0005:00000414       __IMPORT_DESCRIPTOR_WINMM  005dd414     winmm:WINMM.dll
 0005:00000428       __NULL_IMPORT_DESCRIPTOR   005dd428     ole32:ole32.dll
