 strerror

 Timestamp is 54dd9841 (Fri Feb 13 14:22:57 2015)

 Preferred load address is 00400000

 Start         Length     Name                   Class
 0001:00000000 0006d731H .textbss                DATA
 0002:00000000 000e0da5H .text$mn                CODE
 0002:000e0db0 00001161H .text$x                 CODE
 0003:00000000 00000104H .CRT$XCA                DATA
 0003:00000104 00000104H .CRT$XCZ                DATA
 0003:00000208 00000104H .CRT$XIA                DATA
 0003:0000030c 00000118H .CRT$XIC                DATA
 0003:00000424 00000104H .CRT$XIY                DATA
 0003:00000528 00000104H .CRT$XIZ                DATA
 0003:0000062c 00000104H .CRT$XPA                DATA
 0003:00000730 00000109H .CRT$XPX                DATA
 0003:0000083c 00000104H .CRT$XPXA               DATA
 0003:00000940 00000104H .CRT$XPZ                DATA
 0003:00000a44 00000104H .CRT$XTA                DATA
 0003:00000b48 00000104H .CRT$XTZ                DATA
 0003:00000c50 0002c3a5H .rdata                  DATA
 0003:0002cff8 000001c9H .rdata$debug            DATA
 0003:0002d1c4 00000563H .rdata$r                DATA
 0003:0002d728 00000104H .rtc$IAA                DATA
 0003:0002d82c 00000104H .rtc$IZZ                DATA
 0003:0002d930 00000104H .rtc$TAA                DATA
 0003:0002da34 00000104H .rtc$TZZ                DATA
 0003:0002db38 00000e06H .xdata$x                DATA
 0003:0002e93e 00000000H .edata                  DATA
 0004:00000000 00007bd6H .data                   DATA
 0004:00007bd8 00000293H .data$r                 DATA
 0004:00007e80 00007c1cH .bss                    DATA
 0005:00000000 000003acH .idata$5                DATA
 0005:000003ac 00000050H .idata$2                DATA
 0005:000003fc 00000014H .idata$3                DATA
 0005:00000410 000003acH .idata$4                DATA
 0005:000007bc 00000be5H .idata$6                DATA

  Address         Publics by Value              Rva+Base       Lib:Object

 0000:00000000       ___guard_fids_count        00000000     <absolute>
 0000:00000000       ___guard_fids_table        00000000     <absolute>
 0000:00000000       ___guard_flags             00000000     <absolute>
 0000:00000000       __except_list              00000000     <absolute>
 0000:00000000       ___safe_se_handler_table   00000000     <absolute>
 0000:00000000       ___safe_se_handler_count   00000000     <absolute>
 0000:00000000       ___ImageBase               00400000     <linker-defined>
 0001:00000000       __enc$textbss$begin        00401000     <linker-defined>
 0001:0006d731       __enc$textbss$end          0046e731     <linker-defined>
 0002:00005790       _main                      00474790 f   strerror.obj
 0002:000079e0       _pjsip_evsub_accept        004769e0 f   pjsip-simple-i386-win32-vc8-debug:evsub.obj
 0002:00007d00       _pjsip_evsub_add_header    00476d00 f   pjsip-simple-i386-win32-vc8-debug:evsub.obj
 0002:00007dc0       _pjsip_evsub_create_uac    00476dc0 f   pjsip-simple-i386-win32-vc8-debug:evsub.obj
 0002:00007ee0       _pjsip_evsub_create_uas    00476ee0 f   pjsip-simple-i386-win32-vc8-debug:evsub.obj
 0002:00008290       _pjsip_evsub_current_notify 00477290 f   pjsip-simple-i386-win32-vc8-debug:evsub.obj
 0002:000082d0       _pjsip_evsub_get_allow_events_hdr 004772d0 f   pjsip-simple-i386-win32-vc8-debug:evsub.obj
 0002:00008310       _pjsip_evsub_get_mod_data  00477310 f   pjsip-simple-i386-win32-vc8-debug:evsub.obj
 0002:00008370       _pjsip_evsub_get_state     00477370 f   pjsip-simple-i386-win32-vc8-debug:evsub.obj
 0002:00008390       _pjsip_evsub_get_state_name 00477390 f   pjsip-simple-i386-win32-vc8-debug:evsub.obj
 0002:000083b0       _pjsip_evsub_get_termination_reason 004773b0 f   pjsip-simple-i386-win32-vc8-debug:evsub.obj
 0002:000083d0       _pjsip_evsub_init_module   004773d0 f   pjsip-simple-i386-win32-vc8-debug:evsub.obj
 0002:000085e0       _pjsip_evsub_initiate      004775e0 f   pjsip-simple-i386-win32-vc8-debug:evsub.obj
 0002:00008890       _pjsip_evsub_instance      00477890 f   pjsip-simple-i386-win32-vc8-debug:evsub.obj
 0002:000088f0       _pjsip_evsub_notify        004778f0 f   pjsip-simple-i386-win32-vc8-debug:evsub.obj
 0002:00008b00       _pjsip_evsub_register_pkg  00477b00 f   pjsip-simple-i386-win32-vc8-debug:evsub.obj
 0002:00008e00       _pjsip_evsub_send_request  00477e00 f   pjsip-simple-i386-win32-vc8-debug:evsub.obj
 0002:00008f90       _pjsip_evsub_set_mod_data  00477f90 f   pjsip-simple-i386-win32-vc8-debug:evsub.obj
 0002:00008ff0       _pjsip_evsub_terminate     00477ff0 f   pjsip-simple-i386-win32-vc8-debug:evsub.obj
 0002:00009090       _pjsip_get_notify_method   00478090 f   pjsip-simple-i386-win32-vc8-debug:evsub.obj
 0002:000090b0       _pjsip_get_subscribe_method 004780b0 f   pjsip-simple-i386-win32-vc8-debug:evsub.obj
 0002:00009100       _pjsip_tsx_get_evsub       00478100 f   pjsip-simple-i386-win32-vc8-debug:evsub.obj
 0002:0000a200       _pjsip_allow_events_hdr_create 00479200 f   pjsip-simple-i386-win32-vc8-debug:evsub_msg.obj
 0002:0000a270       _pjsip_event_hdr_create    00479270 f   pjsip-simple-i386-win32-vc8-debug:evsub_msg.obj
 0002:0000a310       _pjsip_evsub_init_parser   00479310 f   pjsip-simple-i386-win32-vc8-debug:evsub_msg.obj
 0002:0000a360       _pjsip_sub_state_hdr_create 00479360 f   pjsip-simple-i386-win32-vc8-debug:evsub_msg.obj
 0002:0000a420       _pjsipsimple_strerror      00479420 f   pjsip-simple-i386-win32-vc8-debug:errno.obj
 0002:0000ab70       _pjsip_endpt_acquire_transport 00479b70 f   pjsip-core-i386-win32-vc8-debug:sip_endpoint.obj
 0002:0000abb0       _pjsip_endpt_acquire_transport2 00479bb0 f   pjsip-core-i386-win32-vc8-debug:sip_endpoint.obj
 0002:0000ac00       _pjsip_endpt_add_capability 00479c00 f   pjsip-core-i386-win32-vc8-debug:sip_endpoint.obj
 0002:0000ae00       _pjsip_endpt_atexit        00479e00 f   pjsip-core-i386-win32-vc8-debug:sip_endpoint.obj
 0002:0000aed0       _pjsip_endpt_cancel_timer  00479ed0 f   pjsip-core-i386-win32-vc8-debug:sip_endpoint.obj
 0002:0000af10       _pjsip_endpt_create        00479f10 f   pjsip-core-i386-win32-vc8-debug:sip_endpoint.obj
 0002:0000b3f0       _pjsip_endpt_create_pool   0047a3f0 f   pjsip-core-i386-win32-vc8-debug:sip_endpoint.obj
 0002:0000b470       _pjsip_endpt_create_resolver 0047a470 f   pjsip-core-i386-win32-vc8-debug:sip_endpoint.obj
 0002:0000b500       _pjsip_endpt_create_tdata  0047a500 f   pjsip-core-i386-win32-vc8-debug:sip_endpoint.obj
 0002:0000b530       _pjsip_endpt_destroy       0047a530 f   pjsip-core-i386-win32-vc8-debug:sip_endpoint.obj
 0002:0000b6f0       _pjsip_endpt_dump          0047a6f0 f   pjsip-core-i386-win32-vc8-debug:sip_endpoint.obj
 0002:0000b870       _pjsip_endpt_get_capability 0047a870 f   pjsip-core-i386-win32-vc8-debug:sip_endpoint.obj
 0002:0000b960       _pjsip_endpt_get_ioqueue   0047a960 f   pjsip-core-i386-win32-vc8-debug:sip_endpoint.obj
 0002:0000b980       _pjsip_endpt_get_request_headers 0047a980 f   pjsip-core-i386-win32-vc8-debug:sip_endpoint.obj
 0002:0000b9a0       _pjsip_endpt_get_resolver  0047a9a0 f   pjsip-core-i386-win32-vc8-debug:sip_endpoint.obj
 0002:0000ba10       _pjsip_endpt_get_timer_heap 0047aa10 f   pjsip-core-i386-win32-vc8-debug:sip_endpoint.obj
 0002:0000ba30       _pjsip_endpt_get_tpmgr     0047aa30 f   pjsip-core-i386-win32-vc8-debug:sip_endpoint.obj
 0002:0000ba50       _pjsip_endpt_handle_events 0047aa50 f   pjsip-core-i386-win32-vc8-debug:sip_endpoint.obj
 0002:0000ba80       _pjsip_endpt_handle_events2 0047aa80 f   pjsip-core-i386-win32-vc8-debug:sip_endpoint.obj
 0002:0000bc40       _pjsip_endpt_has_capability 0047ac40 f   pjsip-core-i386-win32-vc8-debug:sip_endpoint.obj
 0002:0000bd10       _pjsip_endpt_log_error     0047ad10 f   pjsip-core-i386-win32-vc8-debug:sip_endpoint.obj
 0002:0000bee0       _pjsip_endpt_name          0047aee0 f   pjsip-core-i386-win32-vc8-debug:sip_endpoint.obj
 0002:0000bf00       _pjsip_endpt_process_rx_data 0047af00 f   pjsip-core-i386-win32-vc8-debug:sip_endpoint.obj
 0002:0000c1d0       _pjsip_endpt_register_module 0047b1d0 f   pjsip-core-i386-win32-vc8-debug:sip_endpoint.obj
 0002:0000c490       _pjsip_endpt_release_pool  0047b490 f   pjsip-core-i386-win32-vc8-debug:sip_endpoint.obj
 0002:0000c4c0       _pjsip_endpt_resolve       0047b4c0 f   pjsip-core-i386-win32-vc8-debug:sip_endpoint.obj
 0002:0000c500       _pjsip_endpt_schedule_timer 0047b500 f   pjsip-core-i386-win32-vc8-debug:sip_endpoint.obj
 0002:0000c540       _pjsip_endpt_set_resolver  0047b540 f   pjsip-core-i386-win32-vc8-debug:sip_endpoint.obj
 0002:0000c570       _pjsip_endpt_unregister_module 0047b570 f   pjsip-core-i386-win32-vc8-debug:sip_endpoint.obj
 0002:0000c770       _pjsip_process_rdata_param_default 0047b770 f   pjsip-core-i386-win32-vc8-debug:sip_endpoint.obj
 0002:0000f770       _pjsip_accept_hdr_create   0047e770 f   pjsip-core-i386-win32-vc8-debug:sip_msg.obj
 0002:0000f7c0       _pjsip_accept_hdr_init     0047e7c0 f   pjsip-core-i386-win32-vc8-debug:sip_msg.obj
 0002:0000f810       _pjsip_allow_hdr_create    0047e810 f   pjsip-core-i386-win32-vc8-debug:sip_msg.obj
 0002:0000f860       _pjsip_allow_hdr_init      0047e860 f   pjsip-core-i386-win32-vc8-debug:sip_msg.obj
 0002:0000f8b0       _pjsip_cid_hdr_create      0047e8b0 f   pjsip-core-i386-win32-vc8-debug:sip_msg.obj
 0002:0000f8f0       _pjsip_cid_hdr_init        0047e8f0 f   pjsip-core-i386-win32-vc8-debug:sip_msg.obj
 0002:0000f930       _pjsip_clen_hdr_create     0047e930 f   pjsip-core-i386-win32-vc8-debug:sip_msg.obj
 0002:0000f970       _pjsip_clen_hdr_init       0047e970 f   pjsip-core-i386-win32-vc8-debug:sip_msg.obj
 0002:0000f9c0       _pjsip_clone_text_data     0047e9c0 f   pjsip-core-i386-win32-vc8-debug:sip_msg.obj
 0002:0000fa20       _pjsip_contact_hdr_create  0047ea20 f   pjsip-core-i386-win32-vc8-debug:sip_msg.obj
 0002:0000fa60       _pjsip_contact_hdr_init    0047ea60 f   pjsip-core-i386-win32-vc8-debug:sip_msg.obj
 0002:0000fad0       _pjsip_cseq_hdr_create     0047ead0 f   pjsip-core-i386-win32-vc8-debug:sip_msg.obj
 0002:0000fb10       _pjsip_cseq_hdr_init       0047eb10 f   pjsip-core-i386-win32-vc8-debug:sip_msg.obj
 0002:0000fb80       _pjsip_ctype_hdr_create    0047eb80 f   pjsip-core-i386-win32-vc8-debug:sip_msg.obj
 0002:0000fbc0       _pjsip_ctype_hdr_init      0047ebc0 f   pjsip-core-i386-win32-vc8-debug:sip_msg.obj
 0002:0000fc20       _pjsip_expires_hdr_create  0047ec20 f   pjsip-core-i386-win32-vc8-debug:sip_msg.obj
 0002:0000fc70       _pjsip_expires_hdr_init    0047ec70 f   pjsip-core-i386-win32-vc8-debug:sip_msg.obj
 0002:0000fcc0       _pjsip_from_hdr_create     0047ecc0 f   pjsip-core-i386-win32-vc8-debug:sip_msg.obj
 0002:0000fd00       _pjsip_from_hdr_init       0047ed00 f   pjsip-core-i386-win32-vc8-debug:sip_msg.obj
 0002:0000fd60       _pjsip_fromto_hdr_set_from 0047ed60 f   pjsip-core-i386-win32-vc8-debug:sip_msg.obj
 0002:0000fde0       _pjsip_fromto_hdr_set_to   0047ede0 f   pjsip-core-i386-win32-vc8-debug:sip_msg.obj
 0002:0000fe60       _pjsip_generic_array_hdr_create 0047ee60 f   pjsip-core-i386-win32-vc8-debug:sip_msg.obj
 0002:0000feb0       _pjsip_generic_array_hdr_init 0047eeb0 f   pjsip-core-i386-win32-vc8-debug:sip_msg.obj
 0002:0000ff30       _pjsip_generic_int_hdr_create 0047ef30 f   pjsip-core-i386-win32-vc8-debug:sip_msg.obj
 0002:0000ff80       _pjsip_generic_int_hdr_init 0047ef80 f   pjsip-core-i386-win32-vc8-debug:sip_msg.obj
 0002:00010000       _pjsip_generic_string_hdr_create 0047f000 f   pjsip-core-i386-win32-vc8-debug:sip_msg.obj
 0002:00010050       _pjsip_generic_string_hdr_init 0047f050 f   pjsip-core-i386-win32-vc8-debug:sip_msg.obj
 0002:000100e0       _pjsip_generic_string_hdr_init2 0047f0e0 f   pjsip-core-i386-win32-vc8-debug:sip_msg.obj
 0002:00010180       _pjsip_get_ack_method      0047f180 f   pjsip-core-i386-win32-vc8-debug:sip_msg.obj
 0002:000101a0       _pjsip_get_bye_method      0047f1a0 f   pjsip-core-i386-win32-vc8-debug:sip_msg.obj
 0002:000101c0       _pjsip_get_cancel_method   0047f1c0 f   pjsip-core-i386-win32-vc8-debug:sip_msg.obj
 0002:000101e0       _pjsip_get_invite_method   0047f1e0 f   pjsip-core-i386-win32-vc8-debug:sip_msg.obj
 0002:00010200       _pjsip_get_options_method  0047f200 f   pjsip-core-i386-win32-vc8-debug:sip_msg.obj
 0002:00010220       _pjsip_get_register_method 0047f220 f   pjsip-core-i386-win32-vc8-debug:sip_msg.obj
 0002:00010240       _pjsip_get_status_text     0047f240 f   pjsip-core-i386-win32-vc8-debug:sip_msg.obj
 0002:000102b0       _pjsip_hdr_clone           0047f2b0 f   pjsip-core-i386-win32-vc8-debug:sip_msg.obj
 0002:000102f0       _pjsip_hdr_print_on        0047f2f0 f   pjsip-core-i386-win32-vc8-debug:sip_msg.obj
 0002:00010330       _pjsip_hdr_shallow_clone   0047f330 f   pjsip-core-i386-win32-vc8-debug:sip_msg.obj
 0002:00010370       _pjsip_max_fwd_hdr_create  0047f370 f   pjsip-core-i386-win32-vc8-debug:sip_msg.obj
 0002:000103c0       _pjsip_max_fwd_hdr_init    0047f3c0 f   pjsip-core-i386-win32-vc8-debug:sip_msg.obj
 0002:00010410       _pjsip_media_type_cmp      0047f410 f   pjsip-core-i386-win32-vc8-debug:sip_msg.obj
 0002:00010520       _pjsip_media_type_cp       0047f520 f   pjsip-core-i386-win32-vc8-debug:sip_msg.obj
 0002:000105f0       _pjsip_media_type_init     0047f5f0 f   pjsip-core-i386-win32-vc8-debug:sip_msg.obj
 0002:00010660       _pjsip_media_type_init2    0047f660 f   pjsip-core-i386-win32-vc8-debug:sip_msg.obj
 0002:00010700       _pjsip_media_type_print    0047f700 f   pjsip-core-i386-win32-vc8-debug:sip_msg.obj
 0002:00010730       _pjsip_method_cmp          0047f730 f   pjsip-core-i386-win32-vc8-debug:sip_msg.obj
 0002:000107b0       _pjsip_method_copy         0047f7b0 f   pjsip-core-i386-win32-vc8-debug:sip_msg.obj
 0002:00010820       _pjsip_method_init         0047f820 f   pjsip-core-i386-win32-vc8-debug:sip_msg.obj
 0002:00010860       _pjsip_method_init_np      0047f860 f   pjsip-core-i386-win32-vc8-debug:sip_msg.obj
 0002:00010930       _pjsip_method_set          0047f930 f   pjsip-core-i386-win32-vc8-debug:sip_msg.obj
 0002:000109a0       _pjsip_min_expires_hdr_create 0047f9a0 f   pjsip-core-i386-win32-vc8-debug:sip_msg.obj
 0002:000109f0       _pjsip_min_expires_hdr_init 0047f9f0 f   pjsip-core-i386-win32-vc8-debug:sip_msg.obj
 0002:00010a70       _pjsip_msg_body_clone      0047fa70 f   pjsip-core-i386-win32-vc8-debug:sip_msg.obj
 0002:00010b10       _pjsip_msg_body_copy       0047fb10 f   pjsip-core-i386-win32-vc8-debug:sip_msg.obj
 0002:00010be0       _pjsip_msg_body_create     0047fbe0 f   pjsip-core-i386-win32-vc8-debug:sip_msg.obj
 0002:00010d70       _pjsip_msg_clone           0047fd70 f   pjsip-core-i386-win32-vc8-debug:sip_msg.obj
 0002:00010ea0       _pjsip_msg_create          0047fea0 f   pjsip-core-i386-win32-vc8-debug:sip_msg.obj
 0002:00010f00       _pjsip_msg_find_hdr        0047ff00 f   pjsip-core-i386-win32-vc8-debug:sip_msg.obj
 0002:00010f70       _pjsip_msg_find_hdr_by_name 0047ff70 f   pjsip-core-i386-win32-vc8-debug:sip_msg.obj
 0002:00010ff0       _pjsip_msg_find_hdr_by_names 0047fff0 f   pjsip-core-i386-win32-vc8-debug:sip_msg.obj
 0002:00011090       _pjsip_msg_find_remove_hdr 00480090 f   pjsip-core-i386-win32-vc8-debug:sip_msg.obj
 0002:000110e0       _pjsip_msg_print           004800e0 f   pjsip-core-i386-win32-vc8-debug:sip_msg.obj
 0002:000116d0       _pjsip_print_text_body     004806d0 f   pjsip-core-i386-win32-vc8-debug:sip_msg.obj
 0002:00011720       _pjsip_require_hdr_create  00480720 f   pjsip-core-i386-win32-vc8-debug:sip_msg.obj
 0002:00011770       _pjsip_require_hdr_init    00480770 f   pjsip-core-i386-win32-vc8-debug:sip_msg.obj
 0002:000117c0       _pjsip_retry_after_hdr_create 004807c0 f   pjsip-core-i386-win32-vc8-debug:sip_msg.obj
 0002:00011810       _pjsip_retry_after_hdr_init 00480810 f   pjsip-core-i386-win32-vc8-debug:sip_msg.obj
 0002:00011880       _pjsip_route_hdr_create    00480880 f   pjsip-core-i386-win32-vc8-debug:sip_msg.obj
 0002:000118c0       _pjsip_route_hdr_init      004808c0 f   pjsip-core-i386-win32-vc8-debug:sip_msg.obj
 0002:00011920       _pjsip_routing_hdr_set_route 00480920 f   pjsip-core-i386-win32-vc8-debug:sip_msg.obj
 0002:00011990       _pjsip_routing_hdr_set_rr  00480990 f   pjsip-core-i386-win32-vc8-debug:sip_msg.obj
 0002:00011a00       _pjsip_rr_hdr_create       00480a00 f   pjsip-core-i386-win32-vc8-debug:sip_msg.obj
 0002:00011a40       _pjsip_rr_hdr_init         00480a40 f   pjsip-core-i386-win32-vc8-debug:sip_msg.obj
 0002:00011aa0       _pjsip_supported_hdr_create 00480aa0 f   pjsip-core-i386-win32-vc8-debug:sip_msg.obj
 0002:00011af0       _pjsip_supported_hdr_init  00480af0 f   pjsip-core-i386-win32-vc8-debug:sip_msg.obj
 0002:00011b40       _pjsip_to_hdr_create       00480b40 f   pjsip-core-i386-win32-vc8-debug:sip_msg.obj
 0002:00011b80       _pjsip_to_hdr_init         00480b80 f   pjsip-core-i386-win32-vc8-debug:sip_msg.obj
 0002:00011be0       _pjsip_unsupported_hdr_create 00480be0 f   pjsip-core-i386-win32-vc8-debug:sip_msg.obj
 0002:00011c30       _pjsip_unsupported_hdr_init 00480c30 f   pjsip-core-i386-win32-vc8-debug:sip_msg.obj
 0002:00011d20       _pjsip_via_hdr_create      00480d20 f   pjsip-core-i386-win32-vc8-debug:sip_msg.obj
 0002:00011d60       _pjsip_via_hdr_init        00480d60 f   pjsip-core-i386-win32-vc8-debug:sip_msg.obj
 0002:00011de0       _pjsip_warning_hdr_create  00480de0 f   pjsip-core-i386-win32-vc8-debug:sip_msg.obj
 0002:00011e90       _pjsip_warning_hdr_create_from_status 00480e90 f   pjsip-core-i386-win32-vc8-debug:sip_msg.obj
 0002:00012820       _pjsip_auth_clt_clone      00481820 f   pjsip-core-i386-win32-vc8-debug:sip_auth_client.obj
 0002:00012a20       _pjsip_auth_clt_get_prefs  00481a20 f   pjsip-core-i386-win32-vc8-debug:sip_auth_client.obj
 0002:00012aa0       _pjsip_auth_clt_init       00481aa0 f   pjsip-core-i386-win32-vc8-debug:sip_auth_client.obj
 0002:00012b70       _pjsip_auth_clt_init_req   00481b70 f   pjsip-core-i386-win32-vc8-debug:sip_auth_client.obj
 0002:00012f00       _pjsip_auth_clt_pref_dup   00481f00 f   pjsip-core-i386-win32-vc8-debug:sip_auth_client.obj
 0002:00012f50       _pjsip_auth_clt_reinit_req 00481f50 f   pjsip-core-i386-win32-vc8-debug:sip_auth_client.obj
 0002:000133c0       _pjsip_auth_clt_set_credentials 004823c0 f   pjsip-core-i386-win32-vc8-debug:sip_auth_client.obj
 0002:00013840       _pjsip_auth_clt_set_prefs  00482840 f   pjsip-core-i386-win32-vc8-debug:sip_auth_client.obj
 0002:000138f0       _pjsip_auth_create_digest  004828f0 f   pjsip-core-i386-win32-vc8-debug:sip_auth_client.obj
 0002:00013d30       _pjsip_cred_info_cmp       00482d30 f   pjsip-core-i386-win32-vc8-debug:sip_auth_client.obj
 0002:00013ec0       _pjsip_cred_info_dup       00482ec0 f   pjsip-core-i386-win32-vc8-debug:sip_auth_client.obj
 0002:000152c0       _pjsip_dlg_add_usage       004842c0 f   pjsip-core-i386-win32-vc8-debug:sip_dialog.obj
 0002:00015580       _pjsip_dlg_create_request  00484580 f   pjsip-core-i386-win32-vc8-debug:sip_dialog.obj
 0002:00015710       _pjsip_dlg_create_response 00484710 f   pjsip-core-i386-win32-vc8-debug:sip_dialog.obj
 0002:000157b0       _pjsip_dlg_create_uac      004847b0 f   pjsip-core-i386-win32-vc8-debug:sip_dialog.obj
 0002:00015f40       _pjsip_dlg_create_uas      00484f40 f   pjsip-core-i386-win32-vc8-debug:sip_dialog.obj
 0002:00016890       _pjsip_dlg_dec_lock        00485890 f   pjsip-core-i386-win32-vc8-debug:sip_dialog.obj
 0002:000169b0       _pjsip_dlg_dec_session     004859b0 f   pjsip-core-i386-win32-vc8-debug:sip_dialog.obj
 0002:00016aa0       _pjsip_dlg_fork            00485aa0 f   pjsip-core-i386-win32-vc8-debug:sip_dialog.obj
 0002:00017070       _pjsip_dlg_get_mod_data    00486070 f   pjsip-core-i386-win32-vc8-debug:sip_dialog.obj
 0002:00017120       _pjsip_dlg_get_remote_cap_hdr 00486120 f   pjsip-core-i386-win32-vc8-debug:sip_dialog.obj
 0002:00017280       _pjsip_dlg_has_usage       00486280 f   pjsip-core-i386-win32-vc8-debug:sip_dialog.obj
 0002:00017310       _pjsip_dlg_inc_lock        00486310 f   pjsip-core-i386-win32-vc8-debug:sip_dialog.obj
 0002:00017370       _pjsip_dlg_inc_session     00486370 f   pjsip-core-i386-win32-vc8-debug:sip_dialog.obj
 0002:00017470       _pjsip_dlg_modify_response 00486470 f   pjsip-core-i386-win32-vc8-debug:sip_dialog.obj
 0002:000176d0       _pjsip_dlg_on_rx_request   004866d0 f   pjsip-core-i386-win32-vc8-debug:sip_dialog.obj
 0002:00017bc0       _pjsip_dlg_on_rx_response  00486bc0 f   pjsip-core-i386-win32-vc8-debug:sip_dialog.obj
 0002:000181f0       _pjsip_dlg_on_tsx_state    004871f0 f   pjsip-core-i386-win32-vc8-debug:sip_dialog.obj
 0002:00018380       _pjsip_dlg_remote_has_cap  00487380 f   pjsip-core-i386-win32-vc8-debug:sip_dialog.obj
 0002:000184a0       _pjsip_dlg_remove_remote_cap_hdr 004874a0 f   pjsip-core-i386-win32-vc8-debug:sip_dialog.obj
 0002:000185d0       _pjsip_dlg_respond         004875d0 f   pjsip-core-i386-win32-vc8-debug:sip_dialog.obj
 0002:00018850       _pjsip_dlg_send_request    00487850 f   pjsip-core-i386-win32-vc8-debug:sip_dialog.obj
 0002:00018c50       _pjsip_dlg_send_response   00487c50 f   pjsip-core-i386-win32-vc8-debug:sip_dialog.obj
 0002:00018fe0       _pjsip_dlg_set_mod_data    00487fe0 f   pjsip-core-i386-win32-vc8-debug:sip_dialog.obj
 0002:000190a0       _pjsip_dlg_set_remote_cap_hdr 004880a0 f   pjsip-core-i386-win32-vc8-debug:sip_dialog.obj
 0002:00019270       _pjsip_dlg_set_route_set   00488270 f   pjsip-core-i386-win32-vc8-debug:sip_dialog.obj
 0002:00019380       _pjsip_dlg_set_transport   00488380 f   pjsip-core-i386-win32-vc8-debug:sip_dialog.obj
 0002:00019450       _pjsip_dlg_set_via_sent_by 00488450 f   pjsip-core-i386-win32-vc8-debug:sip_dialog.obj
 0002:00019530       _pjsip_dlg_terminate       00488530 f   pjsip-core-i386-win32-vc8-debug:sip_dialog.obj
 0002:000195f0       _pjsip_dlg_try_inc_lock    004885f0 f   pjsip-core-i386-win32-vc8-debug:sip_dialog.obj
 0002:00019670       _pjsip_dlg_update_remote_cap 00488670 f   pjsip-core-i386-win32-vc8-debug:sip_dialog.obj
 0002:000198d0       _pjsip_method_creates_dialog 004888d0 f   pjsip-core-i386-win32-vc8-debug:sip_dialog.obj
 0002:0001a910       _pjsip_rdata_get_dlg       00489910 f   pjsip-core-i386-win32-vc8-debug:sip_ua_layer.obj
 0002:0001a940       _pjsip_tsx_get_dlg         00489940 f   pjsip-core-i386-win32-vc8-debug:sip_ua_layer.obj
 0002:0001a970       _pjsip_ua_destroy          00489970 f   pjsip-core-i386-win32-vc8-debug:sip_ua_layer.obj
 0002:0001a9f0       _pjsip_ua_dump             004899f0 f   pjsip-core-i386-win32-vc8-debug:sip_ua_layer.obj
 0002:0001ac70       _pjsip_ua_find_dialog      00489c70 f   pjsip-core-i386-win32-vc8-debug:sip_ua_layer.obj
 0002:0001aea0       _pjsip_ua_get_dlg_set_count 00489ea0 f   pjsip-core-i386-win32-vc8-debug:sip_ua_layer.obj
 0002:0001af40       _pjsip_ua_get_endpt        00489f40 f   pjsip-core-i386-win32-vc8-debug:sip_ua_layer.obj
 0002:0001af90       _pjsip_ua_init_module      00489f90 f   pjsip-core-i386-win32-vc8-debug:sip_ua_layer.obj
 0002:0001b030       _pjsip_ua_instance         0048a030 f   pjsip-core-i386-win32-vc8-debug:sip_ua_layer.obj
 0002:0001b050       _pjsip_ua_register_dlg     0048a050 f   pjsip-core-i386-win32-vc8-debug:sip_ua_layer.obj
 0002:0001b350       _pjsip_ua_unregister_dlg   0048a350 f   pjsip-core-i386-win32-vc8-debug:sip_ua_layer.obj
 0002:0001dfc0       _pjsip_rdata_get_tsx       0048cfc0 f   pjsip-core-i386-win32-vc8-debug:sip_transaction.obj
 0002:0001dff0       _pjsip_role_name           0048cff0 f   pjsip-core-i386-win32-vc8-debug:sip_transaction.obj
 0002:0001e010       _pjsip_tsx_create_key      0048d010 f   pjsip-core-i386-win32-vc8-debug:sip_transaction.obj
 0002:0001e0b0       _pjsip_tsx_create_uac      0048d0b0 f   pjsip-core-i386-win32-vc8-debug:sip_transaction.obj
 0002:0001e0e0       _pjsip_tsx_create_uac2     0048d0e0 f   pjsip-core-i386-win32-vc8-debug:sip_transaction.obj
 0002:0001e5b0       _pjsip_tsx_create_uas      0048d5b0 f   pjsip-core-i386-win32-vc8-debug:sip_transaction.obj
 0002:0001e5e0       _pjsip_tsx_create_uas2     0048d5e0 f   pjsip-core-i386-win32-vc8-debug:sip_transaction.obj
 0002:0001eac0       _pjsip_tsx_layer_destroy   0048dac0 f   pjsip-core-i386-win32-vc8-debug:sip_transaction.obj
 0002:0001eb40       _pjsip_tsx_layer_dump      0048db40 f   pjsip-core-i386-win32-vc8-debug:sip_transaction.obj
 0002:0001ed10       _pjsip_tsx_layer_find_tsx  0048dd10 f   pjsip-core-i386-win32-vc8-debug:sip_transaction.obj
 0002:0001ede0       _pjsip_tsx_layer_get_tsx_count 0048dde0 f   pjsip-core-i386-win32-vc8-debug:sip_transaction.obj
 0002:0001ee80       _pjsip_tsx_layer_init_module 0048de80 f   pjsip-core-i386-win32-vc8-debug:sip_transaction.obj
 0002:0001f130       _pjsip_tsx_layer_instance  0048e130 f   pjsip-core-i386-win32-vc8-debug:sip_transaction.obj
 0002:0001f150       _pjsip_tsx_recv_msg        0048e150 f   pjsip-core-i386-win32-vc8-debug:sip_transaction.obj
 0002:0001f230       _pjsip_tsx_retransmit_no_state 0048e230 f   pjsip-core-i386-win32-vc8-debug:sip_transaction.obj
 0002:0001f2c0       _pjsip_tsx_send_msg        0048e2c0 f   pjsip-core-i386-win32-vc8-debug:sip_transaction.obj
 0002:0001f410       _pjsip_tsx_set_timeout     0048e410 f   pjsip-core-i386-win32-vc8-debug:sip_transaction.obj
 0002:0001f580       _pjsip_tsx_set_transport   0048e580 f   pjsip-core-i386-win32-vc8-debug:sip_transaction.obj
 0002:0001f660       _pjsip_tsx_state_str       0048e660 f   pjsip-core-i386-win32-vc8-debug:sip_transaction.obj
 0002:0001f680       _pjsip_tsx_stop_retransmit 0048e680 f   pjsip-core-i386-win32-vc8-debug:sip_transaction.obj
 0002:0001f7b0       _pjsip_tsx_terminate       0048e7b0 f   pjsip-core-i386-win32-vc8-debug:sip_transaction.obj
 0002:00022a60       _pjsip_name_addr_assign    00491a60 f   pjsip-core-i386-win32-vc8-debug:sip_uri.obj
 0002:00022ac0       _pjsip_name_addr_create    00491ac0 f   pjsip-core-i386-win32-vc8-debug:sip_uri.obj
 0002:00022b00       _pjsip_name_addr_init      00491b00 f   pjsip-core-i386-win32-vc8-debug:sip_uri.obj
 0002:00022b50       _pjsip_other_uri_create    00491b50 f   pjsip-core-i386-win32-vc8-debug:sip_uri.obj
 0002:00022b90       _pjsip_param_clone         00491b90 f   pjsip-core-i386-win32-vc8-debug:sip_uri.obj
 0002:00022c50       _pjsip_param_cmp           00491c50 f   pjsip-core-i386-win32-vc8-debug:sip_uri.obj
 0002:00022d30       _pjsip_param_find          00491d30 f   pjsip-core-i386-win32-vc8-debug:sip_uri.obj
 0002:00022d90       _pjsip_param_print_on      00491d90 f   pjsip-core-i386-win32-vc8-debug:sip_uri.obj
 0002:00022f40       _pjsip_param_shallow_clone 00491f40 f   pjsip-core-i386-win32-vc8-debug:sip_uri.obj
 0002:00022fe0       _pjsip_sip_uri_assign      00491fe0 f   pjsip-core-i386-win32-vc8-debug:sip_uri.obj
 0002:00023150       _pjsip_sip_uri_create      00492150 f   pjsip-core-i386-win32-vc8-debug:sip_uri.obj
 0002:000231a0       _pjsip_sip_uri_init        004921a0 f   pjsip-core-i386-win32-vc8-debug:sip_uri.obj
 0002:00023210       _pjsip_sip_uri_set_secure  00492210 f   pjsip-core-i386-win32-vc8-debug:sip_uri.obj
 0002:000233c0       _deinit_sip_parser         004923c0 f   pjsip-core-i386-win32-vc8-debug:sip_parser.obj
 0002:00024a30       _init_sip_parser           00493a30 f   pjsip-core-i386-win32-vc8-debug:sip_parser.obj
 0002:00027e70       _pjsip_concat_param_imp    00496e70 f   pjsip-core-i386-win32-vc8-debug:sip_parser.obj
 0002:00027fb0       _pjsip_find_msg            00496fb0 f   pjsip-core-i386-win32-vc8-debug:sip_parser.obj
 0002:00028330       _pjsip_parse_end_hdr_imp   00497330 f   pjsip-core-i386-win32-vc8-debug:sip_parser.obj
 0002:00028360       _pjsip_parse_generic_array_hdr_imp 00497360 f   pjsip-core-i386-win32-vc8-debug:sip_parser.obj
 0002:00028390       _pjsip_parse_hdr           00497390 f   pjsip-core-i386-win32-vc8-debug:sip_parser.obj
 0002:00028500       _pjsip_parse_headers       00497500 f   pjsip-core-i386-win32-vc8-debug:sip_parser.obj
 0002:00028810       _pjsip_parse_msg           00497810 f   pjsip-core-i386-win32-vc8-debug:sip_parser.obj
 0002:00028890       _pjsip_parse_param_imp     00497890 f   pjsip-core-i386-win32-vc8-debug:sip_parser.obj
 0002:000288e0       _pjsip_parse_rdata         004978e0 f   pjsip-core-i386-win32-vc8-debug:sip_parser.obj
 0002:00028970       _pjsip_parse_status_line   00497970 f   pjsip-core-i386-win32-vc8-debug:sip_parser.obj
 0002:00028a70       _pjsip_parse_uri           00497a70 f   pjsip-core-i386-win32-vc8-debug:sip_parser.obj
 0002:00028b90       _pjsip_parse_uri_param_imp 00497b90 f   pjsip-core-i386-win32-vc8-debug:sip_parser.obj
 0002:00028be0       _pjsip_parser_const        00497be0 f   pjsip-core-i386-win32-vc8-debug:sip_parser.obj
 0002:00028c00       _pjsip_register_hdr_parser 00497c00 f   pjsip-core-i386-win32-vc8-debug:sip_parser.obj
 0002:00028d80       _pjsip_register_uri_parser 00497d80 f   pjsip-core-i386-win32-vc8-debug:sip_parser.obj
 0002:00029130       _pjsip_resolve             00498130 f   pjsip-core-i386-win32-vc8-debug:sip_resolve.obj
 0002:00029bd0       _pjsip_resolver_create     00498bd0 f   pjsip-core-i386-win32-vc8-debug:sip_resolve.obj
 0002:00029c60       _pjsip_resolver_destroy    00498c60 f   pjsip-core-i386-win32-vc8-debug:sip_resolve.obj
 0002:00029ca0       _pjsip_resolver_get_resolver 00498ca0 f   pjsip-core-i386-win32-vc8-debug:sip_resolve.obj
 0002:00029cc0       _pjsip_resolver_set_resolver 00498cc0 f   pjsip-core-i386-win32-vc8-debug:sip_resolve.obj
 0002:0002a600       _pjsip_rx_data_clone       00499600 f   pjsip-core-i386-win32-vc8-debug:sip_transport.obj
 0002:0002aa20       _pjsip_rx_data_free_cloned 00499a20 f   pjsip-core-i386-win32-vc8-debug:sip_transport.obj
 0002:0002aaa0       _pjsip_rx_data_get_info    00499aa0 f   pjsip-core-i386-win32-vc8-debug:sip_transport.obj
 0002:0002abb0       _pjsip_tpmgr_acquire_transport 00499bb0 f   pjsip-core-i386-win32-vc8-debug:sip_transport.obj
 0002:0002abf0       _pjsip_tpmgr_acquire_transport2 00499bf0 f   pjsip-core-i386-win32-vc8-debug:sip_transport.obj
 0002:0002b010       _pjsip_tpmgr_create        0049a010 f   pjsip-core-i386-win32-vc8-debug:sip_transport.obj
 0002:0002b210       _pjsip_tpmgr_destroy       0049a210 f   pjsip-core-i386-win32-vc8-debug:sip_transport.obj
 0002:0002b460       _pjsip_tpmgr_dump_transports 0049a460 f   pjsip-core-i386-win32-vc8-debug:sip_transport.obj
 0002:0002b680       _pjsip_tpmgr_find_local_addr 0049a680 f   pjsip-core-i386-win32-vc8-debug:sip_transport.obj
 0002:0002b700       _pjsip_tpmgr_find_local_addr2 0049a700 f   pjsip-core-i386-win32-vc8-debug:sip_transport.obj
 0002:0002bca0       _pjsip_tpmgr_fla2_param_default 0049aca0 f   pjsip-core-i386-win32-vc8-debug:sip_transport.obj
 0002:0002bcd0       _pjsip_tpmgr_get_state_cb  0049acd0 f   pjsip-core-i386-win32-vc8-debug:sip_transport.obj
 0002:0002bd30       _pjsip_tpmgr_get_transport_count 0049ad30 f   pjsip-core-i386-win32-vc8-debug:sip_transport.obj
 0002:0002bdc0       _pjsip_tpmgr_receive_packet 0049adc0 f   pjsip-core-i386-win32-vc8-debug:sip_transport.obj
 0002:0002c3c0       _pjsip_tpmgr_register_tpfactory 0049b3c0 f   pjsip-core-i386-win32-vc8-debug:sip_transport.obj
 0002:0002c4a0       _pjsip_tpmgr_send_raw      0049b4a0 f   pjsip-core-i386-win32-vc8-debug:sip_transport.obj
 0002:0002c6a0       _pjsip_tpmgr_set_state_cb  0049b6a0 f   pjsip-core-i386-win32-vc8-debug:sip_transport.obj
 0002:0002c710       _pjsip_tpmgr_unregister_tpfactory 0049b710 f   pjsip-core-i386-win32-vc8-debug:sip_transport.obj
 0002:0002c7a0       _pjsip_tpselector_add_ref  0049b7a0 f   pjsip-core-i386-win32-vc8-debug:sip_transport.obj
 0002:0002c7e0       _pjsip_tpselector_dec_ref  0049b7e0 f   pjsip-core-i386-win32-vc8-debug:sip_transport.obj
 0002:0002c820       _pjsip_transport_add_ref   0049b820 f   pjsip-core-i386-win32-vc8-debug:sip_transport.obj
 0002:0002c930       _pjsip_transport_add_state_listener 0049b930 f   pjsip-core-i386-win32-vc8-debug:sip_transport.obj
 0002:0002ca80       _pjsip_transport_dec_ref   0049ba80 f   pjsip-core-i386-win32-vc8-debug:sip_transport.obj
 0002:0002cc60       _pjsip_transport_destroy   0049bc60 f   pjsip-core-i386-win32-vc8-debug:sip_transport.obj
 0002:0002cd40       _pjsip_transport_get_default_port_for_type 0049bd40 f   pjsip-core-i386-win32-vc8-debug:sip_transport.obj
 0002:0002cd70       _pjsip_transport_get_flag_from_type 0049bd70 f   pjsip-core-i386-win32-vc8-debug:sip_transport.obj
 0002:0002cda0       _pjsip_transport_get_type_desc 0049bda0 f   pjsip-core-i386-win32-vc8-debug:sip_transport.obj
 0002:0002cdd0       _pjsip_transport_get_type_from_flag 0049bdd0 f   pjsip-core-i386-win32-vc8-debug:sip_transport.obj
 0002:0002ce60       _pjsip_transport_get_type_from_name 0049be60 f   pjsip-core-i386-win32-vc8-debug:sip_transport.obj
 0002:0002cf10       _pjsip_transport_get_type_name 0049bf10 f   pjsip-core-i386-win32-vc8-debug:sip_transport.obj
 0002:0002cf40       _pjsip_transport_register  0049bf40 f   pjsip-core-i386-win32-vc8-debug:sip_transport.obj
 0002:0002d070       _pjsip_transport_register_type 0049c070 f   pjsip-core-i386-win32-vc8-debug:sip_transport.obj
 0002:0002d220       _pjsip_transport_remove_state_listener 0049c220 f   pjsip-core-i386-win32-vc8-debug:sip_transport.obj
 0002:0002d3a0       _pjsip_transport_send      0049c3a0 f   pjsip-core-i386-win32-vc8-debug:sip_transport.obj
 0002:0002d650       _pjsip_transport_shutdown  0049c650 f   pjsip-core-i386-win32-vc8-debug:sip_transport.obj
 0002:0002d7d0       _pjsip_transport_type_get_af 0049c7d0 f   pjsip-core-i386-win32-vc8-debug:sip_transport.obj
 0002:0002d810       _pjsip_tx_data_add_ref     0049c810 f   pjsip-core-i386-win32-vc8-debug:sip_transport.obj
 0002:0002d840       _pjsip_tx_data_create      0049c840 f   pjsip-core-i386-win32-vc8-debug:sip_transport.obj
 0002:0002da20       _pjsip_tx_data_dec_ref     0049ca20 f   pjsip-core-i386-win32-vc8-debug:sip_transport.obj
 0002:0002dab0       _pjsip_tx_data_encode      0049cab0 f   pjsip-core-i386-win32-vc8-debug:sip_transport.obj
 0002:0002dc70       _pjsip_tx_data_get_info    0049cc70 f   pjsip-core-i386-win32-vc8-debug:sip_transport.obj
 0002:0002dd60       _pjsip_tx_data_invalidate_msg 0049cd60 f   pjsip-core-i386-win32-vc8-debug:sip_transport.obj
 0002:0002dda0       _pjsip_tx_data_is_valid    0049cda0 f   pjsip-core-i386-win32-vc8-debug:sip_transport.obj
 0002:0002ddf0       _pjsip_tx_data_set_transport 0049cdf0 f   pjsip-core-i386-win32-vc8-debug:sip_transport.obj
 0002:0002e1e0       _pjsip_strerror            0049d1e0 f   pjsip-core-i386-win32-vc8-debug:sip_errno.obj
 0002:0002ebf0       _pjsip_tel_nb_cmp          0049dbf0 f   pjsip-core-i386-win32-vc8-debug:sip_tel_uri.obj
 0002:0002edb0       _pjsip_tel_uri_create      0049ddb0 f   pjsip-core-i386-win32-vc8-debug:sip_tel_uri.obj
 0002:0002ee00       _pjsip_tel_uri_subsys_init 0049de00 f   pjsip-core-i386-win32-vc8-debug:sip_tel_uri.obj
 0002:00030050       _pjsip_authorization_hdr_create 0049f050 f   pjsip-core-i386-win32-vc8-debug:sip_auth_msg.obj
 0002:000300b0       _pjsip_proxy_authenticate_hdr_create 0049f0b0 f   pjsip-core-i386-win32-vc8-debug:sip_auth_msg.obj
 0002:00030110       _pjsip_proxy_authorization_hdr_create 0049f110 f   pjsip-core-i386-win32-vc8-debug:sip_auth_msg.obj
 0002:00030170       _pjsip_www_authenticate_hdr_create 0049f170 f   pjsip-core-i386-win32-vc8-debug:sip_auth_msg.obj
 0002:000319b0       _pjsip_endpt_create_ack    004a09b0 f   pjsip-core-i386-win32-vc8-debug:sip_util.obj
 0002:00031d60       _pjsip_endpt_create_cancel 004a0d60 f   pjsip-core-i386-win32-vc8-debug:sip_util.obj
 0002:000321b0       _pjsip_endpt_create_request 004a11b0 f   pjsip-core-i386-win32-vc8-debug:sip_util.obj
 0002:00032590       _pjsip_endpt_create_request_from_hdr 004a1590 f   pjsip-core-i386-win32-vc8-debug:sip_util.obj
 0002:000328c0       _pjsip_endpt_create_response 004a18c0 f   pjsip-core-i386-win32-vc8-debug:sip_util.obj
 0002:00032d60       _pjsip_endpt_respond_stateless 004a1d60 f   pjsip-core-i386-win32-vc8-debug:sip_util.obj
 0002:00033000       _pjsip_endpt_send_raw      004a2000 f   pjsip-core-i386-win32-vc8-debug:sip_util.obj
 0002:00033060       _pjsip_endpt_send_raw_to_uri 004a2060 f   pjsip-core-i386-win32-vc8-debug:sip_util.obj
 0002:000332c0       _pjsip_endpt_send_request_stateless 004a22c0 f   pjsip-core-i386-win32-vc8-debug:sip_util.obj
 0002:00033450       _pjsip_endpt_send_response 004a2450 f   pjsip-core-i386-win32-vc8-debug:sip_util.obj
 0002:000335e0       _pjsip_endpt_send_response2 004a25e0 f   pjsip-core-i386-win32-vc8-debug:sip_util.obj
 0002:00033680       _pjsip_event_str           004a2680 f   pjsip-core-i386-win32-vc8-debug:sip_util.obj
 0002:000336a0       _pjsip_get_request_dest    004a26a0 f   pjsip-core-i386-win32-vc8-debug:sip_util.obj
 0002:000337c0       _pjsip_get_response_addr   004a27c0 f   pjsip-core-i386-win32-vc8-debug:sip_util.obj
 0002:00033c30       _pjsip_process_route_set   004a2c30 f   pjsip-core-i386-win32-vc8-debug:sip_util.obj
 0002:00033fd0       _pjsip_restore_strict_route_set 004a2fd0 f   pjsip-core-i386-win32-vc8-debug:sip_util.obj
 0002:00034110       _pjsip_target_assign_status 004a3110 f   pjsip-core-i386-win32-vc8-debug:sip_util.obj
 0002:000341c0       _pjsip_target_set_add_from_msg 004a31c0 f   pjsip-core-i386-win32-vc8-debug:sip_util.obj
 0002:000342e0       _pjsip_target_set_add_uri  004a32e0 f   pjsip-core-i386-win32-vc8-debug:sip_util.obj
 0002:00034460       _pjsip_target_set_get_next 004a3460 f   pjsip-core-i386-win32-vc8-debug:sip_util.obj
 0002:00034500       _pjsip_target_set_set_current 004a3500 f   pjsip-core-i386-win32-vc8-debug:sip_util.obj
 0002:00035d80       _pjsip_auth_deinit_parser  004a4d80 f   pjsip-core-i386-win32-vc8-debug:sip_auth_parser.obj
 0002:00035da0       _pjsip_auth_init_parser    004a4da0 f   pjsip-core-i386-win32-vc8-debug:sip_auth_parser.obj
 0002:00035fd0       _pjsip_endpt_respond       004a4fd0 f   pjsip-core-i386-win32-vc8-debug:sip_util_statefull.obj
 0002:000361d0       _pjsip_endpt_send_request  004a51d0 f   pjsip-core-i386-win32-vc8-debug:sip_util_statefull.obj
 0002:00036fa0       _pjsip_multipart_add_part  004a5fa0 f   pjsip-core-i386-win32-vc8-debug:sip_multipart.obj
 0002:000370f0       _pjsip_multipart_clone_part 004a60f0 f   pjsip-core-i386-win32-vc8-debug:sip_multipart.obj
 0002:00037190       _pjsip_multipart_create    004a6190 f   pjsip-core-i386-win32-vc8-debug:sip_multipart.obj
 0002:00037380       _pjsip_multipart_create_part 004a6380 f   pjsip-core-i386-win32-vc8-debug:sip_multipart.obj
 0002:000373c0       _pjsip_multipart_find_part 004a63c0 f   pjsip-core-i386-win32-vc8-debug:sip_multipart.obj
 0002:000374e0       _pjsip_multipart_get_first_part 004a64e0 f   pjsip-core-i386-win32-vc8-debug:sip_multipart.obj
 0002:000375b0       _pjsip_multipart_get_next_part 004a65b0 f   pjsip-core-i386-win32-vc8-debug:sip_multipart.obj
 0002:000376f0       _pjsip_multipart_parse     004a66f0 f   pjsip-core-i386-win32-vc8-debug:sip_multipart.obj
 0002:00037ff0       _pjmedia_endpt_atexit      004a6ff0 f   pjmedia-i386-win32-vc8-debug:endpoint.obj
 0002:000380c0       _pjmedia_endpt_create      004a70c0 f   pjmedia-i386-win32-vc8-debug:endpoint.obj
 0002:00038470       _pjmedia_endpt_create_audio_sdp 004a7470 f   pjmedia-i386-win32-vc8-debug:endpoint.obj
 0002:00038ce0       _pjmedia_endpt_create_base_sdp 004a7ce0 f   pjmedia-i386-win32-vc8-debug:endpoint.obj
 0002:00038f70       _pjmedia_endpt_create_pool 004a7f70 f   pjmedia-i386-win32-vc8-debug:endpoint.obj
 0002:00038fe0       _pjmedia_endpt_create_sdp  004a7fe0 f   pjmedia-i386-win32-vc8-debug:endpoint.obj
 0002:00039170       _pjmedia_endpt_destroy     004a8170 f   pjmedia-i386-win32-vc8-debug:endpoint.obj
 0002:00039260       _pjmedia_endpt_dump        004a8260 f   pjmedia-i386-win32-vc8-debug:endpoint.obj
 0002:000395f0       _pjmedia_endpt_get_codec_mgr 004a85f0 f   pjmedia-i386-win32-vc8-debug:endpoint.obj
 0002:00039610       _pjmedia_endpt_get_flag    004a8610 f   pjmedia-i386-win32-vc8-debug:endpoint.obj
 0002:000396a0       _pjmedia_endpt_get_ioqueue 004a86a0 f   pjmedia-i386-win32-vc8-debug:endpoint.obj
 0002:00039700       _pjmedia_endpt_get_thread  004a8700 f   pjmedia-i386-win32-vc8-debug:endpoint.obj
 0002:000397b0       _pjmedia_endpt_get_thread_count 004a87b0 f   pjmedia-i386-win32-vc8-debug:endpoint.obj
 0002:00039810       _pjmedia_endpt_set_flag    004a8810 f   pjmedia-i386-win32-vc8-debug:endpoint.obj
 0002:000398a0       _pjmedia_endpt_stop_threads 004a88a0 f   pjmedia-i386-win32-vc8-debug:endpoint.obj
 0002:00039af0       _pjmedia_codec_info_to_id  004a8af0 f   pjmedia-i386-win32-vc8-debug:codec.obj
 0002:00039bd0       _pjmedia_codec_mgr_alloc_codec 004a8bd0 f   pjmedia-i386-win32-vc8-debug:codec.obj
 0002:00039d10       _pjmedia_codec_mgr_dealloc_codec 004a8d10 f   pjmedia-i386-win32-vc8-debug:codec.obj
 0002:00039da0       _pjmedia_codec_mgr_destroy 004a8da0 f   pjmedia-i386-win32-vc8-debug:codec.obj
 0002:00039f10       _pjmedia_codec_mgr_enum_codecs 004a8f10 f   pjmedia-i386-win32-vc8-debug:codec.obj
 0002:0003a060       _pjmedia_codec_mgr_find_codecs_by_id 004a9060 f   pjmedia-i386-win32-vc8-debug:codec.obj
 0002:0003a200       _pjmedia_codec_mgr_get_codec_info 004a9200 f   pjmedia-i386-win32-vc8-debug:codec.obj
 0002:0003a320       _pjmedia_codec_mgr_get_default_param 004a9320 f   pjmedia-i386-win32-vc8-debug:codec.obj
 0002:0003a5a0       _pjmedia_codec_mgr_init    004a95a0 f   pjmedia-i386-win32-vc8-debug:codec.obj
 0002:0003a6b0       _pjmedia_codec_mgr_register_factory 004a96b0 f   pjmedia-i386-win32-vc8-debug:codec.obj
 0002:0003a970       _pjmedia_codec_mgr_set_codec_priority 004a9970 f   pjmedia-i386-win32-vc8-debug:codec.obj
 0002:0003aac0       _pjmedia_codec_mgr_set_default_param 004a9ac0 f   pjmedia-i386-win32-vc8-debug:codec.obj
 0002:0003ad70       _pjmedia_codec_mgr_unregister_factory 004a9d70 f   pjmedia-i386-win32-vc8-debug:codec.obj
 0002:0003af30       _pjmedia_codec_param_clone 004a9f30 f   pjmedia-i386-win32-vc8-debug:codec.obj
 0002:0003bf80       _pjmedia_sdp_attr_add      004aaf80 f   pjmedia-i386-win32-vc8-debug:sdp.obj
 0002:0003c060       _pjmedia_sdp_attr_clone    004ab060 f   pjmedia-i386-win32-vc8-debug:sdp.obj
 0002:0003c110       _pjmedia_sdp_attr_create   004ab110 f   pjmedia-i386-win32-vc8-debug:sdp.obj
 0002:0003c1e0       _pjmedia_sdp_attr_create_rtcp 004ab1e0 f   pjmedia-i386-win32-vc8-debug:sdp.obj
 0002:0003c360       _pjmedia_sdp_attr_find     004ab360 f   pjmedia-i386-win32-vc8-debug:sdp.obj
 0002:0003c430       _pjmedia_sdp_attr_find2    004ab430 f   pjmedia-i386-win32-vc8-debug:sdp.obj
 0002:0003c480       _pjmedia_sdp_attr_get_fmtp 004ab480 f   pjmedia-i386-win32-vc8-debug:sdp.obj
 0002:0003c5c0       _pjmedia_sdp_attr_get_rtcp 004ab5c0 f   pjmedia-i386-win32-vc8-debug:sdp.obj
 0002:0003c7d0       _pjmedia_sdp_attr_get_rtpmap 004ab7d0 f   pjmedia-i386-win32-vc8-debug:sdp.obj
 0002:0003cb40       _pjmedia_sdp_attr_remove   004abb40 f   pjmedia-i386-win32-vc8-debug:sdp.obj
 0002:0003cc50       _pjmedia_sdp_attr_remove_all 004abc50 f   pjmedia-i386-win32-vc8-debug:sdp.obj
 0002:0003cd70       _pjmedia_sdp_attr_to_rtpmap 004abd70 f   pjmedia-i386-win32-vc8-debug:sdp.obj
 0002:0003ce60       _pjmedia_sdp_bandw_clone   004abe60 f   pjmedia-i386-win32-vc8-debug:sdp.obj
 0002:0003ced0       _pjmedia_sdp_conn_clone    004abed0 f   pjmedia-i386-win32-vc8-debug:sdp.obj
 0002:0003cf90       _pjmedia_sdp_media_add_attr 004abf90 f   pjmedia-i386-win32-vc8-debug:sdp.obj
 0002:0003cfd0       _pjmedia_sdp_media_clone   004abfd0 f   pjmedia-i386-win32-vc8-debug:sdp.obj
 0002:0003d330       _pjmedia_sdp_media_clone_deactivate 004ac330 f   pjmedia-i386-win32-vc8-debug:sdp.obj
 0002:0003d5c0       _pjmedia_sdp_media_deactivate 004ac5c0 f   pjmedia-i386-win32-vc8-debug:sdp.obj
 0002:0003d630       _pjmedia_sdp_media_find_attr 004ac630 f   pjmedia-i386-win32-vc8-debug:sdp.obj
 0002:0003d6c0       _pjmedia_sdp_media_find_attr2 004ac6c0 f   pjmedia-i386-win32-vc8-debug:sdp.obj
 0002:0003d750       _pjmedia_sdp_media_remove_all_attr 004ac750 f   pjmedia-i386-win32-vc8-debug:sdp.obj
 0002:0003d790       _pjmedia_sdp_media_remove_attr 004ac790 f   pjmedia-i386-win32-vc8-debug:sdp.obj
 0002:0003d7d0       _pjmedia_sdp_parse         004ac7d0 f   pjmedia-i386-win32-vc8-debug:sdp.obj
 0002:0003de50       _pjmedia_sdp_print         004ace50 f   pjmedia-i386-win32-vc8-debug:sdp.obj
 0002:0003de80       _pjmedia_sdp_rtpmap_to_attr 004ace80 f   pjmedia-i386-win32-vc8-debug:sdp.obj
 0002:0003e100       _pjmedia_sdp_session_add_attr 004ad100 f   pjmedia-i386-win32-vc8-debug:sdp.obj
 0002:0003e140       _pjmedia_sdp_session_clone 004ad140 f   pjmedia-i386-win32-vc8-debug:sdp.obj
 0002:0003e480       _pjmedia_sdp_transport_cmp 004ad480 f   pjmedia-i386-win32-vc8-debug:sdp.obj
 0002:0003e530       _pjmedia_sdp_validate      004ad530 f   pjmedia-i386-win32-vc8-debug:sdp.obj
 0002:0003e560       _pjmedia_sdp_validate2     004ad560 f   pjmedia-i386-win32-vc8-debug:sdp.obj
 0002:0003f450       _pjmedia_strerror          004ae450 f   pjmedia-i386-win32-vc8-debug:errno.obj
 0002:00041600       _get_libsrtp_errstr        004b0600 f   pjmedia-i386-win32-vc8-debug:transport_srtp.obj
 0002:00041b70       _pjmedia_srtp_init_lib     004b0b70 f   pjmedia-i386-win32-vc8-debug:transport_srtp.obj
 0002:00041c40       _pjmedia_srtp_setting_default 004b0c40 f   pjmedia-i386-win32-vc8-debug:transport_srtp.obj
 0002:00041ff0       _pjmedia_transport_srtp_create 004b0ff0 f   pjmedia-i386-win32-vc8-debug:transport_srtp.obj
 0002:000423d0       _pjmedia_transport_srtp_decrypt_pkt 004b13d0 f   pjmedia-i386-win32-vc8-debug:transport_srtp.obj
 0002:00042620       _pjmedia_transport_srtp_get_member 004b1620 f   pjmedia-i386-win32-vc8-debug:transport_srtp.obj
 0002:00042690       _pjmedia_transport_srtp_start 004b1690 f   pjmedia-i386-win32-vc8-debug:transport_srtp.obj
 0002:00043130       _pjmedia_transport_srtp_stop 004b2130 f   pjmedia-i386-win32-vc8-debug:transport_srtp.obj
 0002:00043890       _pjnath_init               004b2890 f   pjnath-i386-win32-vc8-debug:errno.obj
 0002:00043940       _pjnath_perror             004b2940 f   pjnath-i386-win32-vc8-debug:errno.obj
 0002:00045670       _pj_stun_attr_clone        004b4670 f   pjnath-i386-win32-vc8-debug:stun_msg.obj
 0002:00045740       _pj_stun_binary_attr_create 004b4740 f   pjnath-i386-win32-vc8-debug:stun_msg.obj
 0002:00045800       _pj_stun_binary_attr_init  004b4800 f   pjnath-i386-win32-vc8-debug:stun_msg.obj
 0002:000458f0       _pj_stun_empty_attr_create 004b48f0 f   pjnath-i386-win32-vc8-debug:stun_msg.obj
 0002:00045990       _pj_stun_errcode_attr_create 004b4990 f   pjnath-i386-win32-vc8-debug:stun_msg.obj
 0002:00045af0       _pj_stun_get_attr_name     004b4af0 f   pjnath-i386-win32-vc8-debug:stun_msg.obj
 0002:00045b40       _pj_stun_get_class_name    004b4b40 f   pjnath-i386-win32-vc8-debug:stun_msg.obj
 0002:00045bd0       _pj_stun_get_err_reason    004b4bd0 f   pjnath-i386-win32-vc8-debug:stun_msg.obj
 0002:00045cb0       _pj_stun_get_method_name   004b4cb0 f   pjnath-i386-win32-vc8-debug:stun_msg.obj
 0002:00045cf0       _pj_stun_msg_add_attr      004b4cf0 f   pjnath-i386-win32-vc8-debug:stun_msg.obj
 0002:00045dd0       _pj_stun_msg_add_binary_attr 004b4dd0 f   pjnath-i386-win32-vc8-debug:stun_msg.obj
 0002:00045e40       _pj_stun_msg_add_empty_attr 004b4e40 f   pjnath-i386-win32-vc8-debug:stun_msg.obj
 0002:00045ea0       _pj_stun_msg_add_errcode_attr 004b4ea0 f   pjnath-i386-win32-vc8-debug:stun_msg.obj
 0002:00045f00       _pj_stun_msg_add_msgint_attr 004b4f00 f   pjnath-i386-win32-vc8-debug:stun_msg.obj
 0002:00045f60       _pj_stun_msg_add_sockaddr_attr 004b4f60 f   pjnath-i386-win32-vc8-debug:stun_msg.obj
 0002:00045fd0       _pj_stun_msg_add_string_attr 004b4fd0 f   pjnath-i386-win32-vc8-debug:stun_msg.obj
 0002:00046030       _pj_stun_msg_add_uint64_attr 004b5030 f   pjnath-i386-win32-vc8-debug:stun_msg.obj
 0002:00046090       _pj_stun_msg_add_uint_attr 004b5090 f   pjnath-i386-win32-vc8-debug:stun_msg.obj
 0002:000460f0       _pj_stun_msg_add_unknown_attr 004b50f0 f   pjnath-i386-win32-vc8-debug:stun_msg.obj
 0002:00046150       _pj_stun_msg_check         004b5150 f   pjnath-i386-win32-vc8-debug:stun_msg.obj
 0002:00046330       _pj_stun_msg_clone         004b5330 f   pjnath-i386-win32-vc8-debug:stun_msg.obj
 0002:00046450       _pj_stun_msg_create        004b5450 f   pjnath-i386-win32-vc8-debug:stun_msg.obj
 0002:00046500       _pj_stun_msg_create_response 004b5500 f   pjnath-i386-win32-vc8-debug:stun_msg.obj
 0002:00046670       _pj_stun_msg_decode        004b5670 f   pjnath-i386-win32-vc8-debug:stun_msg.obj
 0002:00046e70       _pj_stun_msg_encode        004b5e70 f   pjnath-i386-win32-vc8-debug:stun_msg.obj
 0002:00047580       _pj_stun_msg_find_attr     004b6580 f   pjnath-i386-win32-vc8-debug:stun_msg.obj
 0002:00047620       _pj_stun_msg_init          004b6620 f   pjnath-i386-win32-vc8-debug:stun_msg.obj
 0002:00047760       _pj_stun_msgint_attr_create 004b6760 f   pjnath-i386-win32-vc8-debug:stun_msg.obj
 0002:00047800       _pj_stun_set_padding_char  004b6800 f   pjnath-i386-win32-vc8-debug:stun_msg.obj
 0002:00047830       _pj_stun_sockaddr_attr_create 004b6830 f   pjnath-i386-win32-vc8-debug:stun_msg.obj
 0002:000478e0       _pj_stun_sockaddr_attr_init 004b68e0 f   pjnath-i386-win32-vc8-debug:stun_msg.obj
 0002:00047a00       _pj_stun_string_attr_create 004b6a00 f   pjnath-i386-win32-vc8-debug:stun_msg.obj
 0002:00047ab0       _pj_stun_string_attr_init  004b6ab0 f   pjnath-i386-win32-vc8-debug:stun_msg.obj
 0002:00047b20       _pj_stun_uint64_attr_create 004b6b20 f   pjnath-i386-win32-vc8-debug:stun_msg.obj
 0002:00047bf0       _pj_stun_uint_attr_create  004b6bf0 f   pjnath-i386-win32-vc8-debug:stun_msg.obj
 0002:00047ca0       _pj_stun_unknown_attr_create 004b6ca0 f   pjnath-i386-win32-vc8-debug:stun_msg.obj
 0002:00047da0       _pjlib_util_init           004b6da0 f   pjlib-util-i386-win32-vc8-debug:errno.obj
 0002:00047e00       _pjlib_util_strerror       004b6e00 f   pjlib-util-i386-win32-vc8-debug:errno.obj
 0002:00047fc0       _pj_cis_add_alpha          004b6fc0 f   pjlib-util-i386-win32-vc8-debug:scanner.obj
 0002:00048000       _pj_cis_add_cis            004b7000 f   pjlib-util-i386-win32-vc8-debug:scanner.obj
 0002:00048090       _pj_cis_add_num            004b7090 f   pjlib-util-i386-win32-vc8-debug:scanner.obj
 0002:000480c0       _pj_cis_add_range          004b70c0 f   pjlib-util-i386-win32-vc8-debug:scanner.obj
 0002:00048140       _pj_cis_add_str            004b7140 f   pjlib-util-i386-win32-vc8-debug:scanner.obj
 0002:000481b0       _pj_cis_buf_init           004b71b0 f   pjlib-util-i386-win32-vc8-debug:scanner.obj
 0002:000481f0       _pj_cis_del_range          004b71f0 f   pjlib-util-i386-win32-vc8-debug:scanner.obj
 0002:00048250       _pj_cis_del_str            004b7250 f   pjlib-util-i386-win32-vc8-debug:scanner.obj
 0002:000482c0       _pj_cis_dup                004b72c0 f   pjlib-util-i386-win32-vc8-debug:scanner.obj
 0002:000483b0       _pj_cis_init               004b73b0 f   pjlib-util-i386-win32-vc8-debug:scanner.obj
 0002:00048450       _pj_cis_invert             004b7450 f   pjlib-util-i386-win32-vc8-debug:scanner.obj
 0002:00048610       _pj_scan_advance_n         004b7610 f   pjlib-util-i386-win32-vc8-debug:scanner.obj
 0002:00048690       _pj_scan_fini              004b7690 f   pjlib-util-i386-win32-vc8-debug:scanner.obj
 0002:000486c0       _pj_scan_get               004b76c0 f   pjlib-util-i386-win32-vc8-debug:scanner.obj
 0002:000487c0       _pj_scan_get_char          004b77c0 f   pjlib-util-i386-win32-vc8-debug:scanner.obj
 0002:00048840       _pj_scan_get_n             004b7840 f   pjlib-util-i386-win32-vc8-debug:scanner.obj
 0002:000488e0       _pj_scan_get_newline       004b78e0 f   pjlib-util-i386-win32-vc8-debug:scanner.obj
 0002:000489a0       _pj_scan_get_quote         004b79a0 f   pjlib-util-i386-win32-vc8-debug:scanner.obj
 0002:000489f0       _pj_scan_get_quotes        004b79f0 f   pjlib-util-i386-win32-vc8-debug:scanner.obj
 0002:00048c10       _pj_scan_get_unescape      004b7c10 f   pjlib-util-i386-win32-vc8-debug:scanner.obj
 0002:00048ec0       _pj_scan_get_until         004b7ec0 f   pjlib-util-i386-win32-vc8-debug:scanner.obj
 0002:00048f90       _pj_scan_get_until_ch      004b7f90 f   pjlib-util-i386-win32-vc8-debug:scanner.obj
 0002:00049050       _pj_scan_get_until_chr     004b8050 f   pjlib-util-i386-win32-vc8-debug:scanner.obj
 0002:00049140       _pj_scan_init              004b8140 f   pjlib-util-i386-win32-vc8-debug:scanner.obj
 0002:000491e0       _pj_scan_peek              004b81e0 f   pjlib-util-i386-win32-vc8-debug:scanner.obj
 0002:00049280       _pj_scan_peek_n            004b8280 f   pjlib-util-i386-win32-vc8-debug:scanner.obj
 0002:000492f0       _pj_scan_peek_until        004b82f0 f   pjlib-util-i386-win32-vc8-debug:scanner.obj
 0002:00049390       _pj_scan_restore_state     004b8390 f   pjlib-util-i386-win32-vc8-debug:scanner.obj
 0002:000493d0       _pj_scan_save_state        004b83d0 f   pjlib-util-i386-win32-vc8-debug:scanner.obj
 0002:00049410       _pj_scan_skip_line         004b8410 f   pjlib-util-i386-win32-vc8-debug:scanner.obj
 0002:00049490       _pj_scan_skip_whitespace   004b8490 f   pjlib-util-i386-win32-vc8-debug:scanner.obj
 0002:000496f0       _pj_scan_strcmp            004b86f0 f   pjlib-util-i386-win32-vc8-debug:scanner.obj
 0002:00049750       _pj_scan_stricmp           004b8750 f   pjlib-util-i386-win32-vc8-debug:scanner.obj
 0002:000497b0       _pj_scan_stricmp_alnum     004b87b0 f   pjlib-util-i386-win32-vc8-debug:scanner.obj
 0002:00049970       _pj_str_unescape           004b8970 f   pjlib-util-i386-win32-vc8-debug:string.obj
 0002:00049b10       _pj_strcpy_unescape        004b8b10 f   pjlib-util-i386-win32-vc8-debug:string.obj
 0002:00049c00       _pj_strncpy2_escape        004b8c00 f   pjlib-util-i386-win32-vc8-debug:string.obj
 0002:00049d40       _pj_strncpy_escape         004b8d40 f   pjlib-util-i386-win32-vc8-debug:string.obj
 0002:0004ad30       _pj_dns_parse_a_response   004b9d30 f   pjlib-util-i386-win32-vc8-debug:resolver.obj
 0002:0004b1b0       _pj_dns_resolver_add_entry 004ba1b0 f   pjlib-util-i386-win32-vc8-debug:resolver.obj
 0002:0004b510       _pj_dns_resolver_cancel_query 004ba510 f   pjlib-util-i386-win32-vc8-debug:resolver.obj
 0002:0004b5e0       _pj_dns_resolver_create    004ba5e0 f   pjlib-util-i386-win32-vc8-debug:resolver.obj
 0002:0004b870       _pj_dns_resolver_destroy   004ba870 f   pjlib-util-i386-win32-vc8-debug:resolver.obj
 0002:0004bb60       _pj_dns_resolver_dump      004bab60 f   pjlib-util-i386-win32-vc8-debug:resolver.obj
 0002:0004bff0       _pj_dns_resolver_get_cached_count 004baff0 f   pjlib-util-i386-win32-vc8-debug:resolver.obj
 0002:0004c090       _pj_dns_resolver_get_settings 004bb090 f   pjlib-util-i386-win32-vc8-debug:resolver.obj
 0002:0004c140       _pj_dns_resolver_handle_events 004bb140 f   pjlib-util-i386-win32-vc8-debug:resolver.obj
 0002:0004c1e0       _pj_dns_resolver_set_ns    004bb1e0 f   pjlib-util-i386-win32-vc8-debug:resolver.obj
 0002:0004c3f0       _pj_dns_resolver_set_settings 004bb3f0 f   pjlib-util-i386-win32-vc8-debug:resolver.obj
 0002:0004c4a0       _pj_dns_resolver_start_query 004bb4a0 f   pjlib-util-i386-win32-vc8-debug:resolver.obj
 0002:0004cb30       _pj_dns_settings_default   004bbb30 f   pjlib-util-i386-win32-vc8-debug:resolver.obj
 0002:0004f0b0       _pj_md5_final              004be0b0 f   pjlib-util-i386-win32-vc8-debug:md5.obj
 0002:0004f200       _pj_md5_init               004be200 f   pjlib-util-i386-win32-vc8-debug:md5.obj
 0002:0004f2a0       _pj_md5_update             004be2a0 f   pjlib-util-i386-win32-vc8-debug:md5.obj
 0002:00050280       _pj_dns_get_type_name      004bf280 f   pjlib-util-i386-win32-vc8-debug:dns.obj
 0002:00050380       _pj_dns_init_a_rr          004bf380 f   pjlib-util-i386-win32-vc8-debug:dns.obj
 0002:000503f0       _pj_dns_init_cname_rr      004bf3f0 f   pjlib-util-i386-win32-vc8-debug:dns.obj
 0002:00050470       _pj_dns_init_srv_rr        004bf470 f   pjlib-util-i386-win32-vc8-debug:dns.obj
 0002:00050510       _pj_dns_make_query         004bf510 f   pjlib-util-i386-win32-vc8-debug:dns.obj
 0002:00050780       _pj_dns_packet_dup         004bf780 f   pjlib-util-i386-win32-vc8-debug:dns.obj
 0002:00050bd0       _pj_dns_parse_packet       004bfbd0 f   pjlib-util-i386-win32-vc8-debug:dns.obj
 0002:00052620       _pj_dns_srv_cancel_query   004c1620 f   pjlib-util-i386-win32-vc8-debug:srv_resolver.obj
 0002:00052740       _pj_dns_srv_resolve        004c1740 f   pjlib-util-i386-win32-vc8-debug:srv_resolver.obj
 0002:00052da0       _pj_base64_decode          004c1da0 f   pjlib-util-i386-win32-vc8-debug:base64.obj
 0002:00053110       _pj_base64_encode          004c2110 f   pjlib-util-i386-win32-vc8-debug:base64.obj
 0002:00053340       _pj_crc32_calc             004c2340 f   pjlib-util-i386-win32-vc8-debug:crc32.obj
 0002:00053390       _pj_crc32_final            004c2390 f   pjlib-util-i386-win32-vc8-debug:crc32.obj
 0002:000533b0       _pj_crc32_init             004c23b0 f   pjlib-util-i386-win32-vc8-debug:crc32.obj
 0002:000533d0       _pj_crc32_update           004c23d0 f   pjlib-util-i386-win32-vc8-debug:crc32.obj
 0002:00053590       _pj_hmac_sha1              004c2590 f   pjlib-util-i386-win32-vc8-debug:hmac_sha1.obj
 0002:00053620       _pj_hmac_sha1_final        004c2620 f   pjlib-util-i386-win32-vc8-debug:hmac_sha1.obj
 0002:000536a0       _pj_hmac_sha1_init         004c26a0 f   pjlib-util-i386-win32-vc8-debug:hmac_sha1.obj
 0002:00053810       _pj_hmac_sha1_update       004c2810 f   pjlib-util-i386-win32-vc8-debug:hmac_sha1.obj
 0002:000584b0       _pj_sha1_final             004c74b0 f   pjlib-util-i386-win32-vc8-debug:sha1.obj
 0002:00058670       _pj_sha1_init              004c7670 f   pjlib-util-i386-win32-vc8-debug:sha1.obj
 0002:00058730       _pj_sha1_update            004c7730 f   pjlib-util-i386-win32-vc8-debug:sha1.obj
 0002:00058a70       _pj_atexit                 004c7a70 f   pjlib-i386-win32-vc8-debug:os_core_win32.obj
 0002:00058ac0       _pj_atomic_add             004c7ac0 f   pjlib-i386-win32-vc8-debug:os_core_win32.obj
 0002:00058ae0       _pj_atomic_add_and_get     004c7ae0 f   pjlib-i386-win32-vc8-debug:os_core_win32.obj
 0002:00058b10       _pj_atomic_create          004c7b10 f   pjlib-i386-win32-vc8-debug:os_core_win32.obj
 0002:00058b60       _pj_atomic_dec             004c7b60 f   pjlib-i386-win32-vc8-debug:os_core_win32.obj
 0002:00058b90       _pj_atomic_dec_and_get     004c7b90 f   pjlib-i386-win32-vc8-debug:os_core_win32.obj
 0002:00058bd0       _pj_atomic_destroy         004c7bd0 f   pjlib-i386-win32-vc8-debug:os_core_win32.obj
 0002:00058c30       _pj_atomic_get             004c7c30 f   pjlib-i386-win32-vc8-debug:os_core_win32.obj
 0002:00058ca0       _pj_atomic_inc             004c7ca0 f   pjlib-i386-win32-vc8-debug:os_core_win32.obj
 0002:00058cd0       _pj_atomic_inc_and_get     004c7cd0 f   pjlib-i386-win32-vc8-debug:os_core_win32.obj
 0002:00058d20       _pj_atomic_set             004c7d20 f   pjlib-i386-win32-vc8-debug:os_core_win32.obj
 0002:00058e10       _pj_enter_critical_section 004c7e10 f   pjlib-i386-win32-vc8-debug:os_core_win32.obj
 0002:00058e40       _pj_event_create           004c7e40 f   pjlib-i386-win32-vc8-debug:os_core_win32.obj
 0002:00059030       _pj_event_destroy          004c8030 f   pjlib-i386-win32-vc8-debug:os_core_win32.obj
 0002:00059120       _pj_event_pulse            004c8120 f   pjlib-i386-win32-vc8-debug:os_core_win32.obj
 0002:00059210       _pj_event_reset            004c8210 f   pjlib-i386-win32-vc8-debug:os_core_win32.obj
 0002:00059300       _pj_event_set              004c8300 f   pjlib-i386-win32-vc8-debug:os_core_win32.obj
 0002:000593f0       _pj_event_trywait          004c83f0 f   pjlib-i386-win32-vc8-debug:os_core_win32.obj
 0002:00059460       _pj_event_wait             004c8460 f   pjlib-i386-win32-vc8-debug:os_core_win32.obj
 0002:00059600       _pj_getpid                 004c8600 f   pjlib-i386-win32-vc8-debug:os_core_win32.obj
 0002:00059640       _pj_init                   004c8640 f   pjlib-i386-win32-vc8-debug:os_core_win32.obj
 0002:000598a0       _pj_leave_critical_section 004c88a0 f   pjlib-i386-win32-vc8-debug:os_core_win32.obj
 0002:000598d0       _pj_mutex_create           004c88d0 f   pjlib-i386-win32-vc8-debug:os_core_win32.obj
 0002:00059990       _pj_mutex_create_recursive 004c8990 f   pjlib-i386-win32-vc8-debug:os_core_win32.obj
 0002:000599c0       _pj_mutex_create_simple    004c89c0 f   pjlib-i386-win32-vc8-debug:os_core_win32.obj
 0002:000599f0       _pj_mutex_destroy          004c89f0 f   pjlib-i386-win32-vc8-debug:os_core_win32.obj
 0002:00059a80       _pj_mutex_is_locked        004c8a80 f   pjlib-i386-win32-vc8-debug:os_core_win32.obj
 0002:00059ac0       _pj_mutex_lock             004c8ac0 f   pjlib-i386-win32-vc8-debug:os_core_win32.obj
 0002:00059b90       _pj_mutex_trylock          004c8b90 f   pjlib-i386-win32-vc8-debug:os_core_win32.obj
 0002:00059c80       _pj_mutex_unlock           004c8c80 f   pjlib-i386-win32-vc8-debug:os_core_win32.obj
 0002:00059d80       _pj_run_app                004c8d80 f   pjlib-i386-win32-vc8-debug:os_core_win32.obj
 0002:00059db0       _pj_rwmutex_create         004c8db0 f   pjlib-i386-win32-vc8-debug:os_core_win32.obj
 0002:00059ec0       _pj_rwmutex_destroy        004c8ec0 f   pjlib-i386-win32-vc8-debug:os_core_win32.obj
 0002:00059f40       _pj_rwmutex_lock_read      004c8f40 f   pjlib-i386-win32-vc8-debug:os_core_win32.obj
 0002:0005a070       _pj_rwmutex_lock_write     004c9070 f   pjlib-i386-win32-vc8-debug:os_core_win32.obj
 0002:0005a0e0       _pj_rwmutex_unlock_read    004c90e0 f   pjlib-i386-win32-vc8-debug:os_core_win32.obj
 0002:0005a200       _pj_rwmutex_unlock_write   004c9200 f   pjlib-i386-win32-vc8-debug:os_core_win32.obj
 0002:0005a2a0       _pj_sem_create             004c92a0 f   pjlib-i386-win32-vc8-debug:os_core_win32.obj
 0002:0005a440       _pj_sem_destroy            004c9440 f   pjlib-i386-win32-vc8-debug:os_core_win32.obj
 0002:0005a530       _pj_sem_post               004c9530 f   pjlib-i386-win32-vc8-debug:os_core_win32.obj
 0002:0005a620       _pj_sem_trywait            004c9620 f   pjlib-i386-win32-vc8-debug:os_core_win32.obj
 0002:0005a6a0       _pj_sem_wait               004c96a0 f   pjlib-i386-win32-vc8-debug:os_core_win32.obj
 0002:0005a850       _pj_shutdown               004c9850 f   pjlib-i386-win32-vc8-debug:os_core_win32.obj
 0002:0005a9e0       _pj_term_get_color         004c99e0 f   pjlib-i386-win32-vc8-debug:os_core_win32.obj
 0002:0005aa50       _pj_term_set_color         004c9a50 f   pjlib-i386-win32-vc8-debug:os_core_win32.obj
 0002:0005ab20       _pj_thread_check_stack     004c9b20 f   pjlib-i386-win32-vc8-debug:os_core_win32.obj
 0002:0005ac20       _pj_thread_create          004c9c20 f   pjlib-i386-win32-vc8-debug:os_core_win32.obj
 0002:0005ae60       _pj_thread_destroy         004c9e60 f   pjlib-i386-win32-vc8-debug:os_core_win32.obj
 0002:0005af40       _pj_thread_get_name        004c9f40 f   pjlib-i386-win32-vc8-debug:os_core_win32.obj
 0002:0005afc0       _pj_thread_get_os_handle   004c9fc0 f   pjlib-i386-win32-vc8-debug:os_core_win32.obj
 0002:0005b020       _pj_thread_get_prio        004ca020 f   pjlib-i386-win32-vc8-debug:os_core_win32.obj
 0002:0005b050       _pj_thread_get_prio_max    004ca050 f   pjlib-i386-win32-vc8-debug:os_core_win32.obj
 0002:0005b070       _pj_thread_get_prio_min    004ca070 f   pjlib-i386-win32-vc8-debug:os_core_win32.obj
 0002:0005b090       _pj_thread_get_stack_info  004ca090 f   pjlib-i386-win32-vc8-debug:os_core_win32.obj
 0002:0005b0f0       _pj_thread_get_stack_max_usage 004ca0f0 f   pjlib-i386-win32-vc8-debug:os_core_win32.obj
 0002:0005b110       _pj_thread_init            004ca110 f   pjlib-i386-win32-vc8-debug:os_core_win32.obj
 0002:0005b170       _pj_thread_is_registered   004ca170 f   pjlib-i386-win32-vc8-debug:os_core_win32.obj
 0002:0005b1c0       _pj_thread_join            004ca1c0 f   pjlib-i386-win32-vc8-debug:os_core_win32.obj
 0002:0005b2f0       _pj_thread_local_alloc     004ca2f0 f   pjlib-i386-win32-vc8-debug:os_core_win32.obj
 0002:0005b3b0       _pj_thread_local_free      004ca3b0 f   pjlib-i386-win32-vc8-debug:os_core_win32.obj
 0002:0005b3f0       _pj_thread_local_get       004ca3f0 f   pjlib-i386-win32-vc8-debug:os_core_win32.obj
 0002:0005b410       _pj_thread_local_set       004ca410 f   pjlib-i386-win32-vc8-debug:os_core_win32.obj
 0002:0005b4a0       _pj_thread_register        004ca4a0 f   pjlib-i386-win32-vc8-debug:os_core_win32.obj
 0002:0005b610       _pj_thread_resume          004ca610 f   pjlib-i386-win32-vc8-debug:os_core_win32.obj
 0002:0005b6f0       _pj_thread_set_prio        004ca6f0 f   pjlib-i386-win32-vc8-debug:os_core_win32.obj
 0002:0005b800       _pj_thread_sleep           004ca800 f   pjlib-i386-win32-vc8-debug:os_core_win32.obj
 0002:0005b840       _pj_thread_this            004ca840 f   pjlib-i386-win32-vc8-debug:os_core_win32.obj
 0002:0005ba20       _pj_errno_clear_handlers   004caa20 f   pjlib-i386-win32-vc8-debug:errno.obj
 0002:0005ba90       _pj_perror                 004caa90 f   pjlib-i386-win32-vc8-debug:errno.obj
 0002:0005bae0       _pj_perror_1               004caae0 f   pjlib-i386-win32-vc8-debug:errno.obj
 0002:0005bb30       _pj_perror_2               004cab30 f   pjlib-i386-win32-vc8-debug:errno.obj
 0002:0005bb80       _pj_perror_3               004cab80 f   pjlib-i386-win32-vc8-debug:errno.obj
 0002:0005bbd0       _pj_perror_4               004cabd0 f   pjlib-i386-win32-vc8-debug:errno.obj
 0002:0005bc20       _pj_perror_5               004cac20 f   pjlib-i386-win32-vc8-debug:errno.obj
 0002:0005bd40       _pj_register_strerror      004cad40 f   pjlib-i386-win32-vc8-debug:errno.obj
 0002:0005bf70       _pj_strerror               004caf70 f   pjlib-i386-win32-vc8-debug:errno.obj
 0002:0005c400       _pj_log                    004cb400 f   pjlib-i386-win32-vc8-debug:log.obj
 0002:0005ccb0       _pj_log_1                  004cbcb0 f   pjlib-i386-win32-vc8-debug:log.obj
 0002:0005ccf0       _pj_log_2                  004cbcf0 f   pjlib-i386-win32-vc8-debug:log.obj
 0002:0005cd30       _pj_log_3                  004cbd30 f   pjlib-i386-win32-vc8-debug:log.obj
 0002:0005cd70       _pj_log_4                  004cbd70 f   pjlib-i386-win32-vc8-debug:log.obj
 0002:0005cdb0       _pj_log_5                  004cbdb0 f   pjlib-i386-win32-vc8-debug:log.obj
 0002:0005cdf0       _pj_log_add_indent         004cbdf0 f   pjlib-i386-win32-vc8-debug:log.obj
 0002:0005ce20       _pj_log_get_color          004cbe20 f   pjlib-i386-win32-vc8-debug:log.obj
 0002:0005cec0       _pj_log_get_decor          004cbec0 f   pjlib-i386-win32-vc8-debug:log.obj
 0002:0005cee0       _pj_log_get_level          004cbee0 f   pjlib-i386-win32-vc8-debug:log.obj
 0002:0005cf00       _pj_log_get_log_func       004cbf00 f   pjlib-i386-win32-vc8-debug:log.obj
 0002:0005cf20       _pj_log_init               004cbf20 f   pjlib-i386-win32-vc8-debug:log.obj
 0002:0005cfc0       _pj_log_pop_indent         004cbfc0 f   pjlib-i386-win32-vc8-debug:log.obj
 0002:0005cfe0       _pj_log_push_indent        004cbfe0 f   pjlib-i386-win32-vc8-debug:log.obj
 0002:0005d000       _pj_log_set_color          004cc000 f   pjlib-i386-win32-vc8-debug:log.obj
 0002:0005d130       _pj_log_set_decor          004cc130 f   pjlib-i386-win32-vc8-debug:log.obj
 0002:0005d150       _pj_log_set_level          004cc150 f   pjlib-i386-win32-vc8-debug:log.obj
 0002:0005d170       _pj_log_set_log_func       004cc170 f   pjlib-i386-win32-vc8-debug:log.obj
 0002:0005d9a0       _pj_caching_pool_destroy   004cc9a0 f   pjlib-i386-win32-vc8-debug:pool_caching.obj
 0002:0005db10       _pj_caching_pool_init      004ccb10 f   pjlib-i386-win32-vc8-debug:pool_caching.obj
 0002:0005dd00       _pj_time_val_normalize     004ccd00 f   pjlib-i386-win32-vc8-debug:types.obj
 0002:0005deb0       _pj_list_erase             004cceb0 f   pjlib-i386-win32-vc8-debug:list.obj
 0002:0005def0       _pj_list_find_node         004ccef0 f   pjlib-i386-win32-vc8-debug:list.obj
 0002:0005df90       _pj_list_insert_after      004ccf90 f   pjlib-i386-win32-vc8-debug:list.obj
 0002:0005dfe0       _pj_list_insert_before     004ccfe0 f   pjlib-i386-win32-vc8-debug:list.obj
 0002:0005e010       _pj_list_insert_nodes_after 004cd010 f   pjlib-i386-win32-vc8-debug:list.obj
 0002:0005e070       _pj_list_insert_nodes_before 004cd070 f   pjlib-i386-win32-vc8-debug:list.obj
 0002:0005e0a0       _pj_list_merge_first       004cd0a0 f   pjlib-i386-win32-vc8-debug:list.obj
 0002:0005e110       _pj_list_merge_last        004cd110 f   pjlib-i386-win32-vc8-debug:list.obj
 0002:0005e180       _pj_list_search            004cd180 f   pjlib-i386-win32-vc8-debug:list.obj
 0002:0005e1f0       _pj_list_size              004cd1f0 f   pjlib-i386-win32-vc8-debug:list.obj
 0002:0005e240       _pj_create_unique_string   004cd240 f   pjlib-i386-win32-vc8-debug:guid.obj
 0002:0005e280       _pj_create_unique_string_lower 004cd280 f   pjlib-i386-win32-vc8-debug:guid.obj
 0002:0005e300       _pj_generate_unique_string_lower 004cd300 f   pjlib-i386-win32-vc8-debug:guid.obj
 0002:0005e4b0       _pj_gettimeofday           004cd4b0 f   pjlib-i386-win32-vc8-debug:os_time_win32.obj
 0002:0005e590       _pj_time_decode            004cd590 f   pjlib-i386-win32-vc8-debug:os_time_win32.obj
 0002:0005e6a0       _pj_time_encode            004cd6a0 f   pjlib-i386-win32-vc8-debug:os_time_win32.obj
 0002:0005e7c0       _pj_NO_MEMORY_EXCEPTION    004cd7c0 f   pjlib-i386-win32-vc8-debug:pool.obj
 0002:0005e840       _pj_pool_alloc             004cd840 f   pjlib-i386-win32-vc8-debug:pool.obj
 0002:0005e8a0       _pj_pool_alloc_from_block  004cd8a0 f   pjlib-i386-win32-vc8-debug:pool.obj
 0002:0005e910       _pj_pool_allocate_find     004cd910 f   pjlib-i386-win32-vc8-debug:pool.obj
 0002:0005eaa0       _pj_pool_calloc            004cdaa0 f   pjlib-i386-win32-vc8-debug:pool.obj
 0002:0005eb00       _pj_pool_create            004cdb00 f   pjlib-i386-win32-vc8-debug:pool.obj
 0002:0005ec60       _pj_pool_create_int        004cdc60 f   pjlib-i386-win32-vc8-debug:pool.obj
 0002:0005ede0       _pj_pool_destroy_int       004cdde0 f   pjlib-i386-win32-vc8-debug:pool.obj
 0002:0005ee60       _pj_pool_get_capacity      004cde60 f   pjlib-i386-win32-vc8-debug:pool.obj
 0002:0005ee80       _pj_pool_get_used_size     004cde80 f   pjlib-i386-win32-vc8-debug:pool.obj
 0002:0005eef0       _pj_pool_getobjname        004cdef0 f   pjlib-i386-win32-vc8-debug:pool.obj
 0002:0005ef10       _pj_pool_init_int          004cdf10 f   pjlib-i386-win32-vc8-debug:pool.obj
 0002:0005efe0       _pj_pool_release           004cdfe0 f   pjlib-i386-win32-vc8-debug:pool.obj
 0002:0005f030       _pj_pool_reset             004ce030 f   pjlib-i386-win32-vc8-debug:pool.obj
 0002:0005f150       _pj_rand                   004ce150 f   pjlib-i386-win32-vc8-debug:rand.obj
 0002:0005f190       _pj_srand                  004ce190 f   pjlib-i386-win32-vc8-debug:rand.obj
 0002:0005f210       _pj_create_random_string   004ce210 f   pjlib-i386-win32-vc8-debug:string.obj
 0002:0005f4e0       _pj_str                    004ce4e0 f   pjlib-i386-win32-vc8-debug:string.obj
 0002:0005f530       _pj_strassign              004ce530 f   pjlib-i386-win32-vc8-debug:string.obj
 0002:0005f570       _pj_strcat                 004ce570 f   pjlib-i386-win32-vc8-debug:string.obj
 0002:0005f5d0       _pj_strcat2                004ce5d0 f   pjlib-i386-win32-vc8-debug:string.obj
 0002:0005f650       _pj_strcmp                 004ce650 f   pjlib-i386-win32-vc8-debug:string.obj
 0002:0005f770       _pj_strcmp2                004ce770 f   pjlib-i386-win32-vc8-debug:string.obj
 0002:0005f7d0       _pj_strcpy                 004ce7d0 f   pjlib-i386-win32-vc8-debug:string.obj
 0002:0005f830       _pj_strcpy2                004ce830 f   pjlib-i386-win32-vc8-debug:string.obj
 0002:0005f8b0       _pj_strdup                 004ce8b0 f   pjlib-i386-win32-vc8-debug:string.obj
 0002:0005f940       _pj_strdup2                004ce940 f   pjlib-i386-win32-vc8-debug:string.obj
 0002:0005f9e0       _pj_strdup2_with_null      004ce9e0 f   pjlib-i386-win32-vc8-debug:string.obj
 0002:0005fa90       _pj_strdup3                004cea90 f   pjlib-i386-win32-vc8-debug:string.obj
 0002:0005fad0       _pj_strdup_with_null       004cead0 f   pjlib-i386-win32-vc8-debug:string.obj
 0002:0005fb60       _pj_stricmp                004ceb60 f   pjlib-i386-win32-vc8-debug:string.obj
 0002:0005fc80       _pj_stricmp2               004cec80 f   pjlib-i386-win32-vc8-debug:string.obj
 0002:0005fce0       _pj_stristr                004cece0 f   pjlib-i386-win32-vc8-debug:string.obj
 0002:0005fd80       _pj_strltrim               004ced80 f   pjlib-i386-win32-vc8-debug:string.obj
 0002:0005fe10       _pj_strncmp                004cee10 f   pjlib-i386-win32-vc8-debug:string.obj
 0002:0005fe90       _pj_strncmp2               004cee90 f   pjlib-i386-win32-vc8-debug:string.obj
 0002:0005fef0       _pj_strncpy                004ceef0 f   pjlib-i386-win32-vc8-debug:string.obj
 0002:0005ff50       _pj_strncpy_with_null      004cef50 f   pjlib-i386-win32-vc8-debug:string.obj
 0002:0005ffd0       _pj_strnicmp               004cefd0 f   pjlib-i386-win32-vc8-debug:string.obj
 0002:00060050       _pj_strnicmp2              004cf050 f   pjlib-i386-win32-vc8-debug:string.obj
 0002:000600b0       _pj_strrtrim               004cf0b0 f   pjlib-i386-win32-vc8-debug:string.obj
 0002:00060140       _pj_strstr                 004cf140 f   pjlib-i386-win32-vc8-debug:string.obj
 0002:000601e0       _pj_strtof                 004cf1e0 f   pjlib-i386-win32-vc8-debug:string.obj
 0002:000603b0       _pj_strtol                 004cf3b0 f   pjlib-i386-win32-vc8-debug:string.obj
 0002:000604b0       _pj_strtoul                004cf4b0 f   pjlib-i386-win32-vc8-debug:string.obj
 0002:00060560       _pj_strtoul2               004cf560 f   pjlib-i386-win32-vc8-debug:string.obj
 0002:000606f0       _pj_strtrim                004cf6f0 f   pjlib-i386-win32-vc8-debug:string.obj
 0002:00060730       _pj_utoa                   004cf730 f   pjlib-i386-win32-vc8-debug:string.obj
 0002:00060760       _pj_utoa_pad               004cf760 f   pjlib-i386-win32-vc8-debug:string.obj
 0002:000608f0       _pj_gethostname            004cf8f0 f   pjlib-i386-win32-vc8-debug:sock_bsd.obj
 0002:000609a0       _pj_htonl                  004cf9a0 f   pjlib-i386-win32-vc8-debug:sock_bsd.obj
 0002:000609c0       _pj_htons                  004cf9c0 f   pjlib-i386-win32-vc8-debug:sock_bsd.obj
 0002:000609f0       _pj_inet_aton              004cf9f0 f   pjlib-i386-win32-vc8-debug:sock_bsd.obj
 0002:00060b20       _pj_inet_ntoa              004cfb20 f   pjlib-i386-win32-vc8-debug:sock_bsd.obj
 0002:00060b40       _pj_inet_ntop              004cfb40 f   pjlib-i386-win32-vc8-debug:sock_bsd.obj
 0002:00060d80       _pj_inet_pton              004cfd80 f   pjlib-i386-win32-vc8-debug:sock_bsd.obj
 0002:00061030       _pj_ntohl                  004d0030 f   pjlib-i386-win32-vc8-debug:sock_bsd.obj
 0002:00061050       _pj_ntohs                  004d0050 f   pjlib-i386-win32-vc8-debug:sock_bsd.obj
 0002:00061080       _pj_sock_accept            004d0080 f   pjlib-i386-win32-vc8-debug:sock_bsd.obj
 0002:00061170       _pj_sock_bind              004d0170 f   pjlib-i386-win32-vc8-debug:sock_bsd.obj
 0002:00061260       _pj_sock_bind_in           004d0260 f   pjlib-i386-win32-vc8-debug:sock_bsd.obj
 0002:00061310       _pj_sock_close             004d0310 f   pjlib-i386-win32-vc8-debug:sock_bsd.obj
 0002:000613b0       _pj_sock_connect           004d03b0 f   pjlib-i386-win32-vc8-debug:sock_bsd.obj
 0002:00061450       _pj_sock_getpeername       004d0450 f   pjlib-i386-win32-vc8-debug:sock_bsd.obj
 0002:000614f0       _pj_sock_getsockname       004d04f0 f   pjlib-i386-win32-vc8-debug:sock_bsd.obj
 0002:00061590       _pj_sock_getsockopt        004d0590 f   pjlib-i386-win32-vc8-debug:sock_bsd.obj
 0002:00061690       _pj_sock_listen            004d0690 f   pjlib-i386-win32-vc8-debug:sock_bsd.obj
 0002:00061730       _pj_sock_recv              004d0730 f   pjlib-i386-win32-vc8-debug:sock_bsd.obj
 0002:00061830       _pj_sock_recvfrom          004d0830 f   pjlib-i386-win32-vc8-debug:sock_bsd.obj
 0002:00061940       _pj_sock_send              004d0940 f   pjlib-i386-win32-vc8-debug:sock_bsd.obj
 0002:00061a30       _pj_sock_sendto            004d0a30 f   pjlib-i386-win32-vc8-debug:sock_bsd.obj
 0002:00061b30       _pj_sock_setsockopt        004d0b30 f   pjlib-i386-win32-vc8-debug:sock_bsd.obj
 0002:00061be0       _pj_sock_shutdown          004d0be0 f   pjlib-i386-win32-vc8-debug:sock_bsd.obj
 0002:00061c80       _pj_sock_socket            004d0c80 f   pjlib-i386-win32-vc8-debug:sock_bsd.obj
 0002:00062100       _ioqueue_dispatch_exception_event 004d1100 f   pjlib-i386-win32-vc8-debug:ioqueue_select.obj
 0002:000622b0       _ioqueue_dispatch_read_event 004d12b0 f   pjlib-i386-win32-vc8-debug:ioqueue_select.obj
 0002:00062690       _ioqueue_dispatch_write_event 004d1690 f   pjlib-i386-win32-vc8-debug:ioqueue_select.obj
 0002:00062f30       _pj_ioqueue_accept         004d1f30 f   pjlib-i386-win32-vc8-debug:ioqueue_select.obj
 0002:00063160       _pj_ioqueue_connect        004d2160 f   pjlib-i386-win32-vc8-debug:ioqueue_select.obj
 0002:000632e0       _pj_ioqueue_create         004d22e0 f   pjlib-i386-win32-vc8-debug:ioqueue_select.obj
 0002:00063600       _pj_ioqueue_destroy        004d2600 f   pjlib-i386-win32-vc8-debug:ioqueue_select.obj
 0002:00063750       _pj_ioqueue_get_user_data  004d2750 f   pjlib-i386-win32-vc8-debug:ioqueue_select.obj
 0002:000637b0       _pj_ioqueue_is_pending     004d27b0 f   pjlib-i386-win32-vc8-debug:ioqueue_select.obj
 0002:000637f0       _pj_ioqueue_lock_key       004d27f0 f   pjlib-i386-win32-vc8-debug:ioqueue_select.obj
 0002:00063840       _pj_ioqueue_name           004d2840 f   pjlib-i386-win32-vc8-debug:ioqueue_select.obj
 0002:00063860       _pj_ioqueue_op_key_init    004d2860 f   pjlib-i386-win32-vc8-debug:ioqueue_select.obj
 0002:00063890       _pj_ioqueue_poll           004d2890 f   pjlib-i386-win32-vc8-debug:ioqueue_select.obj
 0002:00063f80       _pj_ioqueue_post_completion 004d2f80 f   pjlib-i386-win32-vc8-debug:ioqueue_select.obj
 0002:00064140       _pj_ioqueue_recv           004d3140 f   pjlib-i386-win32-vc8-debug:ioqueue_select.obj
 0002:00064340       _pj_ioqueue_recvfrom       004d3340 f   pjlib-i386-win32-vc8-debug:ioqueue_select.obj
 0002:00064560       _pj_ioqueue_register_sock  004d3560 f   pjlib-i386-win32-vc8-debug:ioqueue_select.obj
 0002:000645a0       _pj_ioqueue_register_sock2 004d35a0 f   pjlib-i386-win32-vc8-debug:ioqueue_select.obj
 0002:00064810       _pj_ioqueue_send           004d3810 f   pjlib-i386-win32-vc8-debug:ioqueue_select.obj
 0002:00064a70       _pj_ioqueue_sendto         004d3a70 f   pjlib-i386-win32-vc8-debug:ioqueue_select.obj
 0002:00064d40       _pj_ioqueue_set_concurrency 004d3d40 f   pjlib-i386-win32-vc8-debug:ioqueue_select.obj
 0002:00064e00       _pj_ioqueue_set_default_concurrency 004d3e00 f   pjlib-i386-win32-vc8-debug:ioqueue_select.obj
 0002:00064e60       _pj_ioqueue_set_lock       004d3e60 f   pjlib-i386-win32-vc8-debug:ioqueue_select.obj
 0002:00064f00       _pj_ioqueue_set_user_data  004d3f00 f   pjlib-i386-win32-vc8-debug:ioqueue_select.obj
 0002:00064f80       _pj_ioqueue_unlock_key     004d3f80 f   pjlib-i386-win32-vc8-debug:ioqueue_select.obj
 0002:00064fd0       _pj_ioqueue_unregister     004d3fd0 f   pjlib-i386-win32-vc8-debug:ioqueue_select.obj
[...]
 0004:0000c8a4       __wenvptr                  0058c8a4     LIBCMTD:crt0.obj
 0004:0000cc70       ___fastflag                0058cc70     LIBCMTD:fpinit.obj
 0004:0000cc74       __umaskval                 0058cc74     LIBCMTD:crt0dat.obj
 0004:0000cc78       __exitflag                 0058cc78     LIBCMTD:crt0dat.obj
 0004:0000cc7c       __C_Termination_Done       0058cc7c     LIBCMTD:crt0dat.obj
 0004:0000cc80       ___winitenv                0058cc80     LIBCMTD:crt0dat.obj
 0004:0000cc84       ___initenv                 0058cc84     LIBCMTD:crt0dat.obj
 0004:0000cc88       ___argc                    0058cc88     LIBCMTD:crt0dat.obj
 0004:0000cc8c       ___argv                    0058cc8c     LIBCMTD:crt0dat.obj
 0004:0000cc90       ___wargv                   0058cc90     LIBCMTD:crt0dat.obj
 0004:0000cc94       __environ                  0058cc94     LIBCMTD:crt0dat.obj
 0004:0000cc98       __wenviron                 0058cc98     LIBCMTD:crt0dat.obj
 0004:0000cc9c       __pgmptr                   0058cc9c     LIBCMTD:crt0dat.obj
 0004:0000cca0       __wpgmptr                  0058cca0     LIBCMTD:crt0dat.obj
 0004:0000cca4       __C_Exit_Done              0058cca4     LIBCMTD:crt0dat.obj
 0004:0000ccc4       ___pInvalidArgHandler      0058ccc4     LIBCMTD:invarg.obj
 0004:0000ccc8       __cflush                   0058ccc8     LIBCMTD:_file.obj
 0004:0000cccc       __stdbuf                   0058cccc     LIBCMTD:_sftbuf.obj
 0004:0000ccd8       ___pioinfo                 0058ccd8     LIBCMTD:ioinit.obj
 0004:0000ce0c       __crtheap                  0058ce0c     LIBCMTD:heapinit.obj
 0004:0000cf50       ___app_type                0058cf50     LIBCMTD:crt0msg.obj
 0004:0000d6bc       ___error_mode              0058d6bc     LIBCMTD:errmode.obj
 0004:0000d6c0       ___crtDebugCheckCount      0058d6c0     LIBCMTD:dbgheap.obj
 0004:0000d6c8       ?_pfnDumpClient@@3P6AXPAXI@ZA 0058d6c8     LIBCMTD:dbgheap.obj
 0004:0000d71c       ___isa_available           0058d71c     LIBCMTD:cpu_disp.obj
 0004:0000d720       ___favor                   0058d720     LIBCMTD:cpu_disp.obj
 0004:0000d728       ___mbcodepage              0058d728     LIBCMTD:mbctype.obj
 0004:0000d72c       ___ismbcodepage            0058d72c     LIBCMTD:mbctype.obj
 0004:0000d730       ___mbulinfo                0058d730     LIBCMTD:mbctype.obj
 0004:0000d73c       ___mblocalename            0058d73c     LIBCMTD:mbctype.obj
 0004:0000d74c       ___locale_changed          0058d74c     LIBCMTD:wsetloca.obj
 0004:0000d750       __newmode                  0058d750     LIBCMTD:_newmode.obj
 0004:0000d908       ?__pInconsistency@@3P6AXXZA 0058d908     LIBCMTD:hooks.obj
 0004:0000d90c       ?_pnhHeap@@3P6AHI@ZA       0058d90c     LIBCMTD:handler.obj
 0004:0000d910       ___pPurecall               0058d910     LIBCMTD:inithelp.obj
 0004:0000d918       ___lconv_static_null       0058d918     LIBCMTD:lconv.obj
 0004:0000d91c       ___lconv_static_W_null     0058d91c     LIBCMTD:lconv.obj
 0004:0000d924       __outputformat             0058d924     LIBCMTD:outputformat.obj
 0004:0000d928       ?g_OutOfMemoryExceptionCallback@@3P6GPAXXZA 0058d928     LIBCMTD:frame.obj
 0004:0000d938       ?pArgList@UnDecorator@@0PAVReplicator@@A 0058d938     LIBCMTD:undname.obj
 0004:0000d93c       ?pZNameList@UnDecorator@@0PAVReplicator@@A 0058d93c     LIBCMTD:undname.obj
 0004:0000d940       ?pTemplateArgList@UnDecorator@@0PAVReplicator@@A 0058d940     LIBCMTD:undname.obj
 0004:0000d944       ?gName@UnDecorator@@0PBDB  0058d944     LIBCMTD:undname.obj
 0004:0000d948       ?name@UnDecorator@@0PBDB   0058d948     LIBCMTD:undname.obj
 0004:0000d94c       ?outputString@UnDecorator@@0PADA 0058d94c     LIBCMTD:undname.obj
 0004:0000d950       ?maxStringLength@UnDecorator@@0HA 0058d950     LIBCMTD:undname.obj
 0004:0000d954       ?disableFlags@UnDecorator@@0KA 0058d954     LIBCMTD:undname.obj
 0004:0000d958       ?fExplicitTemplateParams@UnDecorator@@0_NA 0058d958     LIBCMTD:undname.obj
 0004:0000d959       ?fGetTemplateArgumentList@UnDecorator@@0_NA 0058d959     LIBCMTD:undname.obj
 0004:0000d95c       ?m_pGetParameter@UnDecorator@@0P6APADJ@ZA 0058d95c     LIBCMTD:undname.obj
 0004:0000d9e0       ?nodes@?1??make@DNameStatusNode@@SAPAV2@W4DNameStatus@@@Z@4PAV2@A 0058d9e0     LIBCMTD:undname.obj
 0004:0000da1c       ??_B?1??make@DNameStatusNode@@SAPAV1@W4DNameStatus@@@Z@51 0058da1c     LIBCMTD:undname.obj
 0004:0000dffc       _pjsip_dlg_lock_tls_id     0058dffc     <common>
 0004:0000e008       _PJ_NO_MEMORY_EXCEPTION    0058e008     <common>
 0004:0000e020       _bit_string                0058e020     <common>
 0004:0000e500       _ctr_prng                  0058e500     <common>
 0004:0000e634       __pReportHookListW         0058e634     <common>
 0004:0000e644       __pReportHookList          0058e644     <common>
 0004:0000e648       __pfnReportHook            0058e648     <common>
 0004:0000e64c       ___unguarded_readlc_active 0058e64c     <common>
 0004:0000e65c       ___setlc_active            0058e65c     <common>
 0004:0000e660       _encodedKERNEL32Functions  0058e660     <common>
 0004:0000e708       __debugger_hook_dummy      0058e708     <common>
 0004:0000e714       __nhandle                  0058e714     <common>
 0004:0000e720       __bufin                    0058e720     <common>
 0004:0000fa5c       ___piob                    0058fa5c     <common>
 0004:0000fa60       __nstream                  0058fa60     <common>
 0004:0000fa64       ___dyn_tls_init_callback   0058fa64     <common>
 0004:0000fa74       ___onexitend               0058fa74     <common>
 0004:0000fa78       ___onexitbegin             0058fa78     <common>
 0004:0000fa7c       ___mbctype_initialized     0058fa7c     <common>
 0004:0000fa80       ___env_initialized         0058fa80     <common>
 0004:0000fa84       __setjmpexused             0058fa84     <common>
 0004:0000fa90       __acmdln                   0058fa90     <common>
 0005:00000000       __imp__RtlUnwind@16        00590000     kernel32:KERNEL32.dll
 0005:00000004       __imp__GetStringTypeW@16   00590004     kernel32:KERNEL32.dll
 0005:00000008       __imp__FlushFileBuffers@4  00590008     kernel32:KERNEL32.dll
 0005:0000000c       __imp__HeapAlloc@12        0059000c     kernel32:KERNEL32.dll
 0005:00000010       __imp__HeapQueryInformation@20 00590010     kernel32:KERNEL32.dll
 0005:00000014       __imp__HeapSize@12         00590014     kernel32:KERNEL32.dll
 0005:00000018       __imp__HeapReAlloc@16      00590018     kernel32:KERNEL32.dll
 0005:0000001c       __imp__HeapFree@12         0059001c     kernel32:KERNEL32.dll
 0005:00000020       __imp__SetFilePointerEx@20 00590020     kernel32:KERNEL32.dll
 0005:00000024       __imp__GetConsoleMode@8    00590024     kernel32:KERNEL32.dll
 0005:00000028       __imp__GetConsoleCP@0      00590028     kernel32:KERNEL32.dll
 0005:0000002c       __imp__OutputDebugStringA@4 0059002c     kernel32:KERNEL32.dll
 0005:00000030       __imp__FatalAppExitA@8     00590030     kernel32:KERNEL32.dll
 0005:00000034       __imp__RaiseException@16   00590034     kernel32:KERNEL32.dll
 0005:00000038       __imp__GetCPInfo@8         00590038     kernel32:KERNEL32.dll
 0005:0000003c       __imp__GetOEMCP@0          0059003c     kernel32:KERNEL32.dll
 0005:00000040       __imp__GetACP@0            00590040     kernel32:KERNEL32.dll
 0005:00000044       __imp__IsValidCodePage@4   00590044     kernel32:KERNEL32.dll
 0005:00000048       __imp__CreateSemaphoreW@16 00590048     kernel32:KERNEL32.dll
 0005:0000004c       __imp__GetModuleHandleW@4  0059004c     kernel32:KERNEL32.dll
 0005:00000050       __imp__GetTickCount@0      00590050     kernel32:KERNEL32.dll
 0005:00000054       __imp__TerminateProcess@8  00590054     kernel32:KERNEL32.dll
 0005:00000058       __imp__GetCurrentProcess@0 00590058     kernel32:KERNEL32.dll
 0005:0000005c       __imp__CreateEventW@16     0059005c     kernel32:KERNEL32.dll
 0005:00000060       __imp__InitializeCriticalSectionAndSpinCount@8 00590060     kernel32:KERNEL32.dll
 0005:00000064       __imp__WaitForMultipleObjects@16 00590064     kernel32:KERNEL32.dll
 0005:00000068       __imp__CreateFileW@28      00590068     kernel32:KERNEL32.dll
 0005:0000006c       __imp__SetStdHandle@8      0059006c     kernel32:KERNEL32.dll
 0005:00000070       __imp__EnumSystemLocalesW@8 00590070     kernel32:KERNEL32.dll
 0005:00000074       __imp__GetUserDefaultLCID@0 00590074     kernel32:KERNEL32.dll
 0005:00000078       __imp__IsValidLocale@8     00590078     kernel32:KERNEL32.dll
 0005:0000007c       __imp__GetLocaleInfoW@16   0059007c     kernel32:KERNEL32.dll
 0005:00000080       __imp__LCMapStringW@24     00590080     kernel32:KERNEL32.dll
 0005:00000084       __imp__CompareStringW@24   00590084     kernel32:KERNEL32.dll
 0005:00000088       __imp__GetTimeFormatW@24   00590088     kernel32:KERNEL32.dll
 0005:0000008c       __imp__GetStdHandle@4      0059008c     kernel32:KERNEL32.dll
 0005:00000090       __imp__CloseHandle@4       00590090     kernel32:KERNEL32.dll
 0005:00000094       __imp__GetLastError@0      00590094     kernel32:KERNEL32.dll
 0005:00000098       __imp__InitializeCriticalSection@4 00590098     kernel32:KERNEL32.dll
 0005:0000009c       __imp__EnterCriticalSection@4 0059009c     kernel32:KERNEL32.dll
 0005:000000a0       __imp__LeaveCriticalSection@4 005900a0     kernel32:KERNEL32.dll
 0005:000000a4       __imp__TryEnterCriticalSection@4 005900a4     kernel32:KERNEL32.dll
 0005:000000a8       __imp__DeleteCriticalSection@4 005900a8     kernel32:KERNEL32.dll
 0005:000000ac       __imp__SetEvent@4          005900ac     kernel32:KERNEL32.dll
 0005:000000b0       __imp__ResetEvent@4        005900b0     kernel32:KERNEL32.dll
 0005:000000b4       __imp__ReleaseSemaphore@12 005900b4     kernel32:KERNEL32.dll
 0005:000000b8       __imp__WaitForSingleObject@8 005900b8     kernel32:KERNEL32.dll
 0005:000000bc       __imp__CreateEventA@16     005900bc     kernel32:KERNEL32.dll
 0005:000000c0       __imp__Sleep@4             005900c0     kernel32:KERNEL32.dll
 0005:000000c4       __imp__GetCurrentProcessId@0 005900c4     kernel32:KERNEL32.dll
 0005:000000c8       __imp__CreateThread@24     005900c8     kernel32:KERNEL32.dll
 0005:000000cc       __imp__GetCurrentThread@0  005900cc     kernel32:KERNEL32.dll
 0005:000000d0       __imp__GetCurrentThreadId@0 005900d0     kernel32:KERNEL32.dll
 0005:000000d4       __imp__SetThreadPriority@8 005900d4     kernel32:KERNEL32.dll
 0005:000000d8       __imp__GetThreadPriority@4 005900d8     kernel32:KERNEL32.dll
 0005:000000dc       __imp__ResumeThread@4      005900dc     kernel32:KERNEL32.dll
 0005:000000e0       __imp__TlsAlloc@0          005900e0     kernel32:KERNEL32.dll
 0005:000000e4       __imp__TlsGetValue@4       005900e4     kernel32:KERNEL32.dll
 0005:000000e8       __imp__TlsSetValue@8       005900e8     kernel32:KERNEL32.dll
 0005:000000ec       __imp__TlsFree@4           005900ec     kernel32:KERNEL32.dll
 0005:000000f0       __imp__PulseEvent@4        005900f0     kernel32:KERNEL32.dll
 0005:000000f4       __imp__CreateSemaphoreA@16 005900f4     kernel32:KERNEL32.dll
 0005:000000f8       __imp__GetConsoleScreenBufferInfo@8 005900f8     kernel32:KERNEL32.dll
 0005:000000fc       __imp__SetConsoleTextAttribute@8 005900fc     kernel32:KERNEL32.dll
 0005:00000100       __imp__GetLocalTime@4      00590100     kernel32:KERNEL32.dll
 0005:00000104       __imp__FileTimeToSystemTime@8 00590104     kernel32:KERNEL32.dll
 0005:00000108       __imp__SystemTimeToFileTime@8 00590108     kernel32:KERNEL32.dll
 0005:0000010c       __imp__SetLastError@4      0059010c     kernel32:KERNEL32.dll
 0005:00000110       __imp__FormatMessageA@28   00590110     kernel32:KERNEL32.dll
 0005:00000114       __imp__QueryPerformanceCounter@4 00590114     kernel32:KERNEL32.dll
 0005:00000118       __imp__QueryPerformanceFrequency@4 00590118     kernel32:KERNEL32.dll
 0005:0000011c       __imp__FreeLibrary@4       0059011c     kernel32:KERNEL32.dll
 0005:00000120       __imp__GetProcAddress@8    00590120     kernel32:KERNEL32.dll
 0005:00000124       __imp__LoadLibraryA@4      00590124     kernel32:KERNEL32.dll
 0005:00000128       __imp__GetCommandLineA@0   00590128     kernel32:KERNEL32.dll
 0005:0000012c       __imp__GetFileType@4       0059012c     kernel32:KERNEL32.dll
 0005:00000130       __imp__GetModuleFileNameW@12 00590130     kernel32:KERNEL32.dll
 0005:00000134       __imp__GetModuleHandleExW@12 00590134     kernel32:KERNEL32.dll
 0005:00000138       __imp__WriteConsoleW@20    00590138     kernel32:KERNEL32.dll
 0005:0000013c       __imp__IsDebuggerPresent@0 0059013c     kernel32:KERNEL32.dll
 0005:00000140       __imp__IsProcessorFeaturePresent@4 00590140     kernel32:KERNEL32.dll
 0005:00000144       __imp__SetUnhandledExceptionFilter@4 00590144     kernel32:KERNEL32.dll
 0005:00000148       __imp__EncodePointer@4     00590148     kernel32:KERNEL32.dll
 0005:0000014c       __imp__DecodePointer@4     0059014c     kernel32:KERNEL32.dll
 0005:00000150       __imp__ExitProcess@4       00590150     kernel32:KERNEL32.dll
 0005:00000154       __imp__AreFileApisANSI@0   00590154     kernel32:KERNEL32.dll
 0005:00000158       __imp__MultiByteToWideChar@24 00590158     kernel32:KERNEL32.dll
 0005:0000015c       __imp__WideCharToMultiByte@32 0059015c     kernel32:KERNEL32.dll
 0005:00000160       __imp__GetSystemTimeAsFileTime@4 00590160     kernel32:KERNEL32.dll
 0005:00000164       __imp__GetStartupInfoW@4   00590164     kernel32:KERNEL32.dll
 0005:00000168       __imp__GetProcessHeap@0    00590168     kernel32:KERNEL32.dll
 0005:0000016c       __imp__GetModuleFileNameA@12 0059016c     kernel32:KERNEL32.dll
 0005:00000170       __imp__WriteFile@20        00590170     kernel32:KERNEL32.dll
 0005:00000174       __imp__HeapValidate@12     00590174     kernel32:KERNEL32.dll
 0005:00000178       __imp__GetSystemInfo@4     00590178     kernel32:KERNEL32.dll
 0005:0000017c       __imp__GetEnvironmentStringsW@0 0059017c     kernel32:KERNEL32.dll
 0005:00000180       __imp__FreeEnvironmentStringsW@4 00590180     kernel32:KERNEL32.dll
 0005:00000184       __imp__SetConsoleCtrlHandler@8 00590184     kernel32:KERNEL32.dll
 0005:00000188       __imp__OutputDebugStringW@4 00590188     kernel32:KERNEL32.dll
 0005:0000018c       __imp__WaitForSingleObjectEx@12 0059018c     kernel32:KERNEL32.dll
 0005:00000190       __imp__LoadLibraryExW@12   00590190     kernel32:KERNEL32.dll
 0005:00000194       __imp__UnhandledExceptionFilter@4 00590194     kernel32:KERNEL32.dll
 0005:00000198       __imp__GetDateFormatW@24   00590198     kernel32:KERNEL32.dll
 0005:0000019c       \177KERNEL32_NULL_THUNK_DATA 0059019c     kernel32:KERNEL32.dll
 0005:00000218       __imp__waveOutGetErrorTextA@12 00590218     winmm:WINMM.dll
 0005:0000021c       __imp__waveInGetErrorTextA@12 0059021c     winmm:WINMM.dll
 0005:00000220       __imp__waveOutGetNumDevs@0 00590220     winmm:WINMM.dll
 0005:00000224       __imp__waveOutGetDevCapsA@12 00590224     winmm:WINMM.dll
 0005:00000228       __imp__waveOutGetVolume@8  00590228     winmm:WINMM.dll
 0005:0000022c       __imp__waveOutSetVolume@8  0059022c     winmm:WINMM.dll
 0005:00000230       __imp__waveOutOpen@24      00590230     winmm:WINMM.dll
 0005:00000234       __imp__waveOutClose@4      00590234     winmm:WINMM.dll
 0005:00000238       __imp__waveOutPrepareHeader@12 00590238     winmm:WINMM.dll
 0005:0000023c       __imp__waveOutUnprepareHeader@12 0059023c     winmm:WINMM.dll
 0005:00000240       __imp__waveOutWrite@12     00590240     winmm:WINMM.dll
 0005:00000244       __imp__waveOutPause@4      00590244     winmm:WINMM.dll
 0005:00000248       __imp__waveOutRestart@4    00590248     winmm:WINMM.dll
 0005:0000024c       __imp__waveOutReset@4      0059024c     winmm:WINMM.dll
 0005:00000250       __imp__waveInGetNumDevs@0  00590250     winmm:WINMM.dll
 0005:00000254       __imp__waveInGetDevCapsA@12 00590254     winmm:WINMM.dll
 0005:00000258       __imp__waveInOpen@24       00590258     winmm:WINMM.dll
 0005:0000025c       __imp__waveInClose@4       0059025c     winmm:WINMM.dll
 0005:00000260       __imp__waveInPrepareHeader@12 00590260     winmm:WINMM.dll
 0005:00000264       __imp__waveInUnprepareHeader@12 00590264     winmm:WINMM.dll
 0005:00000268       __imp__waveInAddBuffer@12  00590268     winmm:WINMM.dll
 0005:0000026c       __imp__waveInStart@4       0059026c     winmm:WINMM.dll
 0005:00000270       __imp__waveInStop@4        00590270     winmm:WINMM.dll
 0005:00000274       __imp__waveInReset@4       00590274     winmm:WINMM.dll
 0005:00000278       \177WINMM_NULL_THUNK_DATA  00590278     winmm:WINMM.dll
 0005:000002b4       __imp__select@20           005902b4     ws2_32:WS2_32.dll
 0005:000002b8       __imp____WSAFDIsSet@8      005902b8     ws2_32:WS2_32.dll
 0005:000002bc       __imp__gethostbyname@4     005902bc     ws2_32:WS2_32.dll
 0005:000002c0       __imp__WSASetLastError@4   005902c0     ws2_32:WS2_32.dll
 0005:000002c4       __imp__ioctlsocket@12      005902c4     ws2_32:WS2_32.dll
 0005:000002c8       __imp__WSAStringToAddressA@20 005902c8     ws2_32:WS2_32.dll
 0005:000002cc       __imp__WSAAddressToStringA@20 005902cc     ws2_32:WS2_32.dll
 0005:000002d0       __imp__WSASocketA@24       005902d0     ws2_32:WS2_32.dll
 0005:000002d4       __imp__WSAIoctl@36         005902d4     ws2_32:WS2_32.dll
 0005:000002d8       __imp__gethostname@8       005902d8     ws2_32:WS2_32.dll
 0005:000002dc       __imp__shutdown@8          005902dc     ws2_32:WS2_32.dll
 0005:000002e0       __imp__setsockopt@20       005902e0     ws2_32:WS2_32.dll
 0005:000002e4       __imp__sendto@24           005902e4     ws2_32:WS2_32.dll
 0005:000002e8       __imp__send@16             005902e8     ws2_32:WS2_32.dll
 0005:000002ec       __imp__recvfrom@24         005902ec     ws2_32:WS2_32.dll
 0005:000002f0       __imp__recv@16             005902f0     ws2_32:WS2_32.dll
 0005:000002f4       __imp__ntohs@4             005902f4     ws2_32:WS2_32.dll
 0005:000002f8       __imp__ntohl@4             005902f8     ws2_32:WS2_32.dll
 0005:000002fc       __imp__listen@8            005902fc     ws2_32:WS2_32.dll
 0005:00000300       __imp__inet_ntoa@4         00590300     ws2_32:WS2_32.dll
 0005:00000304       __imp__inet_addr@4         00590304     ws2_32:WS2_32.dll
 0005:00000308       __imp__htons@4             00590308     ws2_32:WS2_32.dll
 0005:0000030c       __imp__htonl@4             0059030c     ws2_32:WS2_32.dll
 0005:00000310       __imp__getsockopt@20       00590310     ws2_32:WS2_32.dll
 0005:00000314       __imp__getsockname@12      00590314     ws2_32:WS2_32.dll
 0005:00000318       __imp__getpeername@12      00590318     ws2_32:WS2_32.dll
 0005:0000031c       __imp__connect@12          0059031c     ws2_32:WS2_32.dll
 0005:00000320       __imp__closesocket@4       00590320     ws2_32:WS2_32.dll
 0005:00000324       __imp__bind@12             00590324     ws2_32:WS2_32.dll
 0005:00000328       __imp__accept@12           00590328     ws2_32:WS2_32.dll
 0005:0000032c       __imp__WSAGetLastError@0   0059032c     ws2_32:WS2_32.dll
 0005:00000330       __imp__WSACleanup@0        00590330     ws2_32:WS2_32.dll
 0005:00000334       __imp__WSAStartup@8        00590334     ws2_32:WS2_32.dll
 0005:00000338       \177WS2_32_NULL_THUNK_DATA 00590338     ws2_32:WS2_32.dll
 0005:0000037c       __imp__CoCreateGuid@4      0059037c     ole32:ole32.dll
 0005:00000380       \177ole32_NULL_THUNK_DATA  00590380     ole32:ole32.dll
 0005:000003ac       __IMPORT_DESCRIPTOR_ole32  005903ac     ole32:ole32.dll
 0005:000003c0       __IMPORT_DESCRIPTOR_WS2_32 005903c0     ws2_32:WS2_32.dll
 0005:000003d4       __IMPORT_DESCRIPTOR_KERNEL32 005903d4     kernel32:KERNEL32.dll
 0005:000003e8       __IMPORT_DESCRIPTOR_WINMM  005903e8     winmm:WINMM.dll
 0005:000003fc       __NULL_IMPORT_DESCRIPTOR   005903fc     ole32:ole32.dll
